Archive member included to satisfy reference by file (symbol)

c:/st/stm32cubeide_1.11.2/stm32cubeide/plugins/com.st.stm32cube.ide.mcu.externaltools.gnu-tools-for-stm32.10.3-2021.10.win32_1.0.200.202301161003/tools/bin/../lib/gcc/arm-none-eabi/10.3.1/../../../../arm-none-eabi/lib/thumb/v7e-m+dp/hard\libc_nano.a(lib_a-errno.o)
                              ./Core/Src/syscalls.o (__errno)
c:/st/stm32cubeide_1.11.2/stm32cubeide/plugins/com.st.stm32cube.ide.mcu.externaltools.gnu-tools-for-stm32.10.3-2021.10.win32_1.0.200.202301161003/tools/bin/../lib/gcc/arm-none-eabi/10.3.1/../../../../arm-none-eabi/lib/thumb/v7e-m+dp/hard\libc_nano.a(lib_a-exit.o)
                              c:/st/stm32cubeide_1.11.2/stm32cubeide/plugins/com.st.stm32cube.ide.mcu.externaltools.gnu-tools-for-stm32.10.3-2021.10.win32_1.0.200.202301161003/tools/bin/../lib/gcc/arm-none-eabi/10.3.1/../../../../arm-none-eabi/lib/thumb/v7e-m+dp/hard/crt0.o (exit)
c:/st/stm32cubeide_1.11.2/stm32cubeide/plugins/com.st.stm32cube.ide.mcu.externaltools.gnu-tools-for-stm32.10.3-2021.10.win32_1.0.200.202301161003/tools/bin/../lib/gcc/arm-none-eabi/10.3.1/../../../../arm-none-eabi/lib/thumb/v7e-m+dp/hard\libc_nano.a(lib_a-impure.o)
                              c:/st/stm32cubeide_1.11.2/stm32cubeide/plugins/com.st.stm32cube.ide.mcu.externaltools.gnu-tools-for-stm32.10.3-2021.10.win32_1.0.200.202301161003/tools/bin/../lib/gcc/arm-none-eabi/10.3.1/../../../../arm-none-eabi/lib/thumb/v7e-m+dp/hard\libc_nano.a(lib_a-exit.o) (_global_impure_ptr)
c:/st/stm32cubeide_1.11.2/stm32cubeide/plugins/com.st.stm32cube.ide.mcu.externaltools.gnu-tools-for-stm32.10.3-2021.10.win32_1.0.200.202301161003/tools/bin/../lib/gcc/arm-none-eabi/10.3.1/../../../../arm-none-eabi/lib/thumb/v7e-m+dp/hard\libc_nano.a(lib_a-init.o)
                              c:/st/stm32cubeide_1.11.2/stm32cubeide/plugins/com.st.stm32cube.ide.mcu.externaltools.gnu-tools-for-stm32.10.3-2021.10.win32_1.0.200.202301161003/tools/bin/../lib/gcc/arm-none-eabi/10.3.1/../../../../arm-none-eabi/lib/thumb/v7e-m+dp/hard/crt0.o (__libc_init_array)
c:/st/stm32cubeide_1.11.2/stm32cubeide/plugins/com.st.stm32cube.ide.mcu.externaltools.gnu-tools-for-stm32.10.3-2021.10.win32_1.0.200.202301161003/tools/bin/../lib/gcc/arm-none-eabi/10.3.1/../../../../arm-none-eabi/lib/thumb/v7e-m+dp/hard\libc_nano.a(lib_a-memset.o)
                              c:/st/stm32cubeide_1.11.2/stm32cubeide/plugins/com.st.stm32cube.ide.mcu.externaltools.gnu-tools-for-stm32.10.3-2021.10.win32_1.0.200.202301161003/tools/bin/../lib/gcc/arm-none-eabi/10.3.1/../../../../arm-none-eabi/lib/thumb/v7e-m+dp/hard/crt0.o (memset)
c:/st/stm32cubeide_1.11.2/stm32cubeide/plugins/com.st.stm32cube.ide.mcu.externaltools.gnu-tools-for-stm32.10.3-2021.10.win32_1.0.200.202301161003/tools/bin/../lib/gcc/arm-none-eabi/10.3.1/../../../../arm-none-eabi/lib/thumb/v7e-m+dp/hard\libc_nano.a(lib_a-strlen.o)
                              ./Core/Src/main.o (strlen)
c:/st/stm32cubeide_1.11.2/stm32cubeide/plugins/com.st.stm32cube.ide.mcu.externaltools.gnu-tools-for-stm32.10.3-2021.10.win32_1.0.200.202301161003/tools/bin/../lib/gcc/arm-none-eabi/10.3.1/thumb/v7e-m+dp/hard\libgcc.a(_aeabi_uldivmod.o)
                              ./Drivers/STM32H7xx_HAL_Driver/stm32h7xx_hal_uart.o (__aeabi_uldivmod)
c:/st/stm32cubeide_1.11.2/stm32cubeide/plugins/com.st.stm32cube.ide.mcu.externaltools.gnu-tools-for-stm32.10.3-2021.10.win32_1.0.200.202301161003/tools/bin/../lib/gcc/arm-none-eabi/10.3.1/thumb/v7e-m+dp/hard\libgcc.a(_udivmoddi4.o)
                              c:/st/stm32cubeide_1.11.2/stm32cubeide/plugins/com.st.stm32cube.ide.mcu.externaltools.gnu-tools-for-stm32.10.3-2021.10.win32_1.0.200.202301161003/tools/bin/../lib/gcc/arm-none-eabi/10.3.1/thumb/v7e-m+dp/hard\libgcc.a(_aeabi_uldivmod.o) (__udivmoddi4)
c:/st/stm32cubeide_1.11.2/stm32cubeide/plugins/com.st.stm32cube.ide.mcu.externaltools.gnu-tools-for-stm32.10.3-2021.10.win32_1.0.200.202301161003/tools/bin/../lib/gcc/arm-none-eabi/10.3.1/thumb/v7e-m+dp/hard\libgcc.a(_dvmd_tls.o)
                              c:/st/stm32cubeide_1.11.2/stm32cubeide/plugins/com.st.stm32cube.ide.mcu.externaltools.gnu-tools-for-stm32.10.3-2021.10.win32_1.0.200.202301161003/tools/bin/../lib/gcc/arm-none-eabi/10.3.1/thumb/v7e-m+dp/hard\libgcc.a(_aeabi_uldivmod.o) (__aeabi_ldiv0)

Discarded input sections

 .text          0x0000000000000000        0x0 c:/st/stm32cubeide_1.11.2/stm32cubeide/plugins/com.st.stm32cube.ide.mcu.externaltools.gnu-tools-for-stm32.10.3-2021.10.win32_1.0.200.202301161003/tools/bin/../lib/gcc/arm-none-eabi/10.3.1/thumb/v7e-m+dp/hard/crti.o
 .data          0x0000000000000000        0x0 c:/st/stm32cubeide_1.11.2/stm32cubeide/plugins/com.st.stm32cube.ide.mcu.externaltools.gnu-tools-for-stm32.10.3-2021.10.win32_1.0.200.202301161003/tools/bin/../lib/gcc/arm-none-eabi/10.3.1/thumb/v7e-m+dp/hard/crti.o
[...]
Memory Configuration

Name             Origin             Length             Attributes
RAM_D1           0x0000000024000000 0x0000000000080000 xrw
FLASH            0x0000000008000000 0x0000000000100000 xr
DTCMRAM          0x0000000020000000 0x0000000000020000 xrw
RAM_D2           0x0000000030000000 0x0000000000048000 xrw
RAM_D3           0x0000000038000000 0x0000000000010000 xrw
ITCMRAM          0x0000000000000000 0x0000000000010000 xrw
*default*        0x0000000000000000 0xffffffffffffffff

Linker script and memory map

LOAD c:/st/stm32cubeide_1.11.2/stm32cubeide/plugins/com.st.stm32cube.ide.mcu.externaltools.gnu-tools-for-stm32.10.3-2021.10.win32_1.0.200.202301161003/tools/bin/../lib/gcc/arm-none-eabi/10.3.1/thumb/v7e-m+dp/hard/crti.o
LOAD c:/st/stm32cubeide_1.11.2/stm32cubeide/plugins/com.st.stm32cube.ide.mcu.externaltools.gnu-tools-for-stm32.10.3-2021.10.win32_1.0.200.202301161003/tools/bin/../lib/gcc/arm-none-eabi/10.3.1/thumb/v7e-m+dp/hard/crtbegin.o
LOAD c:/st/stm32cubeide_1.11.2/stm32cubeide/plugins/com.st.stm32cube.ide.mcu.externaltools.gnu-tools-for-stm32.10.3-2021.10.win32_1.0.200.202301161003/tools/bin/../lib/gcc/arm-none-eabi/10.3.1/../../../../arm-none-eabi/lib/thumb/v7e-m+dp/hard/crt0.o
LOAD ./Common/Src/system_stm32h7xx_dualcore_boot_cm4_cm7.o
LOAD ./Core/Src/main.o
LOAD ./Core/Src/stm32h7xx_hal_msp.o
LOAD ./Core/Src/stm32h7xx_it.o
LOAD ./Core/Src/syscalls.o
LOAD ./Core/Src/sysmem.o
LOAD ./Core/Startup/startup_stm32h747xihx.o
LOAD ./Drivers/STM32H7xx_HAL_Driver/stm32h7xx_hal.o
LOAD ./Drivers/STM32H7xx_HAL_Driver/stm32h7xx_hal_cortex.o
LOAD ./Drivers/STM32H7xx_HAL_Driver/stm32h7xx_hal_dma.o
LOAD ./Drivers/STM32H7xx_HAL_Driver/stm32h7xx_hal_dma_ex.o
LOAD ./Drivers/STM32H7xx_HAL_Driver/stm32h7xx_hal_exti.o
LOAD ./Drivers/STM32H7xx_HAL_Driver/stm32h7xx_hal_flash.o
LOAD ./Drivers/STM32H7xx_HAL_Driver/stm32h7xx_hal_flash_ex.o
LOAD ./Drivers/STM32H7xx_HAL_Driver/stm32h7xx_hal_gpio.o
LOAD ./Drivers/STM32H7xx_HAL_Driver/stm32h7xx_hal_hsem.o
LOAD ./Drivers/STM32H7xx_HAL_Driver/stm32h7xx_hal_i2c.o
LOAD ./Drivers/STM32H7xx_HAL_Driver/stm32h7xx_hal_i2c_ex.o
LOAD ./Drivers/STM32H7xx_HAL_Driver/stm32h7xx_hal_mdma.o
LOAD ./Drivers/STM32H7xx_HAL_Driver/stm32h7xx_hal_pwr.o
LOAD ./Drivers/STM32H7xx_HAL_Driver/stm32h7xx_hal_pwr_ex.o
LOAD ./Drivers/STM32H7xx_HAL_Driver/stm32h7xx_hal_rcc.o
LOAD ./Drivers/STM32H7xx_HAL_Driver/stm32h7xx_hal_rcc_ex.o
LOAD ./Drivers/STM32H7xx_HAL_Driver/stm32h7xx_hal_sd.o
LOAD ./Drivers/STM32H7xx_HAL_Driver/stm32h7xx_hal_sd_ex.o
LOAD ./Drivers/STM32H7xx_HAL_Driver/stm32h7xx_hal_tim.o
LOAD ./Drivers/STM32H7xx_HAL_Driver/stm32h7xx_hal_tim_ex.o
LOAD ./Drivers/STM32H7xx_HAL_Driver/stm32h7xx_hal_uart.o
LOAD ./Drivers/STM32H7xx_HAL_Driver/stm32h7xx_hal_uart_ex.o
LOAD ./Drivers/STM32H7xx_HAL_Driver/stm32h7xx_ll_delayblock.o
LOAD ./Drivers/STM32H7xx_HAL_Driver/stm32h7xx_ll_sdmmc.o
LOAD ./FATFS/App/fatfs.o
LOAD ./FATFS/Target/bsp_driver_sd.o
LOAD ./FATFS/Target/fatfs_platform.o
LOAD ./FATFS/Target/sd_diskio.o
LOAD ./Middlewares/Third_Party/FatFs/diskio.o
LOAD ./Middlewares/Third_Party/FatFs/ff.o
LOAD ./Middlewares/Third_Party/FatFs/ff_gen_drv.o
LOAD ./Middlewares/Third_Party/FatFs/syscall.o
START GROUP
LOAD c:/st/stm32cubeide_1.11.2/stm32cubeide/plugins/com.st.stm32cube.ide.mcu.externaltools.gnu-tools-for-stm32.10.3-2021.10.win32_1.0.200.202301161003/tools/bin/../lib/gcc/arm-none-eabi/10.3.1/../../../../arm-none-eabi/lib/thumb/v7e-m+dp/hard\libc_nano.a
LOAD c:/st/stm32cubeide_1.11.2/stm32cubeide/plugins/com.st.stm32cube.ide.mcu.externaltools.gnu-tools-for-stm32.10.3-2021.10.win32_1.0.200.202301161003/tools/bin/../lib/gcc/arm-none-eabi/10.3.1/../../../../arm-none-eabi/lib/thumb/v7e-m+dp/hard\libm.a
END GROUP
START GROUP
LOAD c:/st/stm32cubeide_1.11.2/stm32cubeide/plugins/com.st.stm32cube.ide.mcu.externaltools.gnu-tools-for-stm32.10.3-2021.10.win32_1.0.200.202301161003/tools/bin/../lib/gcc/arm-none-eabi/10.3.1/thumb/v7e-m+dp/hard\libgcc.a
LOAD c:/st/stm32cubeide_1.11.2/stm32cubeide/plugins/com.st.stm32cube.ide.mcu.externaltools.gnu-tools-for-stm32.10.3-2021.10.win32_1.0.200.202301161003/tools/bin/../lib/gcc/arm-none-eabi/10.3.1/../../../../arm-none-eabi/lib/thumb/v7e-m+dp/hard\libc_nano.a
END GROUP
START GROUP
LOAD c:/st/stm32cubeide_1.11.2/stm32cubeide/plugins/com.st.stm32cube.ide.mcu.externaltools.gnu-tools-for-stm32.10.3-2021.10.win32_1.0.200.202301161003/tools/bin/../lib/gcc/arm-none-eabi/10.3.1/thumb/v7e-m+dp/hard\libgcc.a
LOAD c:/st/stm32cubeide_1.11.2/stm32cubeide/plugins/com.st.stm32cube.ide.mcu.externaltools.gnu-tools-for-stm32.10.3-2021.10.win32_1.0.200.202301161003/tools/bin/../lib/gcc/arm-none-eabi/10.3.1/../../../../arm-none-eabi/lib/thumb/v7e-m+dp/hard\libc_nano.a
LOAD c:/st/stm32cubeide_1.11.2/stm32cubeide/plugins/com.st.stm32cube.ide.mcu.externaltools.gnu-tools-for-stm32.10.3-2021.10.win32_1.0.200.202301161003/tools/bin/../lib/gcc/arm-none-eabi/10.3.1/../../../../arm-none-eabi/lib/thumb/v7e-m+dp/hard\libnosys.a
END GROUP
START GROUP
LOAD c:/st/stm32cubeide_1.11.2/stm32cubeide/plugins/com.st.stm32cube.ide.mcu.externaltools.gnu-tools-for-stm32.10.3-2021.10.win32_1.0.200.202301161003/tools/bin/../lib/gcc/arm-none-eabi/10.3.1/thumb/v7e-m+dp/hard\libgcc.a
LOAD c:/st/stm32cubeide_1.11.2/stm32cubeide/plugins/com.st.stm32cube.ide.mcu.externaltools.gnu-tools-for-stm32.10.3-2021.10.win32_1.0.200.202301161003/tools/bin/../lib/gcc/arm-none-eabi/10.3.1/../../../../arm-none-eabi/lib/thumb/v7e-m+dp/hard\libc_nano.a
LOAD c:/st/stm32cubeide_1.11.2/stm32cubeide/plugins/com.st.stm32cube.ide.mcu.externaltools.gnu-tools-for-stm32.10.3-2021.10.win32_1.0.200.202301161003/tools/bin/../lib/gcc/arm-none-eabi/10.3.1/../../../../arm-none-eabi/lib/thumb/v7e-m+dp/hard\libnosys.a
END GROUP
LOAD c:/st/stm32cubeide_1.11.2/stm32cubeide/plugins/com.st.stm32cube.ide.mcu.externaltools.gnu-tools-for-stm32.10.3-2021.10.win32_1.0.200.202301161003/tools/bin/../lib/gcc/arm-none-eabi/10.3.1/thumb/v7e-m+dp/hard/crtend.o
LOAD c:/st/stm32cubeide_1.11.2/stm32cubeide/plugins/com.st.stm32cube.ide.mcu.externaltools.gnu-tools-for-stm32.10.3-2021.10.win32_1.0.200.202301161003/tools/bin/../lib/gcc/arm-none-eabi/10.3.1/thumb/v7e-m+dp/hard/crtn.o
                0x0000000024080000                _estack = (ORIGIN (RAM_D1) + LENGTH (RAM_D1))
                0x0000000000000200                _Min_Heap_Size = 0x200
                0x0000000000000400                _Min_Stack_Size = 0x400

.isr_vector     0x0000000008000000      0x298
                0x0000000008000000                . = ALIGN (0x4)
 *(.isr_vector)
 .isr_vector    0x0000000008000000      0x298 ./Core/Startup/startup_stm32h747xihx.o
                0x0000000008000000                g_pfnVectors
                0x0000000008000298                . = ALIGN (0x4)

.text           0x0000000008000298     0xaf98
                0x0000000008000298                . = ALIGN (0x4)
 *(.text)
 .text          0x0000000008000298       0x40 c:/st/stm32cubeide_1.11.2/stm32cubeide/plugins/com.st.stm32cube.ide.mcu.externaltools.gnu-tools-for-stm32.10.3-2021.10.win32_1.0.200.202301161003/tools/bin/../lib/gcc/arm-none-eabi/10.3.1/thumb/v7e-m+dp/hard/crtbegin.o
 .text          0x00000000080002d8       0x10 c:/st/stm32cubeide_1.11.2/stm32cubeide/plugins/com.st.stm32cube.ide.mcu.externaltools.gnu-tools-for-stm32.10.3-2021.10.win32_1.0.200.202301161003/tools/bin/../lib/gcc/arm-none-eabi/10.3.1/../../../../arm-none-eabi/lib/thumb/v7e-m+dp/hard\libc_nano.a(lib_a-strlen.o)
                0x00000000080002d8                strlen
 .text          0x00000000080002e8       0x30 c:/st/stm32cubeide_1.11.2/stm32cubeide/plugins/com.st.stm32cube.ide.mcu.externaltools.gnu-tools-for-stm32.10.3-2021.10.win32_1.0.200.202301161003/tools/bin/../lib/gcc/arm-none-eabi/10.3.1/thumb/v7e-m+dp/hard\libgcc.a(_aeabi_uldivmod.o)
                0x00000000080002e8                __aeabi_uldivmod
 .text          0x0000000008000318      0x2d0 c:/st/stm32cubeide_1.11.2/stm32cubeide/plugins/com.st.stm32cube.ide.mcu.externaltools.gnu-tools-for-stm32.10.3-2021.10.win32_1.0.200.202301161003/tools/bin/../lib/gcc/arm-none-eabi/10.3.1/thumb/v7e-m+dp/hard\libgcc.a(_udivmoddi4.o)
                0x0000000008000318                __udivmoddi4
 .text          0x00000000080005e8        0x4 c:/st/stm32cubeide_1.11.2/stm32cubeide/plugins/com.st.stm32cube.ide.mcu.externaltools.gnu-tools-for-stm32.10.3-2021.10.win32_1.0.200.202301161003/tools/bin/../lib/gcc/arm-none-eabi/10.3.1/thumb/v7e-m+dp/hard\libgcc.a(_dvmd_tls.o)
                0x00000000080005e8                __aeabi_idiv0
                0x00000000080005e8                __aeabi_ldiv0
 *(.text*)
 .text.SystemInit
                0x00000000080005ec      0x12c ./Common/Src/system_stm32h7xx_dualcore_boot_cm4_cm7.o
                0x00000000080005ec                SystemInit
 .text.main     0x0000000008000718      0x1ec ./Core/Src/main.o
                0x0000000008000718                main
 .text.SystemClock_Config
                0x0000000008000904      0x10c ./Core/Src/main.o
                0x0000000008000904                SystemClock_Config
 .text.PeriphCommonClock_Config
                0x0000000008000a10       0x5e ./Core/Src/main.o
                0x0000000008000a10                PeriphCommonClock_Config
 *fill*         0x0000000008000a6e        0x2 
 .text.MX_SDMMC1_SD_Init
                0x0000000008000a70       0x48 ./Core/Src/main.o
 .text.MX_USART1_UART_Init
                0x0000000008000ab8       0x98 ./Core/Src/main.o
 .text.MX_GPIO_Init
                0x0000000008000b50      0x128 ./Core/Src/main.o
 .text.Error_Handler
                0x0000000008000c78        0xa ./Core/Src/main.o
                0x0000000008000c78                Error_Handler
 *fill*         0x0000000008000c82        0x2 
 .text.HAL_MspInit
                0x0000000008000c84       0x34 ./Core/Src/stm32h7xx_hal_msp.o
                0x0000000008000c84                HAL_MspInit
 .text.HAL_SD_MspInit
                0x0000000008000cb8      0x11c ./Core/Src/stm32h7xx_hal_msp.o
                0x0000000008000cb8                HAL_SD_MspInit
 .text.HAL_UART_MspInit
                0x0000000008000dd4       0xd4 ./Core/Src/stm32h7xx_hal_msp.o
                0x0000000008000dd4                HAL_UART_MspInit
 .text.NMI_Handler
                0x0000000008000ea8        0x6 ./Core/Src/stm32h7xx_it.o
                0x0000000008000ea8                NMI_Handler
 .text.HardFault_Handler
                0x0000000008000eae        0x6 ./Core/Src/stm32h7xx_it.o
                0x0000000008000eae                HardFault_Handler
 .text.MemManage_Handler
                0x0000000008000eb4        0x6 ./Core/Src/stm32h7xx_it.o
                0x0000000008000eb4                MemManage_Handler
 .text.BusFault_Handler
                0x0000000008000eba        0x6 ./Core/Src/stm32h7xx_it.o
                0x0000000008000eba                BusFault_Handler
 .text.UsageFault_Handler
                0x0000000008000ec0        0x6 ./Core/Src/stm32h7xx_it.o
                0x0000000008000ec0                UsageFault_Handler
 .text.SVC_Handler
                0x0000000008000ec6        0xe ./Core/Src/stm32h7xx_it.o
                0x0000000008000ec6                SVC_Handler
 .text.DebugMon_Handler
                0x0000000008000ed4        0xe ./Core/Src/stm32h7xx_it.o
                0x0000000008000ed4                DebugMon_Handler
 .text.PendSV_Handler
                0x0000000008000ee2        0xe ./Core/Src/stm32h7xx_it.o
                0x0000000008000ee2                PendSV_Handler
 .text.SysTick_Handler
                0x0000000008000ef0        0xc ./Core/Src/stm32h7xx_it.o
                0x0000000008000ef0                SysTick_Handler
 .text.Reset_Handler
                0x0000000008000efc       0x50 ./Core/Startup/startup_stm32h747xihx.o
                0x0000000008000efc                Reset_Handler
 .text.Default_Handler
                0x0000000008000f4c        0x2 ./Core/Startup/startup_stm32h747xihx.o
                0x0000000008000f4c                RTC_Alarm_IRQHandler
                0x0000000008000f4c                EXTI2_IRQHandler
                0x0000000008000f4c                TIM8_CC_IRQHandler
                0x0000000008000f4c                HRTIM1_Master_IRQHandler
                0x0000000008000f4c                UART8_IRQHandler
                0x0000000008000f4c                SPI4_IRQHandler
                0x0000000008000f4c                TIM1_CC_IRQHandler
                0x0000000008000f4c                BDMA_Channel6_IRQHandler
                0x0000000008000f4c                DMA2_Stream5_IRQHandler
                0x0000000008000f4c                HRTIM1_FLT_IRQHandler
                0x0000000008000f4c                JPEG_IRQHandler
                0x0000000008000f4c                DMA1_Stream5_IRQHandler
                0x0000000008000f4c                BDMA_Channel1_IRQHandler
                0x0000000008000f4c                HRTIM1_TIMD_IRQHandler
                0x0000000008000f4c                TAMP_STAMP_IRQHandler
                0x0000000008000f4c                EXTI3_IRQHandler
                0x0000000008000f4c                LPTIM4_IRQHandler
                0x0000000008000f4c                TIM8_TRG_COM_TIM14_IRQHandler
                0x0000000008000f4c                LPTIM2_IRQHandler
                0x0000000008000f4c                DFSDM1_FLT1_IRQHandler
                0x0000000008000f4c                DMAMUX2_OVR_IRQHandler
                0x0000000008000f4c                TIM8_UP_TIM13_IRQHandler
                0x0000000008000f4c                I2C3_ER_IRQHandler
                0x0000000008000f4c                DFSDM1_FLT2_IRQHandler
                0x0000000008000f4c                MDMA_IRQHandler
                0x0000000008000f4c                LPTIM3_IRQHandler
                0x0000000008000f4c                HSEM1_IRQHandler
                0x0000000008000f4c                EXTI0_IRQHandler
                0x0000000008000f4c                I2C2_EV_IRQHandler
                0x0000000008000f4c                DMA1_Stream2_IRQHandler
                0x0000000008000f4c                FPU_IRQHandler
                0x0000000008000f4c                OTG_HS_WKUP_IRQHandler
                0x0000000008000f4c                FDCAN1_IT1_IRQHandler
                0x0000000008000f4c                LTDC_ER_IRQHandler
                0x0000000008000f4c                DMA2_Stream2_IRQHandler
                0x0000000008000f4c                HRTIM1_TIME_IRQHandler
                0x0000000008000f4c                SPI1_IRQHandler
                0x0000000008000f4c                TIM6_DAC_IRQHandler
                0x0000000008000f4c                DCMI_IRQHandler
                0x0000000008000f4c                HRTIM1_TIMC_IRQHandler
                0x0000000008000f4c                DMA2_Stream3_IRQHandler
                0x0000000008000f4c                SAI2_IRQHandler
                0x0000000008000f4c                DFSDM1_FLT3_IRQHandler
                0x0000000008000f4c                USART6_IRQHandler
                0x0000000008000f4c                TIM17_IRQHandler
                0x0000000008000f4c                USART3_IRQHandler
                0x0000000008000f4c                BDMA_Channel7_IRQHandler
                0x0000000008000f4c                LPTIM5_IRQHandler
                0x0000000008000f4c                UART5_IRQHandler
                0x0000000008000f4c                ADC3_IRQHandler
                0x0000000008000f4c                DMA2_Stream0_IRQHandler
                0x0000000008000f4c                TIM4_IRQHandler
                0x0000000008000f4c                BDMA_Channel2_IRQHandler
                0x0000000008000f4c                QUADSPI_IRQHandler
                0x0000000008000f4c                I2C1_EV_IRQHandler
                0x0000000008000f4c                DMA1_Stream6_IRQHandler
                0x0000000008000f4c                DMAMUX1_OVR_IRQHandler
                0x0000000008000f4c                DMA1_Stream1_IRQHandler
                0x0000000008000f4c                TIM16_IRQHandler
                0x0000000008000f4c                UART4_IRQHandler
                0x0000000008000f4c                BDMA_Channel5_IRQHandler
                0x0000000008000f4c                TIM3_IRQHandler
                0x0000000008000f4c                RCC_IRQHandler
                0x0000000008000f4c                TIM8_BRK_TIM12_IRQHandler
                0x0000000008000f4c                TIM1_TRG_COM_IRQHandler
                0x0000000008000f4c                Default_Handler
                0x0000000008000f4c                ECC_IRQHandler
                0x0000000008000f4c                CEC_IRQHandler
                0x0000000008000f4c                EXTI15_10_IRQHandler
                0x0000000008000f4c                BDMA_Channel0_IRQHandler
                0x0000000008000f4c                ADC_IRQHandler
                0x0000000008000f4c                DMA1_Stream7_IRQHandler
                0x0000000008000f4c                HRTIM1_TIMA_IRQHandler
                0x0000000008000f4c                SPI5_IRQHandler
                0x0000000008000f4c                TIM7_IRQHandler
                0x0000000008000f4c                SDMMC1_IRQHandler
                0x0000000008000f4c                TIM5_IRQHandler
                0x0000000008000f4c                DMA2_Stream7_IRQHandler
                0x0000000008000f4c                TIM15_IRQHandler
                0x0000000008000f4c                PVD_AVD_IRQHandler
                0x0000000008000f4c                I2C3_EV_IRQHandler
                0x0000000008000f4c                EXTI9_5_IRQHandler
                0x0000000008000f4c                RTC_WKUP_IRQHandler
                0x0000000008000f4c                LTDC_IRQHandler
                0x0000000008000f4c                SAI3_IRQHandler
                0x0000000008000f4c                ETH_WKUP_IRQHandler
                0x0000000008000f4c                SPDIF_RX_IRQHandler
                0x0000000008000f4c                SPI2_IRQHandler
                0x0000000008000f4c                OTG_HS_EP1_IN_IRQHandler
                0x0000000008000f4c                DMA1_Stream0_IRQHandler
                0x0000000008000f4c                CRS_IRQHandler
                0x0000000008000f4c                CM7_SEV_IRQHandler
                0x0000000008000f4c                EXTI4_IRQHandler
                0x0000000008000f4c                RNG_IRQHandler
                0x0000000008000f4c                CM4_SEV_IRQHandler
                0x0000000008000f4c                HRTIM1_TIMB_IRQHandler
                0x0000000008000f4c                FDCAN2_IT1_IRQHandler
                0x0000000008000f4c                DSI_IRQHandler
                0x0000000008000f4c                ETH_IRQHandler
                0x0000000008000f4c                TIM1_UP_IRQHandler
                0x0000000008000f4c                WWDG_RST_IRQHandler
                0x0000000008000f4c                BDMA_Channel4_IRQHandler
                0x0000000008000f4c                OTG_HS_EP1_OUT_IRQHandler
                0x0000000008000f4c                WWDG_IRQHandler
                0x0000000008000f4c                SPI6_IRQHandler
                0x0000000008000f4c                MDIOS_IRQHandler
                0x0000000008000f4c                I2C4_EV_IRQHandler
                0x0000000008000f4c                FDCAN2_IT0_IRQHandler
                0x0000000008000f4c                LPUART1_IRQHandler
                0x0000000008000f4c                FDCAN1_IT0_IRQHandler
                0x0000000008000f4c                TIM2_IRQHandler
                0x0000000008000f4c                OTG_FS_WKUP_IRQHandler
                0x0000000008000f4c                OTG_HS_IRQHandler
                0x0000000008000f4c                HSEM2_IRQHandler
                0x0000000008000f4c                DMA2D_IRQHandler
                0x0000000008000f4c                TIM1_BRK_IRQHandler
                0x0000000008000f4c                EXTI1_IRQHandler
                0x0000000008000f4c                SDMMC2_IRQHandler
                0x0000000008000f4c                OTG_FS_EP1_OUT_IRQHandler
                0x0000000008000f4c                BDMA_Channel3_IRQHandler
                0x0000000008000f4c                HOLD_CORE_IRQHandler
                0x0000000008000f4c                UART7_IRQHandler
                0x0000000008000f4c                MDIOS_WKUP_IRQHandler
                0x0000000008000f4c                USART2_IRQHandler
                0x0000000008000f4c                DFSDM1_FLT0_IRQHandler
                0x0000000008000f4c                SAI4_IRQHandler
                0x0000000008000f4c                I2C2_ER_IRQHandler
                0x0000000008000f4c                DMA2_Stream1_IRQHandler
                0x0000000008000f4c                FLASH_IRQHandler
                0x0000000008000f4c                DMA2_Stream4_IRQHandler
                0x0000000008000f4c                USART1_IRQHandler
                0x0000000008000f4c                OTG_FS_IRQHandler
                0x0000000008000f4c                SPI3_IRQHandler
                0x0000000008000f4c                WAKEUP_PIN_IRQHandler
                0x0000000008000f4c                DMA1_Stream4_IRQHandler
                0x0000000008000f4c                OTG_FS_EP1_IN_IRQHandler
                0x0000000008000f4c                I2C1_ER_IRQHandler
                0x0000000008000f4c                FMC_IRQHandler
                0x0000000008000f4c                FDCAN_CAL_IRQHandler
                0x0000000008000f4c                SWPMI1_IRQHandler
                0x0000000008000f4c                COMP1_IRQHandler
                0x0000000008000f4c                LPTIM1_IRQHandler
                0x0000000008000f4c                I2C4_ER_IRQHandler
                0x0000000008000f4c                DMA2_Stream6_IRQHandler
                0x0000000008000f4c                SAI1_IRQHandler
                0x0000000008000f4c                DMA1_Stream3_IRQHandler
 *fill*         0x0000000008000f4e        0x2 
 .text.HAL_Init
                0x0000000008000f50       0x78 ./Drivers/STM32H7xx_HAL_Driver/stm32h7xx_hal.o
                0x0000000008000f50                HAL_Init
 .text.HAL_InitTick
                0x0000000008000fc8       0x6c ./Drivers/STM32H7xx_HAL_Driver/stm32h7xx_hal.o
                0x0000000008000fc8                HAL_InitTick
 .text.HAL_IncTick
                0x0000000008001034       0x28 ./Drivers/STM32H7xx_HAL_Driver/stm32h7xx_hal.o
                0x0000000008001034                HAL_IncTick
 .text.HAL_GetTick
                0x000000000800105c       0x18 ./Drivers/STM32H7xx_HAL_Driver/stm32h7xx_hal.o
                0x000000000800105c                HAL_GetTick
 .text.HAL_Delay
                0x0000000008001074       0x48 ./Drivers/STM32H7xx_HAL_Driver/stm32h7xx_hal.o
                0x0000000008001074                HAL_Delay
 .text.HAL_GetREVID
                0x00000000080010bc       0x18 ./Drivers/STM32H7xx_HAL_Driver/stm32h7xx_hal.o
                0x00000000080010bc                HAL_GetREVID
 .text.__NVIC_SetPriorityGrouping
                0x00000000080010d4       0x48 ./Drivers/STM32H7xx_HAL_Driver/stm32h7xx_hal_cortex.o
 .text.__NVIC_GetPriorityGrouping
                0x000000000800111c       0x1c ./Drivers/STM32H7xx_HAL_Driver/stm32h7xx_hal_cortex.o
 .text.__NVIC_SetPriority
                0x0000000008001138       0x54 ./Drivers/STM32H7xx_HAL_Driver/stm32h7xx_hal_cortex.o
 .text.NVIC_EncodePriority
                0x000000000800118c       0x66 ./Drivers/STM32H7xx_HAL_Driver/stm32h7xx_hal_cortex.o
 *fill*         0x00000000080011f2        0x2 
 .text.SysTick_Config
                0x00000000080011f4       0x44 ./Drivers/STM32H7xx_HAL_Driver/stm32h7xx_hal_cortex.o
 .text.HAL_NVIC_SetPriorityGrouping
                0x0000000008001238       0x16 ./Drivers/STM32H7xx_HAL_Driver/stm32h7xx_hal_cortex.o
                0x0000000008001238                HAL_NVIC_SetPriorityGrouping
 .text.HAL_NVIC_SetPriority
                0x000000000800124e       0x34 ./Drivers/STM32H7xx_HAL_Driver/stm32h7xx_hal_cortex.o
                0x000000000800124e                HAL_NVIC_SetPriority
 .text.HAL_SYSTICK_Config
                0x0000000008001282       0x18 ./Drivers/STM32H7xx_HAL_Driver/stm32h7xx_hal_cortex.o
                0x0000000008001282                HAL_SYSTICK_Config
 *fill*         0x000000000800129a        0x2 
 .text.HAL_GPIO_Init
                0x000000000800129c      0x360 ./Drivers/STM32H7xx_HAL_Driver/stm32h7xx_hal_gpio.o
                0x000000000800129c                HAL_GPIO_Init
 .text.HAL_GPIO_ReadPin
                0x00000000080015fc       0x30 ./Drivers/STM32H7xx_HAL_Driver/stm32h7xx_hal_gpio.o
                0x00000000080015fc                HAL_GPIO_ReadPin
 .text.HAL_GPIO_WritePin
                0x000000000800162c       0x32 ./Drivers/STM32H7xx_HAL_Driver/stm32h7xx_hal_gpio.o
                0x000000000800162c                HAL_GPIO_WritePin
 .text.HAL_GPIO_TogglePin
                0x000000000800165e       0x34 ./Drivers/STM32H7xx_HAL_Driver/stm32h7xx_hal_gpio.o
                0x000000000800165e                HAL_GPIO_TogglePin
 *fill*         0x0000000008001692        0x2 
 .text.HAL_HSEM_FastTake
                0x0000000008001694       0x34 ./Drivers/STM32H7xx_HAL_Driver/stm32h7xx_hal_hsem.o
                0x0000000008001694                HAL_HSEM_FastTake
 .text.HAL_HSEM_Release
                0x00000000080016c8       0x28 ./Drivers/STM32H7xx_HAL_Driver/stm32h7xx_hal_hsem.o
                0x00000000080016c8                HAL_HSEM_Release
 .text.HAL_PWREx_ConfigSupply
                0x00000000080016f0       0xb4 ./Drivers/STM32H7xx_HAL_Driver/stm32h7xx_hal_pwr_ex.o
                0x00000000080016f0                HAL_PWREx_ConfigSupply
 .text.HAL_RCC_OscConfig
                0x00000000080017a4      0x8b4 ./Drivers/STM32H7xx_HAL_Driver/stm32h7xx_hal_rcc.o
                0x00000000080017a4                HAL_RCC_OscConfig
 .text.HAL_RCC_ClockConfig
                0x0000000008002058      0x36c ./Drivers/STM32H7xx_HAL_Driver/stm32h7xx_hal_rcc.o
                0x0000000008002058                HAL_RCC_ClockConfig
 .text.HAL_RCC_MCOConfig
                0x00000000080023c4       0xd4 ./Drivers/STM32H7xx_HAL_Driver/stm32h7xx_hal_rcc.o
                0x00000000080023c4                HAL_RCC_MCOConfig
 .text.HAL_RCC_GetSysClockFreq
                0x0000000008002498      0x2f4 ./Drivers/STM32H7xx_HAL_Driver/stm32h7xx_hal_rcc.o
                0x0000000008002498                HAL_RCC_GetSysClockFreq
 .text.HAL_RCC_GetHCLKFreq
                0x000000000800278c       0x60 ./Drivers/STM32H7xx_HAL_Driver/stm32h7xx_hal_rcc.o
                0x000000000800278c                HAL_RCC_GetHCLKFreq
 .text.HAL_RCC_GetPCLK1Freq
                0x00000000080027ec       0x2c ./Drivers/STM32H7xx_HAL_Driver/stm32h7xx_hal_rcc.o
                0x00000000080027ec                HAL_RCC_GetPCLK1Freq
 .text.HAL_RCC_GetPCLK2Freq
                0x0000000008002818       0x2c ./Drivers/STM32H7xx_HAL_Driver/stm32h7xx_hal_rcc.o
                0x0000000008002818                HAL_RCC_GetPCLK2Freq
 .text.HAL_RCCEx_PeriphCLKConfig
                0x0000000008002844     0x1494 ./Drivers/STM32H7xx_HAL_Driver/stm32h7xx_hal_rcc_ex.o
                0x0000000008002844                HAL_RCCEx_PeriphCLKConfig
 .text.HAL_RCCEx_GetPeriphCLKFreq
                0x0000000008003cd8      0xb00 ./Drivers/STM32H7xx_HAL_Driver/stm32h7xx_hal_rcc_ex.o
                0x0000000008003cd8                HAL_RCCEx_GetPeriphCLKFreq
 .text.HAL_RCCEx_GetD3PCLK1Freq
                0x00000000080047d8       0x2c ./Drivers/STM32H7xx_HAL_Driver/stm32h7xx_hal_rcc_ex.o
                0x00000000080047d8                HAL_RCCEx_GetD3PCLK1Freq
 .text.HAL_RCCEx_GetPLL2ClockFreq
                0x0000000008004804      0x2a8 ./Drivers/STM32H7xx_HAL_Driver/stm32h7xx_hal_rcc_ex.o
                0x0000000008004804                HAL_RCCEx_GetPLL2ClockFreq
 .text.HAL_RCCEx_GetPLL3ClockFreq
                0x0000000008004aac      0x2a8 ./Drivers/STM32H7xx_HAL_Driver/stm32h7xx_hal_rcc_ex.o
                0x0000000008004aac                HAL_RCCEx_GetPLL3ClockFreq
 .text.HAL_RCCEx_GetPLL1ClockFreq
                0x0000000008004d54      0x2a4 ./Drivers/STM32H7xx_HAL_Driver/stm32h7xx_hal_rcc_ex.o
                0x0000000008004d54                HAL_RCCEx_GetPLL1ClockFreq
 .text.RCCEx_PLL2_Config
                0x0000000008004ff8      0x164 ./Drivers/STM32H7xx_HAL_Driver/stm32h7xx_hal_rcc_ex.o
 .text.RCCEx_PLL3_Config
                0x000000000800515c      0x164 ./Drivers/STM32H7xx_HAL_Driver/stm32h7xx_hal_rcc_ex.o
 .text.HAL_SD_Init
                0x00000000080052c0      0x106 ./Drivers/STM32H7xx_HAL_Driver/stm32h7xx_hal_sd.o
                0x00000000080052c0                HAL_SD_Init
 *fill*         0x00000000080053c6        0x2 
 .text.HAL_SD_InitCard
                0x00000000080053c8      0x138 ./Drivers/STM32H7xx_HAL_Driver/stm32h7xx_hal_sd.o
                0x00000000080053c8                HAL_SD_InitCard
 .text.HAL_SD_ReadBlocks
                0x0000000008005500      0x314 ./Drivers/STM32H7xx_HAL_Driver/stm32h7xx_hal_sd.o
                0x0000000008005500                HAL_SD_ReadBlocks
 .text.HAL_SD_WriteBlocks
                0x0000000008005814      0x31c ./Drivers/STM32H7xx_HAL_Driver/stm32h7xx_hal_sd.o
                0x0000000008005814                HAL_SD_WriteBlocks
 .text.HAL_SD_GetCardCSD
                0x0000000008005b30      0x348 ./Drivers/STM32H7xx_HAL_Driver/stm32h7xx_hal_sd.o
                0x0000000008005b30                HAL_SD_GetCardCSD
 .text.HAL_SD_GetCardStatus
                0x0000000008005e78      0x17c ./Drivers/STM32H7xx_HAL_Driver/stm32h7xx_hal_sd.o
                0x0000000008005e78                HAL_SD_GetCardStatus
 .text.HAL_SD_GetCardInfo
                0x0000000008005ff4       0x58 ./Drivers/STM32H7xx_HAL_Driver/stm32h7xx_hal_sd.o
                0x0000000008005ff4                HAL_SD_GetCardInfo
 .text.HAL_SD_ConfigWideBusOperation
                0x000000000800604c      0x224 ./Drivers/STM32H7xx_HAL_Driver/stm32h7xx_hal_sd.o
                0x000000000800604c                HAL_SD_ConfigWideBusOperation
 .text.HAL_SD_GetCardState
                0x0000000008006270       0x40 ./Drivers/STM32H7xx_HAL_Driver/stm32h7xx_hal_sd.o
                0x0000000008006270                HAL_SD_GetCardState
 .text.SD_InitCard
                0x00000000080062b0      0x19c ./Drivers/STM32H7xx_HAL_Driver/stm32h7xx_hal_sd.o
 .text.SD_PowerON
                0x000000000800644c      0x11c ./Drivers/STM32H7xx_HAL_Driver/stm32h7xx_hal_sd.o
 .text.SD_SendSDStatus
                0x0000000008006568      0x1a0 ./Drivers/STM32H7xx_HAL_Driver/stm32h7xx_hal_sd.o
 .text.SD_SendStatus
                0x0000000008006708       0x50 ./Drivers/STM32H7xx_HAL_Driver/stm32h7xx_hal_sd.o
 .text.SD_WideBus_Enable
                0x0000000008006758       0x96 ./Drivers/STM32H7xx_HAL_Driver/stm32h7xx_hal_sd.o
 .text.SD_WideBus_Disable
                0x00000000080067ee       0x96 ./Drivers/STM32H7xx_HAL_Driver/stm32h7xx_hal_sd.o
 .text.SD_FindSCR
                0x0000000008006884      0x1a0 ./Drivers/STM32H7xx_HAL_Driver/stm32h7xx_hal_sd.o
 .text.HAL_UART_Init
                0x0000000008006a24       0xa0 ./Drivers/STM32H7xx_HAL_Driver/stm32h7xx_hal_uart.o
                0x0000000008006a24                HAL_UART_Init
 .text.HAL_UART_Transmit
                0x0000000008006ac4      0x11c ./Drivers/STM32H7xx_HAL_Driver/stm32h7xx_hal_uart.o
                0x0000000008006ac4                HAL_UART_Transmit
 .text.UART_SetConfig
                0x0000000008006be0      0xad0 ./Drivers/STM32H7xx_HAL_Driver/stm32h7xx_hal_uart.o
                0x0000000008006be0                UART_SetConfig
 .text.UART_AdvFeatureConfig
                0x00000000080076b0      0x144 ./Drivers/STM32H7xx_HAL_Driver/stm32h7xx_hal_uart.o
                0x00000000080076b0                UART_AdvFeatureConfig
 .text.UART_CheckIdleState
                0x00000000080077f4      0x154 ./Drivers/STM32H7xx_HAL_Driver/stm32h7xx_hal_uart.o
                0x00000000080077f4                UART_CheckIdleState
 .text.UART_WaitOnFlagUntilTimeout
                0x0000000008007948       0xce ./Drivers/STM32H7xx_HAL_Driver/stm32h7xx_hal_uart.o
                0x0000000008007948                UART_WaitOnFlagUntilTimeout
 *fill*         0x0000000008007a16        0x2 
 .text.UART_EndRxTransfer
                0x0000000008007a18       0xcc ./Drivers/STM32H7xx_HAL_Driver/stm32h7xx_hal_uart.o
 .text.HAL_UARTEx_DisableFifoMode
                0x0000000008007ae4       0x72 ./Drivers/STM32H7xx_HAL_Driver/stm32h7xx_hal_uart_ex.o
                0x0000000008007ae4                HAL_UARTEx_DisableFifoMode
 .text.HAL_UARTEx_SetTxFifoThreshold
                0x0000000008007b56       0x7c ./Drivers/STM32H7xx_HAL_Driver/stm32h7xx_hal_uart_ex.o
                0x0000000008007b56                HAL_UARTEx_SetTxFifoThreshold
 .text.HAL_UARTEx_SetRxFifoThreshold
                0x0000000008007bd2       0x7c ./Drivers/STM32H7xx_HAL_Driver/stm32h7xx_hal_uart_ex.o
                0x0000000008007bd2                HAL_UARTEx_SetRxFifoThreshold
 *fill*         0x0000000008007c4e        0x2 
 .text.UARTEx_SetNbDataToProcess
                0x0000000008007c50       0x9c ./Drivers/STM32H7xx_HAL_Driver/stm32h7xx_hal_uart_ex.o
 .text.SDMMC_Init
                0x0000000008007cec       0x54 ./Drivers/STM32H7xx_HAL_Driver/stm32h7xx_ll_sdmmc.o
                0x0000000008007cec                SDMMC_Init
 .text.SDMMC_ReadFIFO
                0x0000000008007d40       0x1a ./Drivers/STM32H7xx_HAL_Driver/stm32h7xx_ll_sdmmc.o
                0x0000000008007d40                SDMMC_ReadFIFO
 .text.SDMMC_WriteFIFO
                0x0000000008007d5a       0x22 ./Drivers/STM32H7xx_HAL_Driver/stm32h7xx_ll_sdmmc.o
                0x0000000008007d5a                SDMMC_WriteFIFO
 .text.SDMMC_PowerState_ON
                0x0000000008007d7c       0x22 ./Drivers/STM32H7xx_HAL_Driver/stm32h7xx_ll_sdmmc.o
                0x0000000008007d7c                SDMMC_PowerState_ON
 .text.SDMMC_GetPowerState
                0x0000000008007d9e       0x1c ./Drivers/STM32H7xx_HAL_Driver/stm32h7xx_ll_sdmmc.o
                0x0000000008007d9e                SDMMC_GetPowerState
 *fill*         0x0000000008007dba        0x2 
 .text.SDMMC_SendCommand
                0x0000000008007dbc       0x54 ./Drivers/STM32H7xx_HAL_Driver/stm32h7xx_ll_sdmmc.o
                0x0000000008007dbc                SDMMC_SendCommand
 .text.SDMMC_GetCommandResponse
                0x0000000008007e10       0x1a ./Drivers/STM32H7xx_HAL_Driver/stm32h7xx_ll_sdmmc.o
                0x0000000008007e10                SDMMC_GetCommandResponse
 .text.SDMMC_GetResponse
                0x0000000008007e2a       0x26 ./Drivers/STM32H7xx_HAL_Driver/stm32h7xx_ll_sdmmc.o
                0x0000000008007e2a                SDMMC_GetResponse
 .text.SDMMC_ConfigData
                0x0000000008007e50       0x58 ./Drivers/STM32H7xx_HAL_Driver/stm32h7xx_ll_sdmmc.o
                0x0000000008007e50                SDMMC_ConfigData
 .text.SDMMC_CmdBlockLength
                0x0000000008007ea8       0x46 ./Drivers/STM32H7xx_HAL_Driver/stm32h7xx_ll_sdmmc.o
                0x0000000008007ea8                SDMMC_CmdBlockLength
 .text.SDMMC_CmdReadSingleBlock
                0x0000000008007eee       0x46 ./Drivers/STM32H7xx_HAL_Driver/stm32h7xx_ll_sdmmc.o
                0x0000000008007eee                SDMMC_CmdReadSingleBlock
 .text.SDMMC_CmdReadMultiBlock
                0x0000000008007f34       0x46 ./Drivers/STM32H7xx_HAL_Driver/stm32h7xx_ll_sdmmc.o
                0x0000000008007f34                SDMMC_CmdReadMultiBlock
 .text.SDMMC_CmdWriteSingleBlock
                0x0000000008007f7a       0x46 ./Drivers/STM32H7xx_HAL_Driver/stm32h7xx_ll_sdmmc.o
                0x0000000008007f7a                SDMMC_CmdWriteSingleBlock
 .text.SDMMC_CmdWriteMultiBlock
                0x0000000008007fc0       0x46 ./Drivers/STM32H7xx_HAL_Driver/stm32h7xx_ll_sdmmc.o
                0x0000000008007fc0                SDMMC_CmdWriteMultiBlock
 *fill*         0x0000000008008006        0x2 
 .text.SDMMC_CmdStopTransfer
                0x0000000008008008       0x78 ./Drivers/STM32H7xx_HAL_Driver/stm32h7xx_ll_sdmmc.o
                0x0000000008008008                SDMMC_CmdStopTransfer
 .text.SDMMC_CmdSelDesel
                0x0000000008008080       0x46 ./Drivers/STM32H7xx_HAL_Driver/stm32h7xx_ll_sdmmc.o
                0x0000000008008080                SDMMC_CmdSelDesel
 .text.SDMMC_CmdGoIdleState
                0x00000000080080c6       0x3c ./Drivers/STM32H7xx_HAL_Driver/stm32h7xx_ll_sdmmc.o
                0x00000000080080c6                SDMMC_CmdGoIdleState
 .text.SDMMC_CmdOperCond
                0x0000000008008102       0x40 ./Drivers/STM32H7xx_HAL_Driver/stm32h7xx_ll_sdmmc.o
                0x0000000008008102                SDMMC_CmdOperCond
 .text.SDMMC_CmdAppCommand
                0x0000000008008142       0x46 ./Drivers/STM32H7xx_HAL_Driver/stm32h7xx_ll_sdmmc.o
                0x0000000008008142                SDMMC_CmdAppCommand
 .text.SDMMC_CmdAppOperCommand
                0x0000000008008188       0x40 ./Drivers/STM32H7xx_HAL_Driver/stm32h7xx_ll_sdmmc.o
                0x0000000008008188                SDMMC_CmdAppOperCommand
 .text.SDMMC_CmdBusWidth
                0x00000000080081c8       0x46 ./Drivers/STM32H7xx_HAL_Driver/stm32h7xx_ll_sdmmc.o
                0x00000000080081c8                SDMMC_CmdBusWidth
 .text.SDMMC_CmdSendSCR
                0x000000000800820e       0x44 ./Drivers/STM32H7xx_HAL_Driver/stm32h7xx_ll_sdmmc.o
                0x000000000800820e                SDMMC_CmdSendSCR
 .text.SDMMC_CmdSendCID
                0x0000000008008252       0x3e ./Drivers/STM32H7xx_HAL_Driver/stm32h7xx_ll_sdmmc.o
                0x0000000008008252                SDMMC_CmdSendCID
 .text.SDMMC_CmdSendCSD
                0x0000000008008290       0x40 ./Drivers/STM32H7xx_HAL_Driver/stm32h7xx_ll_sdmmc.o
                0x0000000008008290                SDMMC_CmdSendCSD
 .text.SDMMC_CmdSetRelAdd
                0x00000000080082d0       0x44 ./Drivers/STM32H7xx_HAL_Driver/stm32h7xx_ll_sdmmc.o
                0x00000000080082d0                SDMMC_CmdSetRelAdd
 .text.SDMMC_CmdSendStatus
                0x0000000008008314       0x46 ./Drivers/STM32H7xx_HAL_Driver/stm32h7xx_ll_sdmmc.o
                0x0000000008008314                SDMMC_CmdSendStatus
 .text.SDMMC_CmdStatusRegister
                0x000000000800835a       0x44 ./Drivers/STM32H7xx_HAL_Driver/stm32h7xx_ll_sdmmc.o
                0x000000000800835a                SDMMC_CmdStatusRegister
 *fill*         0x000000000800839e        0x2 
 .text.SDMMC_GetCmdResp1
                0x00000000080083a0      0x1e4 ./Drivers/STM32H7xx_HAL_Driver/stm32h7xx_ll_sdmmc.o
                0x00000000080083a0                SDMMC_GetCmdResp1
 .text.SDMMC_GetCmdResp2
                0x0000000008008584       0x94 ./Drivers/STM32H7xx_HAL_Driver/stm32h7xx_ll_sdmmc.o
                0x0000000008008584                SDMMC_GetCmdResp2
 .text.SDMMC_GetCmdResp3
                0x0000000008008618       0x80 ./Drivers/STM32H7xx_HAL_Driver/stm32h7xx_ll_sdmmc.o
                0x0000000008008618                SDMMC_GetCmdResp3
 .text.SDMMC_GetCmdResp6
                0x0000000008008698       0xf0 ./Drivers/STM32H7xx_HAL_Driver/stm32h7xx_ll_sdmmc.o
                0x0000000008008698                SDMMC_GetCmdResp6
 .text.SDMMC_GetCmdResp7
                0x0000000008008788       0x9c ./Drivers/STM32H7xx_HAL_Driver/stm32h7xx_ll_sdmmc.o
                0x0000000008008788                SDMMC_GetCmdResp7
 .text.SDMMC_GetCmdError
                0x0000000008008824       0x5c ./Drivers/STM32H7xx_HAL_Driver/stm32h7xx_ll_sdmmc.o
 .text.MX_FATFS_Init
                0x0000000008008880       0x24 ./FATFS/App/fatfs.o
                0x0000000008008880                MX_FATFS_Init
 .text.get_fattime
                0x00000000080088a4       0x10 ./FATFS/App/fatfs.o
                0x00000000080088a4                get_fattime
 .text.BSP_SD_Init
                0x00000000080088b4       0x4c ./FATFS/Target/bsp_driver_sd.o
                0x00000000080088b4                BSP_SD_Init
 .text.BSP_SD_ReadBlocks
                0x0000000008008900       0x3c ./FATFS/Target/bsp_driver_sd.o
                0x0000000008008900                BSP_SD_ReadBlocks
 .text.BSP_SD_WriteBlocks
                0x000000000800893c       0x3c ./FATFS/Target/bsp_driver_sd.o
                0x000000000800893c                BSP_SD_WriteBlocks
 .text.BSP_SD_GetCardState
                0x0000000008008978       0x20 ./FATFS/Target/bsp_driver_sd.o
                0x0000000008008978                BSP_SD_GetCardState
 .text.BSP_SD_GetCardInfo
                0x0000000008008998       0x1c ./FATFS/Target/bsp_driver_sd.o
                0x0000000008008998                BSP_SD_GetCardInfo
 .text.BSP_SD_IsDetected
                0x00000000080089b4       0x24 ./FATFS/Target/bsp_driver_sd.o
                0x00000000080089b4                BSP_SD_IsDetected
 .text.BSP_PlatformIsDetected
                0x00000000080089d8       0x2c ./FATFS/Target/fatfs_platform.o
                0x00000000080089d8                BSP_PlatformIsDetected
 .text.SD_CheckStatus
                0x0000000008008a04       0x3c ./FATFS/Target/sd_diskio.o
 .text.SD_initialize
                0x0000000008008a40       0x3c ./FATFS/Target/sd_diskio.o
                0x0000000008008a40                SD_initialize
 .text.SD_status
                0x0000000008008a7c       0x1c ./FATFS/Target/sd_diskio.o
                0x0000000008008a7c                SD_status
 .text.SD_read  0x0000000008008a98       0x42 ./FATFS/Target/sd_diskio.o
                0x0000000008008a98                SD_read
 .text.SD_write
                0x0000000008008ada       0x42 ./FATFS/Target/sd_diskio.o
                0x0000000008008ada                SD_write
 .text.SD_ioctl
                0x0000000008008b1c       0xb0 ./FATFS/Target/sd_diskio.o
                0x0000000008008b1c                SD_ioctl
 .text.disk_status
                0x0000000008008bcc       0x34 ./Middlewares/Third_Party/FatFs/diskio.o
                0x0000000008008bcc                disk_status
 .text.disk_initialize
                0x0000000008008c00       0x4c ./Middlewares/Third_Party/FatFs/diskio.o
                0x0000000008008c00                disk_initialize
 .text.disk_read
                0x0000000008008c4c       0x40 ./Middlewares/Third_Party/FatFs/diskio.o
                0x0000000008008c4c                disk_read
 .text.disk_write
                0x0000000008008c8c       0x40 ./Middlewares/Third_Party/FatFs/diskio.o
                0x0000000008008c8c                disk_write
 .text.disk_ioctl
                0x0000000008008ccc       0x3c ./Middlewares/Third_Party/FatFs/diskio.o
                0x0000000008008ccc                disk_ioctl
 .text.ld_word  0x0000000008008d08       0x30 ./Middlewares/Third_Party/FatFs/ff.o
 .text.ld_dword
                0x0000000008008d38       0x46 ./Middlewares/Third_Party/FatFs/ff.o
 .text.st_word  0x0000000008008d7e       0x36 ./Middlewares/Third_Party/FatFs/ff.o
 .text.st_dword
                0x0000000008008db4       0x58 ./Middlewares/Third_Party/FatFs/ff.o
 .text.mem_cpy  0x0000000008008e0c       0x42 ./Middlewares/Third_Party/FatFs/ff.o
 .text.mem_set  0x0000000008008e4e       0x36 ./Middlewares/Third_Party/FatFs/ff.o
 .text.mem_cmp  0x0000000008008e84       0x4e ./Middlewares/Third_Party/FatFs/ff.o
 .text.chk_chr  0x0000000008008ed2       0x36 ./Middlewares/Third_Party/FatFs/ff.o
 .text.chk_lock
                0x0000000008008f08       0xb8 ./Middlewares/Third_Party/FatFs/ff.o
 .text.enq_lock
                0x0000000008008fc0       0x44 ./Middlewares/Third_Party/FatFs/ff.o
 .text.inc_lock
                0x0000000008009004      0x11c ./Middlewares/Third_Party/FatFs/ff.o
 .text.dec_lock
                0x0000000008009120       0x78 ./Middlewares/Third_Party/FatFs/ff.o
 .text.clear_lock
                0x0000000008009198       0x48 ./Middlewares/Third_Party/FatFs/ff.o
 .text.sync_window
                0x00000000080091e0       0x88 ./Middlewares/Third_Party/FatFs/ff.o
 .text.move_window
                0x0000000008009268       0x5a ./Middlewares/Third_Party/FatFs/ff.o
 *fill*         0x00000000080092c2        0x2 
 .text.sync_fs  0x00000000080092c4       0xdc ./Middlewares/Third_Party/FatFs/ff.o
 .text.clust2sect
                0x00000000080093a0       0x3e ./Middlewares/Third_Party/FatFs/ff.o
 .text.get_fat  0x00000000080093de      0x150 ./Middlewares/Third_Party/FatFs/ff.o
 .text.put_fat  0x000000000800952e      0x1d8 ./Middlewares/Third_Party/FatFs/ff.o
 .text.remove_chain
                0x0000000008009706       0xca ./Middlewares/Third_Party/FatFs/ff.o
 .text.create_chain
                0x00000000080097d0      0x130 ./Middlewares/Third_Party/FatFs/ff.o
 .text.clmt_clust
                0x0000000008009900       0x68 ./Middlewares/Third_Party/FatFs/ff.o
 .text.dir_sdi  0x0000000008009968       0xf6 ./Middlewares/Third_Party/FatFs/ff.o
 .text.dir_next
                0x0000000008009a5e      0x18a ./Middlewares/Third_Party/FatFs/ff.o
 .text.dir_alloc
                0x0000000008009be8       0x8e ./Middlewares/Third_Party/FatFs/ff.o
 .text.ld_clust
                0x0000000008009c76       0x3e ./Middlewares/Third_Party/FatFs/ff.o
 .text.st_clust
                0x0000000008009cb4       0x40 ./Middlewares/Third_Party/FatFs/ff.o
 .text.dir_find
                0x0000000008009cf4       0xaa ./Middlewares/Third_Party/FatFs/ff.o
 .text.dir_register
                0x0000000008009d9e       0x64 ./Middlewares/Third_Party/FatFs/ff.o
 *fill*         0x0000000008009e02        0x2 
 .text.create_name
                0x0000000008009e04      0x128 ./Middlewares/Third_Party/FatFs/ff.o
 .text.follow_path
                0x0000000008009f2c       0xe2 ./Middlewares/Third_Party/FatFs/ff.o
 .text.get_ldnumber
                0x000000000800a00e       0x88 ./Middlewares/Third_Party/FatFs/ff.o
 *fill*         0x000000000800a096        0x2 
 .text.check_fs
                0x000000000800a098       0xac ./Middlewares/Third_Party/FatFs/ff.o
 .text.find_volume
                0x000000000800a144      0x498 ./Middlewares/Third_Party/FatFs/ff.o
 .text.validate
                0x000000000800a5dc       0x6a ./Middlewares/Third_Party/FatFs/ff.o
 *fill*         0x000000000800a646        0x2 
 .text.f_mount  0x000000000800a648       0x8c ./Middlewares/Third_Party/FatFs/ff.o
                0x000000000800a648                f_mount
 .text.f_open   0x000000000800a6d4      0x37c ./Middlewares/Third_Party/FatFs/ff.o
                0x000000000800a6d4                f_open
 .text.f_read   0x000000000800aa50      0x27e ./Middlewares/Third_Party/FatFs/ff.o
                0x000000000800aa50                f_read
 .text.f_write  0x000000000800acce      0x2ea ./Middlewares/Third_Party/FatFs/ff.o
                0x000000000800acce                f_write
 .text.f_sync   0x000000000800afb8       0xfc ./Middlewares/Third_Party/FatFs/ff.o
                0x000000000800afb8                f_sync
 .text.f_close  0x000000000800b0b4       0x54 ./Middlewares/Third_Party/FatFs/ff.o
                0x000000000800b0b4                f_close
 .text.FATFS_LinkDriverEx
                0x000000000800b108       0x98 ./Middlewares/Third_Party/FatFs/ff_gen_drv.o
                0x000000000800b108                FATFS_LinkDriverEx
 .text.FATFS_LinkDriver
                0x000000000800b1a0       0x1e ./Middlewares/Third_Party/FatFs/ff_gen_drv.o
                0x000000000800b1a0                FATFS_LinkDriver
 *fill*         0x000000000800b1be        0x2 
 .text.__libc_init_array
                0x000000000800b1c0       0x48 c:/st/stm32cubeide_1.11.2/stm32cubeide/plugins/com.st.stm32cube.ide.mcu.externaltools.gnu-tools-for-stm32.10.3-2021.10.win32_1.0.200.202301161003/tools/bin/../lib/gcc/arm-none-eabi/10.3.1/../../../../arm-none-eabi/lib/thumb/v7e-m+dp/hard\libc_nano.a(lib_a-init.o)
                0x000000000800b1c0                __libc_init_array
 .text.memset   0x000000000800b208       0x10 c:/st/stm32cubeide_1.11.2/stm32cubeide/plugins/com.st.stm32cube.ide.mcu.externaltools.gnu-tools-for-stm32.10.3-2021.10.win32_1.0.200.202301161003/tools/bin/../lib/gcc/arm-none-eabi/10.3.1/../../../../arm-none-eabi/lib/thumb/v7e-m+dp/hard\libc_nano.a(lib_a-memset.o)
                0x000000000800b208                memset
 *(.glue_7)
 .glue_7        0x000000000800b218        0x0 linker stubs
 *(.glue_7t)
 .glue_7t       0x000000000800b218        0x0 linker stubs
 *(.eh_frame)
 .eh_frame      0x000000000800b218        0x0 c:/st/stm32cubeide_1.11.2/stm32cubeide/plugins/com.st.stm32cube.ide.mcu.externaltools.gnu-tools-for-stm32.10.3-2021.10.win32_1.0.200.202301161003/tools/bin/../lib/gcc/arm-none-eabi/10.3.1/thumb/v7e-m+dp/hard/crtbegin.o
 *(.init)
 .init          0x000000000800b218        0x4 c:/st/stm32cubeide_1.11.2/stm32cubeide/plugins/com.st.stm32cube.ide.mcu.externaltools.gnu-tools-for-stm32.10.3-2021.10.win32_1.0.200.202301161003/tools/bin/../lib/gcc/arm-none-eabi/10.3.1/thumb/v7e-m+dp/hard/crti.o
                0x000000000800b218                _init
 .init          0x000000000800b21c        0x8 c:/st/stm32cubeide_1.11.2/stm32cubeide/plugins/com.st.stm32cube.ide.mcu.externaltools.gnu-tools-for-stm32.10.3-2021.10.win32_1.0.200.202301161003/tools/bin/../lib/gcc/arm-none-eabi/10.3.1/thumb/v7e-m+dp/hard/crtn.o
 *(.fini)
 .fini          0x000000000800b224        0x4 c:/st/stm32cubeide_1.11.2/stm32cubeide/plugins/com.st.stm32cube.ide.mcu.externaltools.gnu-tools-for-stm32.10.3-2021.10.win32_1.0.200.202301161003/tools/bin/../lib/gcc/arm-none-eabi/10.3.1/thumb/v7e-m+dp/hard/crti.o
                0x000000000800b224                _fini
 .fini          0x000000000800b228        0x8 c:/st/stm32cubeide_1.11.2/stm32cubeide/plugins/com.st.stm32cube.ide.mcu.externaltools.gnu-tools-for-stm32.10.3-2021.10.win32_1.0.200.202301161003/tools/bin/../lib/gcc/arm-none-eabi/10.3.1/thumb/v7e-m+dp/hard/crtn.o
                0x000000000800b230                . = ALIGN (0x4)
                0x000000000800b230                _etext = .

.vfp11_veneer   0x000000000800b230        0x0
 .vfp11_veneer  0x000000000800b230        0x0 linker stubs

.v4_bx          0x000000000800b230        0x0
 .v4_bx         0x000000000800b230        0x0 linker stubs

.iplt           0x000000000800b230        0x0
 .iplt          0x000000000800b230        0x0 c:/st/stm32cubeide_1.11.2/stm32cubeide/plugins/com.st.stm32cube.ide.mcu.externaltools.gnu-tools-for-stm32.10.3-2021.10.win32_1.0.200.202301161003/tools/bin/../lib/gcc/arm-none-eabi/10.3.1/thumb/v7e-m+dp/hard/crtbegin.o

.rodata         0x000000000800b230      0x338
                0x000000000800b230                . = ALIGN (0x4)
 *(.rodata)
 .rodata        0x000000000800b230      0x228 ./Core/Src/main.o
 .rodata        0x000000000800b458       0x44 ./Middlewares/Third_Party/FatFs/ff.o
 *(.rodata*)
 .rodata.D1CorePrescTable
                0x000000000800b49c       0x10 ./Common/Src/system_stm32h7xx_dualcore_boot_cm4_cm7.o
                0x000000000800b49c                D1CorePrescTable
 .rodata.UARTPrescTable
                0x000000000800b4ac       0x18 ./Drivers/STM32H7xx_HAL_Driver/stm32h7xx_hal_uart.o
                0x000000000800b4ac                UARTPrescTable
 .rodata.numerator.1
                0x000000000800b4c4        0x8 ./Drivers/STM32H7xx_HAL_Driver/stm32h7xx_hal_uart_ex.o
 .rodata.denominator.0
                0x000000000800b4cc        0x8 ./Drivers/STM32H7xx_HAL_Driver/stm32h7xx_hal_uart_ex.o
 .rodata.SD_Driver
                0x000000000800b4d4       0x14 ./FATFS/Target/sd_diskio.o
                0x000000000800b4d4                SD_Driver
 .rodata.ExCvt  0x000000000800b4e8       0x80 ./Middlewares/Third_Party/FatFs/ff.o
                0x000000000800b568                . = ALIGN (0x4)

.ARM.extab      0x000000000800b568        0x0
                0x000000000800b568                . = ALIGN (0x4)
 *(.ARM.extab* .gnu.linkonce.armextab.*)
                0x000000000800b568                . = ALIGN (0x4)

.ARM            0x000000000800b568        0x8
                0x000000000800b568                . = ALIGN (0x4)
                0x000000000800b568                __exidx_start = .
 *(.ARM.exidx*)
 .ARM.exidx     0x000000000800b568        0x8 c:/st/stm32cubeide_1.11.2/stm32cubeide/plugins/com.st.stm32cube.ide.mcu.externaltools.gnu-tools-for-stm32.10.3-2021.10.win32_1.0.200.202301161003/tools/bin/../lib/gcc/arm-none-eabi/10.3.1/thumb/v7e-m+dp/hard\libgcc.a(_udivmoddi4.o)
                0x000000000800b570                __exidx_end = .
                0x000000000800b570                . = ALIGN (0x4)

.rel.dyn        0x000000000800b570        0x0
 .rel.iplt      0x000000000800b570        0x0 c:/st/stm32cubeide_1.11.2/stm32cubeide/plugins/com.st.stm32cube.ide.mcu.externaltools.gnu-tools-for-stm32.10.3-2021.10.win32_1.0.200.202301161003/tools/bin/../lib/gcc/arm-none-eabi/10.3.1/thumb/v7e-m+dp/hard/crtbegin.o

.preinit_array  0x000000000800b570        0x0
                0x000000000800b570                . = ALIGN (0x4)
                0x000000000800b570                PROVIDE (__preinit_array_start = .)
 *(.preinit_array*)
                0x000000000800b570                PROVIDE (__preinit_array_end = .)
                0x000000000800b570                . = ALIGN (0x4)

.init_array     0x000000000800b570        0x4
                0x000000000800b570                . = ALIGN (0x4)
                0x000000000800b570                PROVIDE (__init_array_start = .)
 *(SORT_BY_NAME(.init_array.*))
 *(.init_array*)
 .init_array    0x000000000800b570        0x4 c:/st/stm32cubeide_1.11.2/stm32cubeide/plugins/com.st.stm32cube.ide.mcu.externaltools.gnu-tools-for-stm32.10.3-2021.10.win32_1.0.200.202301161003/tools/bin/../lib/gcc/arm-none-eabi/10.3.1/thumb/v7e-m+dp/hard/crtbegin.o
                0x000000000800b574                PROVIDE (__init_array_end = .)
                0x000000000800b574                . = ALIGN (0x4)

.fini_array     0x000000000800b574        0x4
                0x000000000800b574                . = ALIGN (0x4)
                [!provide]                        PROVIDE (__fini_array_start = .)
 *(SORT_BY_NAME(.fini_array.*))
 *(.fini_array*)
 .fini_array    0x000000000800b574        0x4 c:/st/stm32cubeide_1.11.2/stm32cubeide/plugins/com.st.stm32cube.ide.mcu.externaltools.gnu-tools-for-stm32.10.3-2021.10.win32_1.0.200.202301161003/tools/bin/../lib/gcc/arm-none-eabi/10.3.1/thumb/v7e-m+dp/hard/crtbegin.o
                [!provide]                        PROVIDE (__fini_array_end = .)
                0x000000000800b578                . = ALIGN (0x4)
                0x000000000800b578                _sidata = LOADADDR (.data)

.data           0x0000000024000000       0x10 load address 0x000000000800b578
                0x0000000024000000                . = ALIGN (0x4)
                0x0000000024000000                _sdata = .
 *(.data)
 *(.data*)
 .data.SystemCoreClock
                0x0000000024000000        0x4 ./Common/Src/system_stm32h7xx_dualcore_boot_cm4_cm7.o
                0x0000000024000000                SystemCoreClock
 .data.SystemD2Clock
                0x0000000024000004        0x4 ./Common/Src/system_stm32h7xx_dualcore_boot_cm4_cm7.o
                0x0000000024000004                SystemD2Clock
 .data.uwTickPrio
                0x0000000024000008        0x4 ./Drivers/STM32H7xx_HAL_Driver/stm32h7xx_hal.o
                0x0000000024000008                uwTickPrio
 .data.uwTickFreq
                0x000000002400000c        0x1 ./Drivers/STM32H7xx_HAL_Driver/stm32h7xx_hal.o
                0x000000002400000c                uwTickFreq
 .data.Stat     0x000000002400000d        0x1 ./FATFS/Target/sd_diskio.o
 *(.RamFunc)
 *(.RamFunc*)
                0x0000000024000010                . = ALIGN (0x4)
 *fill*         0x000000002400000e        0x2 
                0x0000000024000010                _edata = .

.igot.plt       0x0000000024000010        0x0 load address 0x000000000800b588
 .igot.plt      0x0000000024000010        0x0 c:/st/stm32cubeide_1.11.2/stm32cubeide/plugins/com.st.stm32cube.ide.mcu.externaltools.gnu-tools-for-stm32.10.3-2021.10.win32_1.0.200.202301161003/tools/bin/../lib/gcc/arm-none-eabi/10.3.1/thumb/v7e-m+dp/hard/crtbegin.o
                0x0000000024000010                . = ALIGN (0x4)

.bss            0x0000000024000010      0x16c load address 0x000000000800b588
                0x0000000024000010                _sbss = .
                0x0000000024000010                __bss_start__ = _sbss
 *(.bss)
 .bss           0x0000000024000010       0x1c c:/st/stm32cubeide_1.11.2/stm32cubeide/plugins/com.st.stm32cube.ide.mcu.externaltools.gnu-tools-for-stm32.10.3-2021.10.win32_1.0.200.202301161003/tools/bin/../lib/gcc/arm-none-eabi/10.3.1/thumb/v7e-m+dp/hard/crtbegin.o
 *(.bss*)
 .bss.hsd1      0x000000002400002c       0x7c ./Core/Src/main.o
                0x000000002400002c                hsd1
 .bss.huart1    0x00000000240000a8       0x94 ./Core/Src/main.o
                0x00000000240000a8                huart1
 .bss.uwTick    0x000000002400013c        0x4 ./Drivers/STM32H7xx_HAL_Driver/stm32h7xx_hal.o
                0x000000002400013c                uwTick
 .bss.retSD     0x0000000024000140        0x1 ./FATFS/App/fatfs.o
                0x0000000024000140                retSD
 *fill*         0x0000000024000141        0x3 
 .bss.SDPath    0x0000000024000144        0x4 ./FATFS/App/fatfs.o
                0x0000000024000144                SDPath
 .bss.FatFs     0x0000000024000148        0x4 ./Middlewares/Third_Party/FatFs/ff.o
 .bss.Fsid      0x000000002400014c        0x2 ./Middlewares/Third_Party/FatFs/ff.o
 *fill*         0x000000002400014e        0x2 
 .bss.Files     0x0000000024000150       0x20 ./Middlewares/Third_Party/FatFs/ff.o
 .bss.disk      0x0000000024000170        0xc ./Middlewares/Third_Party/FatFs/ff_gen_drv.o
                0x0000000024000170                disk
 *(COMMON)
                0x000000002400017c                . = ALIGN (0x4)
                0x000000002400017c                _ebss = .
                0x000000002400017c                __bss_end__ = _ebss

._user_heap_stack
                0x000000002400017c      0x604 load address 0x000000000800b588
                0x0000000024000180                . = ALIGN (0x8)
 *fill*         0x000000002400017c        0x4 
                [!provide]                        PROVIDE (end = .)
                0x0000000024000180                PROVIDE (_end = .)
                0x0000000024000380                . = (. + _Min_Heap_Size)
 *fill*         0x0000000024000180      0x200 
                0x0000000024000780                . = (. + _Min_Stack_Size)
 *fill*         0x0000000024000380      0x400 
                0x0000000024000780                . = ALIGN (0x8)

/DISCARD/
 libc.a(*)
 libm.a(*)
 libgcc.a(*)

.ARM.attributes
                0x0000000000000000       0x2e
 *(.ARM.attributes)
 .ARM.attributes
                0x0000000000000000       0x1e c:/st/stm32cubeide_1.11.2/stm32cubeide/plugins/com.st.stm32cube.ide.mcu.externaltools.gnu-tools-for-stm32.10.3-2021.10.win32_1.0.200.202301161003/tools/bin/../lib/gcc/arm-none-eabi/10.3.1/thumb/v7e-m+dp/hard/crti.o
 .ARM.attributes
                0x000000000000001e       0x32 c:/st/stm32cubeide_1.11.2/stm32cubeide/plugins/com.st.stm32cube.ide.mcu.externaltools.gnu-tools-for-stm32.10.3-2021.10.win32_1.0.200.202301161003/tools/bin/../lib/gcc/arm-none-eabi/10.3.1/thumb/v7e-m+dp/hard/crtbegin.o
 .ARM.attributes
                0x0000000000000050       0x32 ./Common/Src/system_stm32h7xx_dualcore_boot_cm4_cm7.o
 .ARM.attributes
                0x0000000000000082       0x32 ./Core/Src/main.o
 .ARM.attributes
                0x00000000000000b4       0x32 ./Core/Src/stm32h7xx_hal_msp.o
 .ARM.attributes
                0x00000000000000e6       0x32 ./Core/Src/stm32h7xx_it.o
 .ARM.attributes
                0x0000000000000118       0x21 ./Core/Startup/startup_stm32h747xihx.o
 .ARM.attributes
                0x0000000000000139       0x32 ./Drivers/STM32H7xx_HAL_Driver/stm32h7xx_hal.o
 .ARM.attributes
                0x000000000000016b       0x32 ./Drivers/STM32H7xx_HAL_Driver/stm32h7xx_hal_cortex.o
 .ARM.attributes
                0x000000000000019d       0x32 ./Drivers/STM32H7xx_HAL_Driver/stm32h7xx_hal_gpio.o
 .ARM.attributes
                0x00000000000001cf       0x32 ./Drivers/STM32H7xx_HAL_Driver/stm32h7xx_hal_hsem.o
 .ARM.attributes
                0x0000000000000201       0x32 ./Drivers/STM32H7xx_HAL_Driver/stm32h7xx_hal_pwr_ex.o
 .ARM.attributes
                0x0000000000000233       0x32 ./Drivers/STM32H7xx_HAL_Driver/stm32h7xx_hal_rcc.o
 .ARM.attributes
                0x0000000000000265       0x32 ./Drivers/STM32H7xx_HAL_Driver/stm32h7xx_hal_rcc_ex.o
 .ARM.attributes
                0x0000000000000297       0x32 ./Drivers/STM32H7xx_HAL_Driver/stm32h7xx_hal_sd.o
 .ARM.attributes
                0x00000000000002c9       0x32 ./Drivers/STM32H7xx_HAL_Driver/stm32h7xx_hal_uart.o
 .ARM.attributes
                0x00000000000002fb       0x32 ./Drivers/STM32H7xx_HAL_Driver/stm32h7xx_hal_uart_ex.o
 .ARM.attributes
                0x000000000000032d       0x32 ./Drivers/STM32H7xx_HAL_Driver/stm32h7xx_ll_sdmmc.o
 .ARM.attributes
                0x000000000000035f       0x32 ./FATFS/App/fatfs.o
 .ARM.attributes
                0x0000000000000391       0x32 ./FATFS/Target/bsp_driver_sd.o
 .ARM.attributes
                0x00000000000003c3       0x32 ./FATFS/Target/fatfs_platform.o
 .ARM.attributes
                0x00000000000003f5       0x32 ./FATFS/Target/sd_diskio.o
 .ARM.attributes
                0x0000000000000427       0x32 ./Middlewares/Third_Party/FatFs/diskio.o
 .ARM.attributes
                0x0000000000000459       0x32 ./Middlewares/Third_Party/FatFs/ff.o
 .ARM.attributes
                0x000000000000048b       0x32 ./Middlewares/Third_Party/FatFs/ff_gen_drv.o
 .ARM.attributes
                0x00000000000004bd       0x32 c:/st/stm32cubeide_1.11.2/stm32cubeide/plugins/com.st.stm32cube.ide.mcu.externaltools.gnu-tools-for-stm32.10.3-2021.10.win32_1.0.200.202301161003/tools/bin/../lib/gcc/arm-none-eabi/10.3.1/../../../../arm-none-eabi/lib/thumb/v7e-m+dp/hard\libc_nano.a(lib_a-init.o)
 .ARM.attributes
                0x00000000000004ef       0x32 c:/st/stm32cubeide_1.11.2/stm32cubeide/plugins/com.st.stm32cube.ide.mcu.externaltools.gnu-tools-for-stm32.10.3-2021.10.win32_1.0.200.202301161003/tools/bin/../lib/gcc/arm-none-eabi/10.3.1/../../../../arm-none-eabi/lib/thumb/v7e-m+dp/hard\libc_nano.a(lib_a-memset.o)
 .ARM.attributes
                0x0000000000000521       0x17 c:/st/stm32cubeide_1.11.2/stm32cubeide/plugins/com.st.stm32cube.ide.mcu.externaltools.gnu-tools-for-stm32.10.3-2021.10.win32_1.0.200.202301161003/tools/bin/../lib/gcc/arm-none-eabi/10.3.1/../../../../arm-none-eabi/lib/thumb/v7e-m+dp/hard\libc_nano.a(lib_a-strlen.o)
 .ARM.attributes
                0x0000000000000538       0x1e c:/st/stm32cubeide_1.11.2/stm32cubeide/plugins/com.st.stm32cube.ide.mcu.externaltools.gnu-tools-for-stm32.10.3-2021.10.win32_1.0.200.202301161003/tools/bin/../lib/gcc/arm-none-eabi/10.3.1/thumb/v7e-m+dp/hard\libgcc.a(_aeabi_uldivmod.o)
 .ARM.attributes
                0x0000000000000556       0x32 c:/st/stm32cubeide_1.11.2/stm32cubeide/plugins/com.st.stm32cube.ide.mcu.externaltools.gnu-tools-for-stm32.10.3-2021.10.win32_1.0.200.202301161003/tools/bin/../lib/gcc/arm-none-eabi/10.3.1/thumb/v7e-m+dp/hard\libgcc.a(_udivmoddi4.o)
 .ARM.attributes
                0x0000000000000588       0x1e c:/st/stm32cubeide_1.11.2/stm32cubeide/plugins/com.st.stm32cube.ide.mcu.externaltools.gnu-tools-for-stm32.10.3-2021.10.win32_1.0.200.202301161003/tools/bin/../lib/gcc/arm-none-eabi/10.3.1/thumb/v7e-m+dp/hard\libgcc.a(_dvmd_tls.o)
 .ARM.attributes
                0x00000000000005a6       0x1e c:/st/stm32cubeide_1.11.2/stm32cubeide/plugins/com.st.stm32cube.ide.mcu.externaltools.gnu-tools-for-stm32.10.3-2021.10.win32_1.0.200.202301161003/tools/bin/../lib/gcc/arm-none-eabi/10.3.1/thumb/v7e-m+dp/hard/crtn.o
OUTPUT(stm32h747i-bootloader_CM7.elf elf32-littlearm)
LOAD linker stubs
LOAD c:/st/stm32cubeide_1.11.2/stm32cubeide/plugins/com.st.stm32cube.ide.mcu.externaltools.gnu-tools-for-stm32.10.3-2021.10.win32_1.0.200.202301161003/tools/bin/../lib/gcc/arm-none-eabi/10.3.1/../../../../arm-none-eabi/lib/thumb/v7e-m+dp/hard\libc.a
LOAD c:/st/stm32cubeide_1.11.2/stm32cubeide/plugins/com.st.stm32cube.ide.mcu.externaltools.gnu-tools-for-stm32.10.3-2021.10.win32_1.0.200.202301161003/tools/bin/../lib/gcc/arm-none-eabi/10.3.1/../../../../arm-none-eabi/lib/thumb/v7e-m+dp/hard\libm.a
LOAD c:/st/stm32cubeide_1.11.2/stm32cubeide/plugins/com.st.stm32cube.ide.mcu.externaltools.gnu-tools-for-stm32.10.3-2021.10.win32_1.0.200.202301161003/tools/bin/../lib/gcc/arm-none-eabi/10.3.1/thumb/v7e-m+dp/hard\libgcc.a

.debug_info     0x0000000000000000    0x18453
 .debug_info    0x0000000000000000      0xdca ./Common/Src/system_stm32h7xx_dualcore_boot_cm4_cm7.o
 .debug_info    0x0000000000000dca     0x203b ./Core/Src/main.o
 .debug_info    0x0000000000002e05     0x152f ./Core/Src/stm32h7xx_hal_msp.o
 .debug_info    0x0000000000004334      0x137 ./Core/Src/stm32h7xx_it.o
 .debug_info    0x000000000000446b       0x22 ./Core/Startup/startup_stm32h747xihx.o
 .debug_info    0x000000000000448d     0x182c ./Drivers/STM32H7xx_HAL_Driver/stm32h7xx_hal.o
 .debug_info    0x0000000000005cb9     0x1191 ./Drivers/STM32H7xx_HAL_Driver/stm32h7xx_hal_cortex.o
 .debug_info    0x0000000000006e4a      0xde0 ./Drivers/STM32H7xx_HAL_Driver/stm32h7xx_hal_gpio.o
 .debug_info    0x0000000000007c2a      0x3fd ./Drivers/STM32H7xx_HAL_Driver/stm32h7xx_hal_hsem.o
 .debug_info    0x0000000000008027     0x12c2 ./Drivers/STM32H7xx_HAL_Driver/stm32h7xx_hal_pwr_ex.o
 .debug_info    0x00000000000092e9      0xf48 ./Drivers/STM32H7xx_HAL_Driver/stm32h7xx_hal_rcc.o
 .debug_info    0x000000000000a231     0x13c6 ./Drivers/STM32H7xx_HAL_Driver/stm32h7xx_hal_rcc_ex.o
 .debug_info    0x000000000000b5f7     0x1b97 ./Drivers/STM32H7xx_HAL_Driver/stm32h7xx_hal_sd.o
 .debug_info    0x000000000000d18e     0x4dca ./Drivers/STM32H7xx_HAL_Driver/stm32h7xx_hal_uart.o
 .debug_info    0x0000000000011f58     0x105a ./Drivers/STM32H7xx_HAL_Driver/stm32h7xx_hal_uart_ex.o
 .debug_info    0x0000000000012fb2     0x1315 ./Drivers/STM32H7xx_HAL_Driver/stm32h7xx_ll_sdmmc.o
 .debug_info    0x00000000000142c7      0x520 ./FATFS/App/fatfs.o
 .debug_info    0x00000000000147e7      0x963 ./FATFS/Target/bsp_driver_sd.o
 .debug_info    0x000000000001514a      0x1f3 ./FATFS/Target/fatfs_platform.o
 .debug_info    0x000000000001533d      0x504 ./FATFS/Target/sd_diskio.o
 .debug_info    0x0000000000015841      0x420 ./Middlewares/Third_Party/FatFs/diskio.o
 .debug_info    0x0000000000015c61     0x2423 ./Middlewares/Third_Party/FatFs/ff.o
 .debug_info    0x0000000000018084      0x3cf ./Middlewares/Third_Party/FatFs/ff_gen_drv.o

.debug_abbrev   0x0000000000000000     0x2e36
 .debug_abbrev  0x0000000000000000      0x147 ./Common/Src/system_stm32h7xx_dualcore_boot_cm4_cm7.o
 .debug_abbrev  0x0000000000000147      0x333 ./Core/Src/main.o
 .debug_abbrev  0x000000000000047a      0x20b ./Core/Src/stm32h7xx_hal_msp.o
 .debug_abbrev  0x0000000000000685       0x74 ./Core/Src/stm32h7xx_it.o
 .debug_abbrev  0x00000000000006f9       0x12 ./Core/Startup/startup_stm32h747xihx.o
 .debug_abbrev  0x000000000000070b      0x289 ./Drivers/STM32H7xx_HAL_Driver/stm32h7xx_hal.o
 .debug_abbrev  0x0000000000000994      0x329 ./Drivers/STM32H7xx_HAL_Driver/stm32h7xx_hal_cortex.o
 .debug_abbrev  0x0000000000000cbd      0x1ec ./Drivers/STM32H7xx_HAL_Driver/stm32h7xx_hal_gpio.o
 .debug_abbrev  0x0000000000000ea9      0x1d0 ./Drivers/STM32H7xx_HAL_Driver/stm32h7xx_hal_hsem.o
 .debug_abbrev  0x0000000000001079      0x2bc ./Drivers/STM32H7xx_HAL_Driver/stm32h7xx_hal_pwr_ex.o
 .debug_abbrev  0x0000000000001335      0x2b8 ./Drivers/STM32H7xx_HAL_Driver/stm32h7xx_hal_rcc.o
 .debug_abbrev  0x00000000000015ed      0x25c ./Drivers/STM32H7xx_HAL_Driver/stm32h7xx_hal_rcc_ex.o
 .debug_abbrev  0x0000000000001849      0x25e ./Drivers/STM32H7xx_HAL_Driver/stm32h7xx_hal_sd.o
 .debug_abbrev  0x0000000000001aa7      0x325 ./Drivers/STM32H7xx_HAL_Driver/stm32h7xx_hal_uart.o
 .debug_abbrev  0x0000000000001dcc      0x2bd ./Drivers/STM32H7xx_HAL_Driver/stm32h7xx_hal_uart_ex.o
 .debug_abbrev  0x0000000000002089      0x1fd ./Drivers/STM32H7xx_HAL_Driver/stm32h7xx_ll_sdmmc.o
 .debug_abbrev  0x0000000000002286      0x15a ./FATFS/App/fatfs.o
 .debug_abbrev  0x00000000000023e0      0x253 ./FATFS/Target/bsp_driver_sd.o
 .debug_abbrev  0x0000000000002633      0x105 ./FATFS/Target/fatfs_platform.o
 .debug_abbrev  0x0000000000002738      0x187 ./FATFS/Target/sd_diskio.o
 .debug_abbrev  0x00000000000028bf      0x178 ./Middlewares/Third_Party/FatFs/diskio.o
 .debug_abbrev  0x0000000000002a37      0x269 ./Middlewares/Third_Party/FatFs/ff.o
 .debug_abbrev  0x0000000000002ca0      0x196 ./Middlewares/Third_Party/FatFs/ff_gen_drv.o

.debug_aranges  0x0000000000000000     0x11d8
 .debug_aranges
                0x0000000000000000       0x28 ./Common/Src/system_stm32h7xx_dualcore_boot_cm4_cm7.o
 .debug_aranges
                0x0000000000000028       0x50 ./Core/Src/main.o
 .debug_aranges
                0x0000000000000078       0x40 ./Core/Src/stm32h7xx_hal_msp.o
 .debug_aranges
                0x00000000000000b8       0x60 ./Core/Src/stm32h7xx_it.o
 .debug_aranges
                0x0000000000000118       0x28 ./Core/Startup/startup_stm32h747xihx.o
 .debug_aranges
                0x0000000000000140      0x200 ./Drivers/STM32H7xx_HAL_Driver/stm32h7xx_hal.o
 .debug_aranges
                0x0000000000000340      0x120 ./Drivers/STM32H7xx_HAL_Driver/stm32h7xx_hal_cortex.o
 .debug_aranges
                0x0000000000000460       0x58 ./Drivers/STM32H7xx_HAL_Driver/stm32h7xx_hal_gpio.o
 .debug_aranges
                0x00000000000004b8       0x70 ./Drivers/STM32H7xx_HAL_Driver/stm32h7xx_hal_hsem.o
 .debug_aranges
                0x0000000000000528      0x170 ./Drivers/STM32H7xx_HAL_Driver/stm32h7xx_hal_pwr_ex.o
 .debug_aranges
                0x0000000000000698       0x88 ./Drivers/STM32H7xx_HAL_Driver/stm32h7xx_hal_rcc.o
 .debug_aranges
                0x0000000000000720      0x100 ./Drivers/STM32H7xx_HAL_Driver/stm32h7xx_hal_rcc_ex.o
 .debug_aranges
                0x0000000000000820      0x170 ./Drivers/STM32H7xx_HAL_Driver/stm32h7xx_hal_sd.o
 .debug_aranges
                0x0000000000000990      0x248 ./Drivers/STM32H7xx_HAL_Driver/stm32h7xx_hal_uart.o
 .debug_aranges
                0x0000000000000bd8       0xa8 ./Drivers/STM32H7xx_HAL_Driver/stm32h7xx_hal_uart_ex.o
 .debug_aranges
                0x0000000000000c80      0x1a0 ./Drivers/STM32H7xx_HAL_Driver/stm32h7xx_ll_sdmmc.o
 .debug_aranges
                0x0000000000000e20       0x28 ./FATFS/App/fatfs.o
 .debug_aranges
                0x0000000000000e48       0x98 ./FATFS/Target/bsp_driver_sd.o
 .debug_aranges
                0x0000000000000ee0       0x20 ./FATFS/Target/fatfs_platform.o
 .debug_aranges
                0x0000000000000f00       0x48 ./FATFS/Target/sd_diskio.o
 .debug_aranges
                0x0000000000000f48       0x48 ./Middlewares/Third_Party/FatFs/diskio.o
 .debug_aranges
                0x0000000000000f90      0x208 ./Middlewares/Third_Party/FatFs/ff.o
 .debug_aranges
                0x0000000000001198       0x40 ./Middlewares/Third_Party/FatFs/ff_gen_drv.o

.debug_ranges   0x0000000000000000     0x10a0
 .debug_ranges  0x0000000000000000       0x18 ./Common/Src/system_stm32h7xx_dualcore_boot_cm4_cm7.o
 .debug_ranges  0x0000000000000018       0x40 ./Core/Src/main.o
 .debug_ranges  0x0000000000000058       0x30 ./Core/Src/stm32h7xx_hal_msp.o
 .debug_ranges  0x0000000000000088       0x50 ./Core/Src/stm32h7xx_it.o
 .debug_ranges  0x00000000000000d8       0x20 ./Core/Startup/startup_stm32h747xihx.o
 .debug_ranges  0x00000000000000f8      0x1f0 ./Drivers/STM32H7xx_HAL_Driver/stm32h7xx_hal.o
 .debug_ranges  0x00000000000002e8      0x110 ./Drivers/STM32H7xx_HAL_Driver/stm32h7xx_hal_cortex.o
 .debug_ranges  0x00000000000003f8       0x48 ./Drivers/STM32H7xx_HAL_Driver/stm32h7xx_hal_gpio.o
 .debug_ranges  0x0000000000000440       0x60 ./Drivers/STM32H7xx_HAL_Driver/stm32h7xx_hal_hsem.o
 .debug_ranges  0x00000000000004a0      0x160 ./Drivers/STM32H7xx_HAL_Driver/stm32h7xx_hal_pwr_ex.o
 .debug_ranges  0x0000000000000600       0x78 ./Drivers/STM32H7xx_HAL_Driver/stm32h7xx_hal_rcc.o
 .debug_ranges  0x0000000000000678       0xf0 ./Drivers/STM32H7xx_HAL_Driver/stm32h7xx_hal_rcc_ex.o
 .debug_ranges  0x0000000000000768      0x160 ./Drivers/STM32H7xx_HAL_Driver/stm32h7xx_hal_sd.o
 .debug_ranges  0x00000000000008c8      0x268 ./Drivers/STM32H7xx_HAL_Driver/stm32h7xx_hal_uart.o
 .debug_ranges  0x0000000000000b30       0x98 ./Drivers/STM32H7xx_HAL_Driver/stm32h7xx_hal_uart_ex.o
 .debug_ranges  0x0000000000000bc8      0x190 ./Drivers/STM32H7xx_HAL_Driver/stm32h7xx_ll_sdmmc.o
 .debug_ranges  0x0000000000000d58       0x18 ./FATFS/App/fatfs.o
 .debug_ranges  0x0000000000000d70       0x88 ./FATFS/Target/bsp_driver_sd.o
 .debug_ranges  0x0000000000000df8       0x10 ./FATFS/Target/fatfs_platform.o
 .debug_ranges  0x0000000000000e08       0x38 ./FATFS/Target/sd_diskio.o
 .debug_ranges  0x0000000000000e40       0x38 ./Middlewares/Third_Party/FatFs/diskio.o
 .debug_ranges  0x0000000000000e78      0x1f8 ./Middlewares/Third_Party/FatFs/ff.o
 .debug_ranges  0x0000000000001070       0x30 ./Middlewares/Third_Party/FatFs/ff_gen_drv.o

.debug_macro    0x0000000000000000    0x41214
 .debug_macro   0x0000000000000000      0x2c1 ./Common/Src/system_stm32h7xx_dualcore_boot_cm4_cm7.o
 .debug_macro   0x00000000000002c1      0xa96 ./Common/Src/system_stm32h7xx_dualcore_boot_cm4_cm7.o
 .debug_macro   0x0000000000000d57       0x2e ./Common/Src/system_stm32h7xx_dualcore_boot_cm4_cm7.o
 .debug_macro   0x0000000000000d85       0x49 ./Common/Src/system_stm32h7xx_dualcore_boot_cm4_cm7.o
 .debug_macro   0x0000000000000dce       0x22 ./Common/Src/system_stm32h7xx_dualcore_boot_cm4_cm7.o
 .debug_macro   0x0000000000000df0       0x8e ./Common/Src/system_stm32h7xx_dualcore_boot_cm4_cm7.o
 .debug_macro   0x0000000000000e7e       0x51 ./Common/Src/system_stm32h7xx_dualcore_boot_cm4_cm7.o
 .debug_macro   0x0000000000000ecf      0x103 ./Common/Src/system_stm32h7xx_dualcore_boot_cm4_cm7.o
 .debug_macro   0x0000000000000fd2       0x6a ./Common/Src/system_stm32h7xx_dualcore_boot_cm4_cm7.o
 .debug_macro   0x000000000000103c      0x1df ./Common/Src/system_stm32h7xx_dualcore_boot_cm4_cm7.o
 .debug_macro   0x000000000000121b       0x1c ./Common/Src/system_stm32h7xx_dualcore_boot_cm4_cm7.o
 .debug_macro   0x0000000000001237       0x22 ./Common/Src/system_stm32h7xx_dualcore_boot_cm4_cm7.o
 .debug_macro   0x0000000000001259       0xfb ./Common/Src/system_stm32h7xx_dualcore_boot_cm4_cm7.o
 .debug_macro   0x0000000000001354     0x1305 ./Common/Src/system_stm32h7xx_dualcore_boot_cm4_cm7.o
 .debug_macro   0x0000000000002659      0x11f ./Common/Src/system_stm32h7xx_dualcore_boot_cm4_cm7.o
 .debug_macro   0x0000000000002778       0x27 ./Common/Src/system_stm32h7xx_dualcore_boot_cm4_cm7.o
 .debug_macro   0x000000000000279f    0x2c71e ./Common/Src/system_stm32h7xx_dualcore_boot_cm4_cm7.o
 .debug_macro   0x000000000002eebd       0x6d ./Common/Src/system_stm32h7xx_dualcore_boot_cm4_cm7.o
 .debug_macro   0x000000000002ef2a      0x238 ./Common/Src/system_stm32h7xx_dualcore_boot_cm4_cm7.o
 .debug_macro   0x000000000002f162     0x3d5d ./Common/Src/system_stm32h7xx_dualcore_boot_cm4_cm7.o
 .debug_macro   0x0000000000032ebf      0x174 ./Common/Src/system_stm32h7xx_dualcore_boot_cm4_cm7.o
 .debug_macro   0x0000000000033033       0x52 ./Common/Src/system_stm32h7xx_dualcore_boot_cm4_cm7.o
 .debug_macro   0x0000000000033085       0x1d ./Common/Src/system_stm32h7xx_dualcore_boot_cm4_cm7.o
 .debug_macro   0x00000000000330a2       0x3c ./Common/Src/system_stm32h7xx_dualcore_boot_cm4_cm7.o
 .debug_macro   0x00000000000330de       0x34 ./Common/Src/system_stm32h7xx_dualcore_boot_cm4_cm7.o
 .debug_macro   0x0000000000033112       0x16 ./Common/Src/system_stm32h7xx_dualcore_boot_cm4_cm7.o
 .debug_macro   0x0000000000033128       0x43 ./Common/Src/system_stm32h7xx_dualcore_boot_cm4_cm7.o
 .debug_macro   0x000000000003316b       0x34 ./Common/Src/system_stm32h7xx_dualcore_boot_cm4_cm7.o
 .debug_macro   0x000000000003319f       0x10 ./Common/Src/system_stm32h7xx_dualcore_boot_cm4_cm7.o
 .debug_macro   0x00000000000331af       0x58 ./Common/Src/system_stm32h7xx_dualcore_boot_cm4_cm7.o
 .debug_macro   0x0000000000033207       0x71 ./Common/Src/system_stm32h7xx_dualcore_boot_cm4_cm7.o
 .debug_macro   0x0000000000033278       0x1c ./Common/Src/system_stm32h7xx_dualcore_boot_cm4_cm7.o
 .debug_macro   0x0000000000033294      0x12a ./Common/Src/system_stm32h7xx_dualcore_boot_cm4_cm7.o
 .debug_macro   0x00000000000333be      0x341 ./Common/Src/system_stm32h7xx_dualcore_boot_cm4_cm7.o
 .debug_macro   0x00000000000336ff      0x19b ./Common/Src/system_stm32h7xx_dualcore_boot_cm4_cm7.o
 .debug_macro   0x000000000003389a       0x5d ./Common/Src/system_stm32h7xx_dualcore_boot_cm4_cm7.o
 .debug_macro   0x00000000000338f7     0x3ae3 ./Common/Src/system_stm32h7xx_dualcore_boot_cm4_cm7.o
 .debug_macro   0x00000000000373da     0x1095 ./Common/Src/system_stm32h7xx_dualcore_boot_cm4_cm7.o
 .debug_macro   0x000000000003846f      0x154 ./Common/Src/system_stm32h7xx_dualcore_boot_cm4_cm7.o
 .debug_macro   0x00000000000385c3      0x130 ./Common/Src/system_stm32h7xx_dualcore_boot_cm4_cm7.o
 .debug_macro   0x00000000000386f3      0x3c5 ./Common/Src/system_stm32h7xx_dualcore_boot_cm4_cm7.o
 .debug_macro   0x0000000000038ab8       0xac ./Common/Src/system_stm32h7xx_dualcore_boot_cm4_cm7.o
 .debug_macro   0x0000000000038b64      0x72d ./Common/Src/system_stm32h7xx_dualcore_boot_cm4_cm7.o
 .debug_macro   0x0000000000039291      0x228 ./Common/Src/system_stm32h7xx_dualcore_boot_cm4_cm7.o
 .debug_macro   0x00000000000394b9       0x66 ./Common/Src/system_stm32h7xx_dualcore_boot_cm4_cm7.o
 .debug_macro   0x000000000003951f      0x3c9 ./Common/Src/system_stm32h7xx_dualcore_boot_cm4_cm7.o
 .debug_macro   0x00000000000398e8      0x407 ./Common/Src/system_stm32h7xx_dualcore_boot_cm4_cm7.o
 .debug_macro   0x0000000000039cef      0x27c ./Common/Src/system_stm32h7xx_dualcore_boot_cm4_cm7.o
 .debug_macro   0x0000000000039f6b      0x3ca ./Common/Src/system_stm32h7xx_dualcore_boot_cm4_cm7.o
 .debug_macro   0x000000000003a335      0x4a2 ./Common/Src/system_stm32h7xx_dualcore_boot_cm4_cm7.o
 .debug_macro   0x000000000003a7d7       0x51 ./Common/Src/system_stm32h7xx_dualcore_boot_cm4_cm7.o
 .debug_macro   0x000000000003a828       0x4a ./Common/Src/system_stm32h7xx_dualcore_boot_cm4_cm7.o
 .debug_macro   0x000000000003a872      0x22c ./Common/Src/system_stm32h7xx_dualcore_boot_cm4_cm7.o
 .debug_macro   0x000000000003aa9e       0x67 ./Common/Src/system_stm32h7xx_dualcore_boot_cm4_cm7.o
 .debug_macro   0x000000000003ab05       0xa5 ./Common/Src/system_stm32h7xx_dualcore_boot_cm4_cm7.o
 .debug_macro   0x000000000003abaa      0x218 ./Common/Src/system_stm32h7xx_dualcore_boot_cm4_cm7.o
 .debug_macro   0x000000000003adc2      0x2ea ./Common/Src/system_stm32h7xx_dualcore_boot_cm4_cm7.o
 .debug_macro   0x000000000003b0ac       0x35 ./Common/Src/system_stm32h7xx_dualcore_boot_cm4_cm7.o
 .debug_macro   0x000000000003b0e1      0x830 ./Common/Src/system_stm32h7xx_dualcore_boot_cm4_cm7.o
 .debug_macro   0x000000000003b911       0x16 ./Common/Src/system_stm32h7xx_dualcore_boot_cm4_cm7.o
 .debug_macro   0x000000000003b927      0x1ce ./Common/Src/system_stm32h7xx_dualcore_boot_cm4_cm7.o
 .debug_macro   0x000000000003baf5      0x693 ./Common/Src/system_stm32h7xx_dualcore_boot_cm4_cm7.o
 .debug_macro   0x000000000003c188       0xa6 ./Common/Src/system_stm32h7xx_dualcore_boot_cm4_cm7.o
 .debug_macro   0x000000000003c22e      0x798 ./Common/Src/system_stm32h7xx_dualcore_boot_cm4_cm7.o
 .debug_macro   0x000000000003c9c6      0x38d ./Core/Src/main.o
 .debug_macro   0x000000000003cd53       0xb8 ./Core/Src/main.o
 .debug_macro   0x000000000003ce0b       0x1c ./Core/Src/main.o
 .debug_macro   0x000000000003ce27       0x40 ./Core/Src/main.o
 .debug_macro   0x000000000003ce67       0xe5 ./Core/Src/main.o
 .debug_macro   0x000000000003cf4c       0x16 ./Core/Src/main.o
 .debug_macro   0x000000000003cf62       0x35 ./Core/Src/main.o
 .debug_macro   0x000000000003cf97       0x16 ./Core/Src/main.o
 .debug_macro   0x000000000003cfad       0x29 ./Core/Src/main.o
 .debug_macro   0x000000000003cfd6       0x12 ./Core/Src/main.o
 .debug_macro   0x000000000003cfe8       0xe2 ./Core/Src/main.o
 .debug_macro   0x000000000003d0ca       0x8e ./Core/Src/main.o
 .debug_macro   0x000000000003d158      0x2d0 ./Core/Src/stm32h7xx_hal_msp.o
 .debug_macro   0x000000000003d428      0x2da ./Core/Src/stm32h7xx_it.o
 .debug_macro   0x000000000003d702      0x2eb ./Drivers/STM32H7xx_HAL_Driver/stm32h7xx_hal.o
 .debug_macro   0x000000000003d9ed      0x2c1 ./Drivers/STM32H7xx_HAL_Driver/stm32h7xx_hal_cortex.o
 .debug_macro   0x000000000003dcae      0x2d5 ./Drivers/STM32H7xx_HAL_Driver/stm32h7xx_hal_gpio.o
 .debug_macro   0x000000000003df83      0x2d3 ./Drivers/STM32H7xx_HAL_Driver/stm32h7xx_hal_hsem.o
 .debug_macro   0x000000000003e256      0x2fa ./Drivers/STM32H7xx_HAL_Driver/stm32h7xx_hal_pwr_ex.o
 .debug_macro   0x000000000003e550      0x2e5 ./Drivers/STM32H7xx_HAL_Driver/stm32h7xx_hal_rcc.o
 .debug_macro   0x000000000003e835      0x2df ./Drivers/STM32H7xx_HAL_Driver/stm32h7xx_hal_rcc_ex.o
 .debug_macro   0x000000000003eb14      0x2de ./Drivers/STM32H7xx_HAL_Driver/stm32h7xx_hal_sd.o
 .debug_macro   0x000000000003edf2      0x2ec ./Drivers/STM32H7xx_HAL_Driver/stm32h7xx_hal_uart.o
 .debug_macro   0x000000000003f0de      0x2cd ./Drivers/STM32H7xx_HAL_Driver/stm32h7xx_hal_uart_ex.o
 .debug_macro   0x000000000003f3ab      0x2c2 ./Drivers/STM32H7xx_HAL_Driver/stm32h7xx_ll_sdmmc.o
 .debug_macro   0x000000000003f66d      0x375 ./FATFS/App/fatfs.o
 .debug_macro   0x000000000003f9e2      0x2d9 ./FATFS/Target/bsp_driver_sd.o
 .debug_macro   0x000000000003fcbb      0x2ca ./FATFS/Target/fatfs_platform.o
 .debug_macro   0x000000000003ff85      0x378 ./FATFS/Target/sd_diskio.o
 .debug_macro   0x00000000000402fd       0x16 ./FATFS/Target/sd_diskio.o
 .debug_macro   0x0000000000040313       0x7c ./FATFS/Target/sd_diskio.o
 .debug_macro   0x000000000004038f      0x362 ./Middlewares/Third_Party/FatFs/diskio.o
 .debug_macro   0x00000000000406f1      0x769 ./Middlewares/Third_Party/FatFs/ff.o
 .debug_macro   0x0000000000040e5a       0x58 ./Middlewares/Third_Party/FatFs/ff.o
 .debug_macro   0x0000000000040eb2      0x362 ./Middlewares/Third_Party/FatFs/ff_gen_drv.o

.debug_line     0x0000000000000000    0x19429
 .debug_line    0x0000000000000000      0xaae ./Common/Src/system_stm32h7xx_dualcore_boot_cm4_cm7.o
 .debug_line    0x0000000000000aae      0xbec ./Core/Src/main.o
 .debug_line    0x000000000000169a      0x96b ./Core/Src/stm32h7xx_hal_msp.o
 .debug_line    0x0000000000002005      0x957 ./Core/Src/stm32h7xx_it.o
 .debug_line    0x000000000000295c       0x88 ./Core/Startup/startup_stm32h747xihx.o
 .debug_line    0x00000000000029e4      0xfed ./Drivers/STM32H7xx_HAL_Driver/stm32h7xx_hal.o
 .debug_line    0x00000000000039d1      0xea0 ./Drivers/STM32H7xx_HAL_Driver/stm32h7xx_hal_cortex.o
 .debug_line    0x0000000000004871      0xd51 ./Drivers/STM32H7xx_HAL_Driver/stm32h7xx_hal_gpio.o
 .debug_line    0x00000000000055c2      0xa50 ./Drivers/STM32H7xx_HAL_Driver/stm32h7xx_hal_hsem.o
 .debug_line    0x0000000000006012     0x10bb ./Drivers/STM32H7xx_HAL_Driver/stm32h7xx_hal_pwr_ex.o
 .debug_line    0x00000000000070cd     0x145e ./Drivers/STM32H7xx_HAL_Driver/stm32h7xx_hal_rcc.o
 .debug_line    0x000000000000852b     0x1d6f ./Drivers/STM32H7xx_HAL_Driver/stm32h7xx_hal_rcc_ex.o
 .debug_line    0x000000000000a29a     0x2138 ./Drivers/STM32H7xx_HAL_Driver/stm32h7xx_hal_sd.o
 .debug_line    0x000000000000c3d2     0x3eeb ./Drivers/STM32H7xx_HAL_Driver/stm32h7xx_hal_uart.o
 .debug_line    0x00000000000102bd      0xf2c ./Drivers/STM32H7xx_HAL_Driver/stm32h7xx_hal_uart_ex.o
 .debug_line    0x00000000000111e9     0x11c3 ./Drivers/STM32H7xx_HAL_Driver/stm32h7xx_ll_sdmmc.o
 .debug_line    0x00000000000123ac      0x97c ./FATFS/App/fatfs.o
 .debug_line    0x0000000000012d28      0xa6f ./FATFS/Target/bsp_driver_sd.o
 .debug_line    0x0000000000013797      0x8aa ./FATFS/Target/fatfs_platform.o
 .debug_line    0x0000000000014041      0xa60 ./FATFS/Target/sd_diskio.o
 .debug_line    0x0000000000014aa1      0xa36 ./Middlewares/Third_Party/FatFs/diskio.o
 .debug_line    0x00000000000154d7     0x34fe ./Middlewares/Third_Party/FatFs/ff.o
 .debug_line    0x00000000000189d5      0xa54 ./Middlewares/Third_Party/FatFs/ff_gen_drv.o

.debug_str      0x0000000000000000   0x19b912
 .debug_str     0x0000000000000000   0x1941bb ./Common/Src/system_stm32h7xx_dualcore_boot_cm4_cm7.o
                                     0x194630 (size before relaxing)
 .debug_str     0x00000000001941bb     0x1d20 ./Core/Src/main.o
                                     0x196091 (size before relaxing)
 .debug_str     0x0000000000195edb       0x86 ./Core/Src/stm32h7xx_hal_msp.o
                                     0x195186 (size before relaxing)
 .debug_str     0x0000000000195f61       0xc9 ./Core/Src/stm32h7xx_it.o
                                     0x194372 (size before relaxing)
 .debug_str     0x000000000019602a       0x36 ./Core/Startup/startup_stm32h747xihx.o
                                         0x8f (size before relaxing)
 .debug_str     0x0000000000196060     0x11cc ./Drivers/STM32H7xx_HAL_Driver/stm32h7xx_hal.o
                                     0x1956dd (size before relaxing)
 .debug_str     0x000000000019722c      0x39c ./Drivers/STM32H7xx_HAL_Driver/stm32h7xx_hal_cortex.o
                                     0x194f0c (size before relaxing)
 .debug_str     0x00000000001975c8      0x155 ./Drivers/STM32H7xx_HAL_Driver/stm32h7xx_hal_gpio.o
                                     0x1945d5 (size before relaxing)
 .debug_str     0x000000000019771d      0x232 ./Drivers/STM32H7xx_HAL_Driver/stm32h7xx_hal_hsem.o
                                     0x194260 (size before relaxing)
 .debug_str     0x000000000019794f      0x6d2 ./Drivers/STM32H7xx_HAL_Driver/stm32h7xx_hal_pwr_ex.o
                                     0x194ae0 (size before relaxing)
 .debug_str     0x0000000000198021      0x268 ./Drivers/STM32H7xx_HAL_Driver/stm32h7xx_hal_rcc.o
                                     0x194956 (size before relaxing)
 .debug_str     0x0000000000198289      0x6bb ./Drivers/STM32H7xx_HAL_Driver/stm32h7xx_hal_rcc_ex.o
                                     0x194e9d (size before relaxing)
 .debug_str     0x0000000000198944      0xa71 ./Drivers/STM32H7xx_HAL_Driver/stm32h7xx_hal_sd.o
                                     0x194f3e (size before relaxing)
 .debug_str     0x00000000001993b5      0xab9 ./Drivers/STM32H7xx_HAL_Driver/stm32h7xx_hal_uart.o
                                     0x195484 (size before relaxing)
 .debug_str     0x0000000000199e6e      0x2b9 ./Drivers/STM32H7xx_HAL_Driver/stm32h7xx_hal_uart_ex.o
                                     0x194a44 (size before relaxing)
 .debug_str     0x000000000019a127      0x2b5 ./Drivers/STM32H7xx_HAL_Driver/stm32h7xx_ll_sdmmc.o
                                     0x1946f8 (size before relaxing)
 .debug_str     0x000000000019a3dc       0xe7 ./FATFS/App/fatfs.o
                                     0x194d58 (size before relaxing)
 .debug_str     0x000000000019a4c3      0x16b ./FATFS/Target/bsp_driver_sd.o
                                     0x19470b (size before relaxing)
 .debug_str     0x000000000019a62e       0x21 ./FATFS/Target/fatfs_platform.o
                                     0x194108 (size before relaxing)
 .debug_str     0x000000000019a64f       0xa0 ./FATFS/Target/sd_diskio.o
                                     0x194d96 (size before relaxing)
 .debug_str     0x000000000019a6ef       0xa3 ./Middlewares/Third_Party/FatFs/diskio.o
                                     0x194cab (size before relaxing)
 .debug_str     0x000000000019a792     0x10a3 ./Middlewares/Third_Party/FatFs/ff.o
                                     0x195f22 (size before relaxing)
 .debug_str     0x000000000019b835       0xdd ./Middlewares/Third_Party/FatFs/ff_gen_drv.o
                                     0x194d10 (size before relaxing)

.comment        0x0000000000000000       0x50
 .comment       0x0000000000000000       0x50 ./Common/Src/system_stm32h7xx_dualcore_boot_cm4_cm7.o
                                         0x51 (size before relaxing)
 .comment       0x0000000000000050       0x51 ./Core/Src/main.o
 .comment       0x0000000000000050       0x51 ./Core/Src/stm32h7xx_hal_msp.o
 .comment       0x0000000000000050       0x51 ./Core/Src/stm32h7xx_it.o
 .comment       0x0000000000000050       0x51 ./Drivers/STM32H7xx_HAL_Driver/stm32h7xx_hal.o
 .comment       0x0000000000000050       0x51 ./Drivers/STM32H7xx_HAL_Driver/stm32h7xx_hal_cortex.o
 .comment       0x0000000000000050       0x51 ./Drivers/STM32H7xx_HAL_Driver/stm32h7xx_hal_gpio.o
 .comment       0x0000000000000050       0x51 ./Drivers/STM32H7xx_HAL_Driver/stm32h7xx_hal_hsem.o
 .comment       0x0000000000000050       0x51 ./Drivers/STM32H7xx_HAL_Driver/stm32h7xx_hal_pwr_ex.o
 .comment       0x0000000000000050       0x51 ./Drivers/STM32H7xx_HAL_Driver/stm32h7xx_hal_rcc.o
 .comment       0x0000000000000050       0x51 ./Drivers/STM32H7xx_HAL_Driver/stm32h7xx_hal_rcc_ex.o
 .comment       0x0000000000000050       0x51 ./Drivers/STM32H7xx_HAL_Driver/stm32h7xx_hal_sd.o
 .comment       0x0000000000000050       0x51 ./Drivers/STM32H7xx_HAL_Driver/stm32h7xx_hal_uart.o
 .comment       0x0000000000000050       0x51 ./Drivers/STM32H7xx_HAL_Driver/stm32h7xx_hal_uart_ex.o
 .comment       0x0000000000000050       0x51 ./Drivers/STM32H7xx_HAL_Driver/stm32h7xx_ll_sdmmc.o
 .comment       0x0000000000000050       0x51 ./FATFS/App/fatfs.o
 .comment       0x0000000000000050       0x51 ./FATFS/Target/bsp_driver_sd.o
 .comment       0x0000000000000050       0x51 ./FATFS/Target/fatfs_platform.o
 .comment       0x0000000000000050       0x51 ./FATFS/Target/sd_diskio.o
 .comment       0x0000000000000050       0x51 ./Middlewares/Third_Party/FatFs/diskio.o
 .comment       0x0000000000000050       0x51 ./Middlewares/Third_Party/FatFs/ff.o
 .comment       0x0000000000000050       0x51 ./Middlewares/Third_Party/FatFs/ff_gen_drv.o

.debug_frame    0x0000000000000000     0x4994
 .debug_frame   0x0000000000000000       0x58 ./Common/Src/system_stm32h7xx_dualcore_boot_cm4_cm7.o
 .debug_frame   0x0000000000000058       0xf0 ./Core/Src/main.o
 .debug_frame   0x0000000000000148       0xd0 ./Core/Src/stm32h7xx_hal_msp.o
 .debug_frame   0x0000000000000218      0x104 ./Core/Src/stm32h7xx_it.o
 .debug_frame   0x000000000000031c      0x848 ./Drivers/STM32H7xx_HAL_Driver/stm32h7xx_hal.o
 .debug_frame   0x0000000000000b64      0x4b8 ./Drivers/STM32H7xx_HAL_Driver/stm32h7xx_hal_cortex.o
 .debug_frame   0x000000000000101c      0x14c ./Drivers/STM32H7xx_HAL_Driver/stm32h7xx_hal_gpio.o
 .debug_frame   0x0000000000001168      0x1bc ./Drivers/STM32H7xx_HAL_Driver/stm32h7xx_hal_hsem.o
 .debug_frame   0x0000000000001324      0x5ec ./Drivers/STM32H7xx_HAL_Driver/stm32h7xx_hal_pwr_ex.o
 .debug_frame   0x0000000000001910      0x1f8 ./Drivers/STM32H7xx_HAL_Driver/stm32h7xx_hal_rcc.o
 .debug_frame   0x0000000000001b08      0x43c ./Drivers/STM32H7xx_HAL_Driver/stm32h7xx_hal_rcc_ex.o
 .debug_frame   0x0000000000001f44      0x670 ./Drivers/STM32H7xx_HAL_Driver/stm32h7xx_hal_sd.o
 .debug_frame   0x00000000000025b4      0xa94 ./Drivers/STM32H7xx_HAL_Driver/stm32h7xx_hal_uart.o
 .debug_frame   0x0000000000003048      0x2c0 ./Drivers/STM32H7xx_HAL_Driver/stm32h7xx_hal_uart_ex.o
 .debug_frame   0x0000000000003308      0x740 ./Drivers/STM32H7xx_HAL_Driver/stm32h7xx_ll_sdmmc.o
 .debug_frame   0x0000000000003a48       0x4c ./FATFS/App/fatfs.o
 .debug_frame   0x0000000000003a94      0x238 ./FATFS/Target/bsp_driver_sd.o
 .debug_frame   0x0000000000003ccc       0x34 ./FATFS/Target/fatfs_platform.o
 .debug_frame   0x0000000000003d00       0xe8 ./FATFS/Target/sd_diskio.o
 .debug_frame   0x0000000000003de8       0xec ./Middlewares/Third_Party/FatFs/diskio.o
 .debug_frame   0x0000000000003ed4      0x94c ./Middlewares/Third_Party/FatFs/ff.o
 .debug_frame   0x0000000000004820       0xc8 ./Middlewares/Third_Party/FatFs/ff_gen_drv.o
 .debug_frame   0x00000000000048e8       0x2c c:/st/stm32cubeide_1.11.2/stm32cubeide/plugins/com.st.stm32cube.ide.mcu.externaltools.gnu-tools-for-stm32.10.3-2021.10.win32_1.0.200.202301161003/tools/bin/../lib/gcc/arm-none-eabi/10.3.1/../../../../arm-none-eabi/lib/thumb/v7e-m+dp/hard\libc_nano.a(lib_a-init.o)
 .debug_frame   0x0000000000004914       0x20 c:/st/stm32cubeide_1.11.2/stm32cubeide/plugins/com.st.stm32cube.ide.mcu.externaltools.gnu-tools-for-stm32.10.3-2021.10.win32_1.0.200.202301161003/tools/bin/../lib/gcc/arm-none-eabi/10.3.1/../../../../arm-none-eabi/lib/thumb/v7e-m+dp/hard\libc_nano.a(lib_a-memset.o)
 .debug_frame   0x0000000000004934       0x2c c:/st/stm32cubeide_1.11.2/stm32cubeide/plugins/com.st.stm32cube.ide.mcu.externaltools.gnu-tools-for-stm32.10.3-2021.10.win32_1.0.200.202301161003/tools/bin/../lib/gcc/arm-none-eabi/10.3.1/thumb/v7e-m+dp/hard\libgcc.a(_aeabi_uldivmod.o)
 .debug_frame   0x0000000000004960       0x34 c:/st/stm32cubeide_1.11.2/stm32cubeide/plugins/com.st.stm32cube.ide.mcu.externaltools.gnu-tools-for-stm32.10.3-2021.10.win32_1.0.200.202301161003/tools/bin/../lib/gcc/arm-none-eabi/10.3.1/thumb/v7e-m+dp/hard\libgcc.a(_udivmoddi4.o)