Archive member included to satisfy reference by file (symbol)

c:/st/stm32cubeide_1.11.2/stm32cubeide/plugins/com.st.stm32cube.ide.mcu.externaltools.gnu-tools-for-stm32.10.3-2021.10.win32_1.0.200.202301161003/tools/bin/../lib/gcc/arm-none-eabi/10.3.1/../../../../arm-none-eabi/lib/thumb/v7e-m+dp/hard\libc_nano.a(lib_a-errno.o)
                              ./Core/Src/syscalls.o (__errno)
c:/st/stm32cubeide_1.11.2/stm32cubeide/plugins/com.st.stm32cube.ide.mcu.externaltools.gnu-tools-for-stm32.10.3-2021.10.win32_1.0.200.202301161003/tools/bin/../lib/gcc/arm-none-eabi/10.3.1/../../../../arm-none-eabi/lib/thumb/v7e-m+dp/hard\libc_nano.a(lib_a-exit.o)
                              c:/st/stm32cubeide_1.11.2/stm32cubeide/plugins/com.st.stm32cube.ide.mcu.externaltools.gnu-tools-for-stm32.10.3-2021.10.win32_1.0.200.202301161003/tools/bin/../lib/gcc/arm-none-eabi/10.3.1/../../../../arm-none-eabi/lib/thumb/v7e-m+dp/hard/crt0.o (exit)
c:/st/stm32cubeide_1.11.2/stm32cubeide/plugins/com.st.stm32cube.ide.mcu.externaltools.gnu-tools-for-stm32.10.3-2021.10.win32_1.0.200.202301161003/tools/bin/../lib/gcc/arm-none-eabi/10.3.1/../../../../arm-none-eabi/lib/thumb/v7e-m+dp/hard\libc_nano.a(lib_a-impure.o)
                              c:/st/stm32cubeide_1.11.2/stm32cubeide/plugins/com.st.stm32cube.ide.mcu.externaltools.gnu-tools-for-stm32.10.3-2021.10.win32_1.0.200.202301161003/tools/bin/../lib/gcc/arm-none-eabi/10.3.1/../../../../arm-none-eabi/lib/thumb/v7e-m+dp/hard\libc_nano.a(lib_a-exit.o) (_global_impure_ptr)
c:/st/stm32cubeide_1.11.2/stm32cubeide/plugins/com.st.stm32cube.ide.mcu.externaltools.gnu-tools-for-stm32.10.3-2021.10.win32_1.0.200.202301161003/tools/bin/../lib/gcc/arm-none-eabi/10.3.1/../../../../arm-none-eabi/lib/thumb/v7e-m+dp/hard\libc_nano.a(lib_a-init.o)
                              c:/st/stm32cubeide_1.11.2/stm32cubeide/plugins/com.st.stm32cube.ide.mcu.externaltools.gnu-tools-for-stm32.10.3-2021.10.win32_1.0.200.202301161003/tools/bin/../lib/gcc/arm-none-eabi/10.3.1/../../../../arm-none-eabi/lib/thumb/v7e-m+dp/hard/crt0.o (__libc_init_array)
c:/st/stm32cubeide_1.11.2/stm32cubeide/plugins/com.st.stm32cube.ide.mcu.externaltools.gnu-tools-for-stm32.10.3-2021.10.win32_1.0.200.202301161003/tools/bin/../lib/gcc/arm-none-eabi/10.3.1/../../../../arm-none-eabi/lib/thumb/v7e-m+dp/hard\libc_nano.a(lib_a-memset.o)
                              c:/st/stm32cubeide_1.11.2/stm32cubeide/plugins/com.st.stm32cube.ide.mcu.externaltools.gnu-tools-for-stm32.10.3-2021.10.win32_1.0.200.202301161003/tools/bin/../lib/gcc/arm-none-eabi/10.3.1/../../../../arm-none-eabi/lib/thumb/v7e-m+dp/hard/crt0.o (memset)
c:/st/stm32cubeide_1.11.2/stm32cubeide/plugins/com.st.stm32cube.ide.mcu.externaltools.gnu-tools-for-stm32.10.3-2021.10.win32_1.0.200.202301161003/tools/bin/../lib/gcc/arm-none-eabi/10.3.1/../../../../arm-none-eabi/lib/thumb/v7e-m+dp/hard\libc_nano.a(lib_a-sprintf.o)
                              ./Core/Src/main.o (sprintf)
c:/st/stm32cubeide_1.11.2/stm32cubeide/plugins/com.st.stm32cube.ide.mcu.externaltools.gnu-tools-for-stm32.10.3-2021.10.win32_1.0.200.202301161003/tools/bin/../lib/gcc/arm-none-eabi/10.3.1/../../../../arm-none-eabi/lib/thumb/v7e-m+dp/hard\libc_nano.a(lib_a-nano-svfprintf.o)
                              c:/st/stm32cubeide_1.11.2/stm32cubeide/plugins/com.st.stm32cube.ide.mcu.externaltools.gnu-tools-for-stm32.10.3-2021.10.win32_1.0.200.202301161003/tools/bin/../lib/gcc/arm-none-eabi/10.3.1/../../../../arm-none-eabi/lib/thumb/v7e-m+dp/hard\libc_nano.a(lib_a-sprintf.o) (_svfprintf_r)
c:/st/stm32cubeide_1.11.2/stm32cubeide/plugins/com.st.stm32cube.ide.mcu.externaltools.gnu-tools-for-stm32.10.3-2021.10.win32_1.0.200.202301161003/tools/bin/../lib/gcc/arm-none-eabi/10.3.1/../../../../arm-none-eabi/lib/thumb/v7e-m+dp/hard\libc_nano.a(lib_a-nano-vfprintf_i.o)
                              c:/st/stm32cubeide_1.11.2/stm32cubeide/plugins/com.st.stm32cube.ide.mcu.externaltools.gnu-tools-for-stm32.10.3-2021.10.win32_1.0.200.202301161003/tools/bin/../lib/gcc/arm-none-eabi/10.3.1/../../../../arm-none-eabi/lib/thumb/v7e-m+dp/hard\libc_nano.a(lib_a-nano-svfprintf.o) (_printf_i)
c:/st/stm32cubeide_1.11.2/stm32cubeide/plugins/com.st.stm32cube.ide.mcu.externaltools.gnu-tools-for-stm32.10.3-2021.10.win32_1.0.200.202301161003/tools/bin/../lib/gcc/arm-none-eabi/10.3.1/../../../../arm-none-eabi/lib/thumb/v7e-m+dp/hard\libc_nano.a(lib_a-memchr.o)
                              c:/st/stm32cubeide_1.11.2/stm32cubeide/plugins/com.st.stm32cube.ide.mcu.externaltools.gnu-tools-for-stm32.10.3-2021.10.win32_1.0.200.202301161003/tools/bin/../lib/gcc/arm-none-eabi/10.3.1/../../../../arm-none-eabi/lib/thumb/v7e-m+dp/hard\libc_nano.a(lib_a-nano-svfprintf.o) (memchr)
c:/st/stm32cubeide_1.11.2/stm32cubeide/plugins/com.st.stm32cube.ide.mcu.externaltools.gnu-tools-for-stm32.10.3-2021.10.win32_1.0.200.202301161003/tools/bin/../lib/gcc/arm-none-eabi/10.3.1/../../../../arm-none-eabi/lib/thumb/v7e-m+dp/hard\libc_nano.a(lib_a-memcpy-stub.o)
[...]
Memory Configuration

Name             Origin             Length             Attributes
RAM_D1           0x0000000024000000 0x0000000000080000 xrw
FLASH            0x0000000008000000 0x0000000000020000 xr
DTCMRAM          0x0000000020000000 0x0000000000020000 xrw
RAM_D2           0x0000000030000000 0x0000000000048000 xrw
RAM_D3           0x0000000038000000 0x0000000000010000 xrw
ITCMRAM          0x0000000000000000 0x0000000000010000 xrw
*default*        0x0000000000000000 0xffffffffffffffff

Linker script and memory map

LOAD c:/st/stm32cubeide_1.11.2/stm32cubeide/plugins/com.st.stm32cube.ide.mcu.externaltools.gnu-tools-for-stm32.10.3-2021.10.win32_1.0.200.202301161003/tools/bin/../lib/gcc/arm-none-eabi/10.3.1/thumb/v7e-m+dp/hard/crti.o
LOAD c:/st/stm32cubeide_1.11.2/stm32cubeide/plugins/com.st.stm32cube.ide.mcu.externaltools.gnu-tools-for-stm32.10.3-2021.10.win32_1.0.200.202301161003/tools/bin/../lib/gcc/arm-none-eabi/10.3.1/thumb/v7e-m+dp/hard/crtbegin.o
LOAD c:/st/stm32cubeide_1.11.2/stm32cubeide/plugins/com.st.stm32cube.ide.mcu.externaltools.gnu-tools-for-stm32.10.3-2021.10.win32_1.0.200.202301161003/tools/bin/../lib/gcc/arm-none-eabi/10.3.1/../../../../arm-none-eabi/lib/thumb/v7e-m+dp/hard/crt0.o
LOAD ./Common/Src/system_stm32h7xx_dualcore_boot_cm4_cm7.o
LOAD ./Core/Src/flash.o
LOAD ./Core/Src/gpio.o
LOAD ./Core/Src/main.o
LOAD ./Core/Src/mt25tl01g.o
LOAD ./Core/Src/quadspi.o
LOAD ./Core/Src/sdmmc.o
LOAD ./Core/Src/stm32h7xx_hal_msp.o
LOAD ./Core/Src/stm32h7xx_it.o
LOAD ./Core/Src/syscalls.o
LOAD ./Core/Src/sysmem.o
LOAD ./Core/Src/usart.o
LOAD ./Core/Startup/startup_stm32h747xihx.o
LOAD ./Drivers/STM32H7xx_HAL_Driver/stm32h7xx_hal.o
LOAD ./Drivers/STM32H7xx_HAL_Driver/stm32h7xx_hal_cortex.o
LOAD ./Drivers/STM32H7xx_HAL_Driver/stm32h7xx_hal_dma.o
LOAD ./Drivers/STM32H7xx_HAL_Driver/stm32h7xx_hal_dma_ex.o
LOAD ./Drivers/STM32H7xx_HAL_Driver/stm32h7xx_hal_exti.o
LOAD ./Drivers/STM32H7xx_HAL_Driver/stm32h7xx_hal_flash.o
LOAD ./Drivers/STM32H7xx_HAL_Driver/stm32h7xx_hal_flash_ex.o
LOAD ./Drivers/STM32H7xx_HAL_Driver/stm32h7xx_hal_gpio.o
LOAD ./Drivers/STM32H7xx_HAL_Driver/stm32h7xx_hal_hsem.o
LOAD ./Drivers/STM32H7xx_HAL_Driver/stm32h7xx_hal_i2c.o
LOAD ./Drivers/STM32H7xx_HAL_Driver/stm32h7xx_hal_i2c_ex.o
LOAD ./Drivers/STM32H7xx_HAL_Driver/stm32h7xx_hal_mdma.o
LOAD ./Drivers/STM32H7xx_HAL_Driver/stm32h7xx_hal_pwr.o
LOAD ./Drivers/STM32H7xx_HAL_Driver/stm32h7xx_hal_pwr_ex.o
LOAD ./Drivers/STM32H7xx_HAL_Driver/stm32h7xx_hal_qspi.o
LOAD ./Drivers/STM32H7xx_HAL_Driver/stm32h7xx_hal_rcc.o
LOAD ./Drivers/STM32H7xx_HAL_Driver/stm32h7xx_hal_rcc_ex.o
LOAD ./Drivers/STM32H7xx_HAL_Driver/stm32h7xx_hal_sd.o
LOAD ./Drivers/STM32H7xx_HAL_Driver/stm32h7xx_hal_sd_ex.o
LOAD ./Drivers/STM32H7xx_HAL_Driver/stm32h7xx_hal_tim.o
LOAD ./Drivers/STM32H7xx_HAL_Driver/stm32h7xx_hal_tim_ex.o
LOAD ./Drivers/STM32H7xx_HAL_Driver/stm32h7xx_hal_uart.o
LOAD ./Drivers/STM32H7xx_HAL_Driver/stm32h7xx_hal_uart_ex.o
LOAD ./Drivers/STM32H7xx_HAL_Driver/stm32h7xx_ll_delayblock.o
LOAD ./Drivers/STM32H7xx_HAL_Driver/stm32h7xx_ll_sdmmc.o
LOAD ./FATFS/App/fatfs.o
LOAD ./FATFS/Target/bsp_driver_sd.o
LOAD ./FATFS/Target/fatfs_platform.o
LOAD ./FATFS/Target/sd_diskio.o
LOAD ./Middlewares/Third_Party/FatFs/diskio.o
LOAD ./Middlewares/Third_Party/FatFs/ff.o
LOAD ./Middlewares/Third_Party/FatFs/ff_gen_drv.o
LOAD ./Middlewares/Third_Party/FatFs/syscall.o
START GROUP
LOAD c:/st/stm32cubeide_1.11.2/stm32cubeide/plugins/com.st.stm32cube.ide.mcu.externaltools.gnu-tools-for-stm32.10.3-2021.10.win32_1.0.200.202301161003/tools/bin/../lib/gcc/arm-none-eabi/10.3.1/../../../../arm-none-eabi/lib/thumb/v7e-m+dp/hard\libc_nano.a
LOAD c:/st/stm32cubeide_1.11.2/stm32cubeide/plugins/com.st.stm32cube.ide.mcu.externaltools.gnu-tools-for-stm32.10.3-2021.10.win32_1.0.200.202301161003/tools/bin/../lib/gcc/arm-none-eabi/10.3.1/../../../../arm-none-eabi/lib/thumb/v7e-m+dp/hard\libm.a
END GROUP
START GROUP
LOAD c:/st/stm32cubeide_1.11.2/stm32cubeide/plugins/com.st.stm32cube.ide.mcu.externaltools.gnu-tools-for-stm32.10.3-2021.10.win32_1.0.200.202301161003/tools/bin/../lib/gcc/arm-none-eabi/10.3.1/thumb/v7e-m+dp/hard\libgcc.a
LOAD c:/st/stm32cubeide_1.11.2/stm32cubeide/plugins/com.st.stm32cube.ide.mcu.externaltools.gnu-tools-for-stm32.10.3-2021.10.win32_1.0.200.202301161003/tools/bin/../lib/gcc/arm-none-eabi/10.3.1/../../../../arm-none-eabi/lib/thumb/v7e-m+dp/hard\libc_nano.a
END GROUP
START GROUP
LOAD c:/st/stm32cubeide_1.11.2/stm32cubeide/plugins/com.st.stm32cube.ide.mcu.externaltools.gnu-tools-for-stm32.10.3-2021.10.win32_1.0.200.202301161003/tools/bin/../lib/gcc/arm-none-eabi/10.3.1/thumb/v7e-m+dp/hard\libgcc.a
LOAD c:/st/stm32cubeide_1.11.2/stm32cubeide/plugins/com.st.stm32cube.ide.mcu.externaltools.gnu-tools-for-stm32.10.3-2021.10.win32_1.0.200.202301161003/tools/bin/../lib/gcc/arm-none-eabi/10.3.1/../../../../arm-none-eabi/lib/thumb/v7e-m+dp/hard\libc_nano.a
LOAD c:/st/stm32cubeide_1.11.2/stm32cubeide/plugins/com.st.stm32cube.ide.mcu.externaltools.gnu-tools-for-stm32.10.3-2021.10.win32_1.0.200.202301161003/tools/bin/../lib/gcc/arm-none-eabi/10.3.1/../../../../arm-none-eabi/lib/thumb/v7e-m+dp/hard\libnosys.a
END GROUP
START GROUP
LOAD c:/st/stm32cubeide_1.11.2/stm32cubeide/plugins/com.st.stm32cube.ide.mcu.externaltools.gnu-tools-for-stm32.10.3-2021.10.win32_1.0.200.202301161003/tools/bin/../lib/gcc/arm-none-eabi/10.3.1/thumb/v7e-m+dp/hard\libgcc.a
LOAD c:/st/stm32cubeide_1.11.2/stm32cubeide/plugins/com.st.stm32cube.ide.mcu.externaltools.gnu-tools-for-stm32.10.3-2021.10.win32_1.0.200.202301161003/tools/bin/../lib/gcc/arm-none-eabi/10.3.1/../../../../arm-none-eabi/lib/thumb/v7e-m+dp/hard\libc_nano.a
LOAD c:/st/stm32cubeide_1.11.2/stm32cubeide/plugins/com.st.stm32cube.ide.mcu.externaltools.gnu-tools-for-stm32.10.3-2021.10.win32_1.0.200.202301161003/tools/bin/../lib/gcc/arm-none-eabi/10.3.1/../../../../arm-none-eabi/lib/thumb/v7e-m+dp/hard\libnosys.a
END GROUP
LOAD c:/st/stm32cubeide_1.11.2/stm32cubeide/plugins/com.st.stm32cube.ide.mcu.externaltools.gnu-tools-for-stm32.10.3-2021.10.win32_1.0.200.202301161003/tools/bin/../lib/gcc/arm-none-eabi/10.3.1/thumb/v7e-m+dp/hard/crtend.o
LOAD c:/st/stm32cubeide_1.11.2/stm32cubeide/plugins/com.st.stm32cube.ide.mcu.externaltools.gnu-tools-for-stm32.10.3-2021.10.win32_1.0.200.202301161003/tools/bin/../lib/gcc/arm-none-eabi/10.3.1/thumb/v7e-m+dp/hard/crtn.o
                0x0000000024080000                _estack = (ORIGIN (RAM_D1) + LENGTH (RAM_D1))
                0x0000000000000200                _Min_Heap_Size = 0x200
                0x0000000000000400                _Min_Stack_Size = 0x400

.isr_vector     0x0000000008000000      0x298
                0x0000000008000000                . = ALIGN (0x4)
 *(.isr_vector)
 .isr_vector    0x0000000008000000      0x298 ./Core/Startup/startup_stm32h747xihx.o
                0x0000000008000000                g_pfnVectors
                0x0000000008000298                . = ALIGN (0x4)

.text           0x00000000080002a0     0xdc28
                0x00000000080002a0                . = ALIGN (0x4)
 *(.text)
 .text          0x00000000080002a0       0x40 c:/st/stm32cubeide_1.11.2/stm32cubeide/plugins/com.st.stm32cube.ide.mcu.externaltools.gnu-tools-for-stm32.10.3-2021.10.win32_1.0.200.202301161003/tools/bin/../lib/gcc/arm-none-eabi/10.3.1/thumb/v7e-m+dp/hard/crtbegin.o
 .text          0x00000000080002e0       0xa0 c:/st/stm32cubeide_1.11.2/stm32cubeide/plugins/com.st.stm32cube.ide.mcu.externaltools.gnu-tools-for-stm32.10.3-2021.10.win32_1.0.200.202301161003/tools/bin/../lib/gcc/arm-none-eabi/10.3.1/../../../../arm-none-eabi/lib/thumb/v7e-m+dp/hard\libc_nano.a(lib_a-memchr.o)
                0x00000000080002e0                memchr
 .text          0x0000000008000380       0x30 c:/st/stm32cubeide_1.11.2/stm32cubeide/plugins/com.st.stm32cube.ide.mcu.externaltools.gnu-tools-for-stm32.10.3-2021.10.win32_1.0.200.202301161003/tools/bin/../lib/gcc/arm-none-eabi/10.3.1/thumb/v7e-m+dp/hard\libgcc.a(_aeabi_uldivmod.o)
                0x0000000008000380                __aeabi_uldivmod
 .text          0x00000000080003b0      0x2d0 c:/st/stm32cubeide_1.11.2/stm32cubeide/plugins/com.st.stm32cube.ide.mcu.externaltools.gnu-tools-for-stm32.10.3-2021.10.win32_1.0.200.202301161003/tools/bin/../lib/gcc/arm-none-eabi/10.3.1/thumb/v7e-m+dp/hard\libgcc.a(_udivmoddi4.o)
                0x00000000080003b0                __udivmoddi4
 .text          0x0000000008000680        0x4 c:/st/stm32cubeide_1.11.2/stm32cubeide/plugins/com.st.stm32cube.ide.mcu.externaltools.gnu-tools-for-stm32.10.3-2021.10.win32_1.0.200.202301161003/tools/bin/../lib/gcc/arm-none-eabi/10.3.1/thumb/v7e-m+dp/hard\libgcc.a(_dvmd_tls.o)
                0x0000000008000680                __aeabi_idiv0
                0x0000000008000680                __aeabi_ldiv0
 *(.text*)
 .text.SystemInit
                0x0000000008000684      0x12c ./Common/Src/system_stm32h7xx_dualcore_boot_cm4_cm7.o
                0x0000000008000684                SystemInit
 .text.erase_app_memory
                0x00000000080007b0       0x4a ./Core/Src/flash.o
                0x00000000080007b0                erase_app_memory
 .text.Flash_write32B
                0x00000000080007fa       0x3e ./Core/Src/flash.o
                0x00000000080007fa                Flash_write32B
 .text.MX_GPIO_Init
                0x0000000008000838      0x180 ./Core/Src/gpio.o
                0x0000000008000838                MX_GPIO_Init
 .text.gotoFirmware
                0x00000000080009b8       0x38 ./Core/Src/main.o
 .text.updateFirmware
                0x00000000080009f0      0x140 ./Core/Src/main.o
                0x00000000080009f0                updateFirmware
 .text.updateExternalFlash
                0x0000000008000b30       0xec ./Core/Src/main.o
                0x0000000008000b30                updateExternalFlash
 .text.boot_main
                0x0000000008000c1c      0x22c ./Core/Src/main.o
                0x0000000008000c1c                boot_main
 .text.SystemClock_Config
                0x0000000008000e48      0x110 ./Core/Src/main.o
                0x0000000008000e48                SystemClock_Config
 .text.Error_Handler
                0x0000000008000f58        0xa ./Core/Src/main.o
                0x0000000008000f58                Error_Handler
 .text.MT25TL01G_Enter4BytesAddressMode
                0x0000000008000f62       0x90 ./Core/Src/mt25tl01g.o
                0x0000000008000f62                MT25TL01G_Enter4BytesAddressMode
 .text.MT25TL01G_AutoPollingMemReady
                0x0000000008000ff2       0x78 ./Core/Src/mt25tl01g.o
                0x0000000008000ff2                MT25TL01G_AutoPollingMemReady
 .text.MT25TL01G_WriteEnable
                0x000000000800106a       0xb6 ./Core/Src/mt25tl01g.o
                0x000000000800106a                MT25TL01G_WriteEnable
 .text.MT25TL01G_PageProgram
                0x0000000008001120       0xec ./Core/Src/mt25tl01g.o
                0x0000000008001120                MT25TL01G_PageProgram
 .text.MT25TL01G_ReadSTR
                0x000000000800120c       0xec ./Core/Src/mt25tl01g.o
                0x000000000800120c                MT25TL01G_ReadSTR
 .text.MT25TL01G_ChipErase
                0x00000000080012f8       0x64 ./Core/Src/mt25tl01g.o
                0x00000000080012f8                MT25TL01G_ChipErase
 .text.MT25TL01G_EnterQPIMode
                0x000000000800135c       0x54 ./Core/Src/mt25tl01g.o
                0x000000000800135c                MT25TL01G_EnterQPIMode
 .text.MT25TL01G_ExitQPIMode
                0x00000000080013b0       0x54 ./Core/Src/mt25tl01g.o
                0x00000000080013b0                MT25TL01G_ExitQPIMode
 .text.MT25TL01G_ResetEnable
                0x0000000008001404       0x64 ./Core/Src/mt25tl01g.o
                0x0000000008001404                MT25TL01G_ResetEnable
 .text.MT25TL01G_ResetMemory
                0x0000000008001468       0x64 ./Core/Src/mt25tl01g.o
                0x0000000008001468                MT25TL01G_ResetMemory
 .text.MX_QUADSPI_Init
                0x00000000080014cc       0x54 ./Core/Src/quadspi.o
                0x00000000080014cc                MX_QUADSPI_Init
 .text.HAL_QSPI_MspInit
                0x0000000008001520      0x25c ./Core/Src/quadspi.o
                0x0000000008001520                HAL_QSPI_MspInit
 .text.HAL_QSPI_MspDeInit
                0x000000000800177c       0x74 ./Core/Src/quadspi.o
                0x000000000800177c                HAL_QSPI_MspDeInit
 .text.QSPI_Init
                0x00000000080017f0       0xf0 ./Core/Src/quadspi.o
 .text.QSPI_DeInit
                0x00000000080018e0       0xb8 ./Core/Src/quadspi.o
 .text.QSPI_Write
                0x0000000008001998      0x12c ./Core/Src/quadspi.o
 .text.QSPI_EraseChip
                0x0000000008001ac4       0x9c ./Core/Src/quadspi.o
 .text.QSPI_DisableMemoryMappedMode
                0x0000000008001b60       0xb0 ./Core/Src/quadspi.o
 .text.QSPI_ConfigFlash
                0x0000000008001c10       0xfc ./Core/Src/quadspi.o
 .text.QSPI_ResetMemory
                0x0000000008001d0c       0xd0 ./Core/Src/quadspi.o
 .text.QSPI_DummyCyclesCfg
                0x0000000008001ddc       0xfc ./Core/Src/quadspi.o
 .text.CSP_QUADSPI_Init
                0x0000000008001ed8       0x50 ./Core/Src/quadspi.o
                0x0000000008001ed8                CSP_QUADSPI_Init
 .text.CSP_QSPI_Erase_Chip
                0x0000000008001f28       0x12 ./Core/Src/quadspi.o
                0x0000000008001f28                CSP_QSPI_Erase_Chip
 .text.CSP_QSPI_WriteMemory
                0x0000000008001f3a       0x24 ./Core/Src/quadspi.o
                0x0000000008001f3a                CSP_QSPI_WriteMemory
 *fill*         0x0000000008001f5e        0x2 
 .text.MX_SDMMC1_SD_Init
                0x0000000008001f60       0x3c ./Core/Src/sdmmc.o
                0x0000000008001f60                MX_SDMMC1_SD_Init
 .text.HAL_SD_MspInit
                0x0000000008001f9c      0x140 ./Core/Src/sdmmc.o
                0x0000000008001f9c                HAL_SD_MspInit
 .text.HAL_MspInit
                0x00000000080020dc       0x34 ./Core/Src/stm32h7xx_hal_msp.o
                0x00000000080020dc                HAL_MspInit
 .text.NMI_Handler
                0x0000000008002110        0x6 ./Core/Src/stm32h7xx_it.o
                0x0000000008002110                NMI_Handler
 .text.HardFault_Handler
                0x0000000008002116        0x6 ./Core/Src/stm32h7xx_it.o
                0x0000000008002116                HardFault_Handler
 .text.MemManage_Handler
                0x000000000800211c        0x6 ./Core/Src/stm32h7xx_it.o
                0x000000000800211c                MemManage_Handler
 .text.BusFault_Handler
                0x0000000008002122        0x6 ./Core/Src/stm32h7xx_it.o
                0x0000000008002122                BusFault_Handler
 .text.UsageFault_Handler
                0x0000000008002128        0x6 ./Core/Src/stm32h7xx_it.o
                0x0000000008002128                UsageFault_Handler
 .text.SVC_Handler
                0x000000000800212e        0xe ./Core/Src/stm32h7xx_it.o
                0x000000000800212e                SVC_Handler
 .text.DebugMon_Handler
                0x000000000800213c        0xe ./Core/Src/stm32h7xx_it.o
                0x000000000800213c                DebugMon_Handler
 .text.PendSV_Handler
                0x000000000800214a        0xe ./Core/Src/stm32h7xx_it.o
                0x000000000800214a                PendSV_Handler
 .text.SysTick_Handler
                0x0000000008002158        0xc ./Core/Src/stm32h7xx_it.o
                0x0000000008002158                SysTick_Handler
 .text._sbrk    0x0000000008002164       0x6c ./Core/Src/sysmem.o
                0x0000000008002164                _sbrk
 .text.MX_USART1_UART_Init
                0x00000000080021d0       0x98 ./Core/Src/usart.o
                0x00000000080021d0                MX_USART1_UART_Init
 .text.HAL_UART_MspInit
                0x0000000008002268       0xd4 ./Core/Src/usart.o
                0x0000000008002268                HAL_UART_MspInit
 .text.Boot_Reset_Handler
                0x000000000800233c       0x50 ./Core/Startup/startup_stm32h747xihx.o
                0x000000000800233c                Boot_Reset_Handler
 .text.Default_Handler
                0x000000000800238c        0x2 ./Core/Startup/startup_stm32h747xihx.o
                0x000000000800238c                RTC_Alarm_IRQHandler
                0x000000000800238c                EXTI2_IRQHandler
                0x000000000800238c                TIM8_CC_IRQHandler
                0x000000000800238c                HRTIM1_Master_IRQHandler
                0x000000000800238c                UART8_IRQHandler
                0x000000000800238c                SPI4_IRQHandler
                0x000000000800238c                TIM1_CC_IRQHandler
                0x000000000800238c                BDMA_Channel6_IRQHandler
                0x000000000800238c                DMA2_Stream5_IRQHandler
                0x000000000800238c                HRTIM1_FLT_IRQHandler
                0x000000000800238c                JPEG_IRQHandler
                0x000000000800238c                DMA1_Stream5_IRQHandler
                0x000000000800238c                BDMA_Channel1_IRQHandler
                0x000000000800238c                HRTIM1_TIMD_IRQHandler
                0x000000000800238c                TAMP_STAMP_IRQHandler
                0x000000000800238c                EXTI3_IRQHandler
                0x000000000800238c                LPTIM4_IRQHandler
                0x000000000800238c                TIM8_TRG_COM_TIM14_IRQHandler
                0x000000000800238c                LPTIM2_IRQHandler
                0x000000000800238c                DFSDM1_FLT1_IRQHandler
                0x000000000800238c                DMAMUX2_OVR_IRQHandler
                0x000000000800238c                TIM8_UP_TIM13_IRQHandler
                0x000000000800238c                I2C3_ER_IRQHandler
                0x000000000800238c                DFSDM1_FLT2_IRQHandler
                0x000000000800238c                MDMA_IRQHandler
                0x000000000800238c                LPTIM3_IRQHandler
                0x000000000800238c                HSEM1_IRQHandler
                0x000000000800238c                EXTI0_IRQHandler
                0x000000000800238c                I2C2_EV_IRQHandler
                0x000000000800238c                DMA1_Stream2_IRQHandler
                0x000000000800238c                FPU_IRQHandler
                0x000000000800238c                OTG_HS_WKUP_IRQHandler
                0x000000000800238c                FDCAN1_IT1_IRQHandler
                0x000000000800238c                LTDC_ER_IRQHandler
                0x000000000800238c                DMA2_Stream2_IRQHandler
                0x000000000800238c                HRTIM1_TIME_IRQHandler
                0x000000000800238c                SPI1_IRQHandler
                0x000000000800238c                TIM6_DAC_IRQHandler
                0x000000000800238c                DCMI_IRQHandler
                0x000000000800238c                HRTIM1_TIMC_IRQHandler
                0x000000000800238c                DMA2_Stream3_IRQHandler
                0x000000000800238c                SAI2_IRQHandler
                0x000000000800238c                DFSDM1_FLT3_IRQHandler
                0x000000000800238c                USART6_IRQHandler
                0x000000000800238c                TIM17_IRQHandler
                0x000000000800238c                USART3_IRQHandler
                0x000000000800238c                BDMA_Channel7_IRQHandler
                0x000000000800238c                LPTIM5_IRQHandler
                0x000000000800238c                UART5_IRQHandler
                0x000000000800238c                ADC3_IRQHandler
                0x000000000800238c                DMA2_Stream0_IRQHandler
                0x000000000800238c                TIM4_IRQHandler
                0x000000000800238c                BDMA_Channel2_IRQHandler
                0x000000000800238c                QUADSPI_IRQHandler
                0x000000000800238c                I2C1_EV_IRQHandler
                0x000000000800238c                DMA1_Stream6_IRQHandler
                0x000000000800238c                DMAMUX1_OVR_IRQHandler
                0x000000000800238c                DMA1_Stream1_IRQHandler
                0x000000000800238c                TIM16_IRQHandler
                0x000000000800238c                UART4_IRQHandler
                0x000000000800238c                BDMA_Channel5_IRQHandler
                0x000000000800238c                TIM3_IRQHandler
                0x000000000800238c                RCC_IRQHandler
                0x000000000800238c                TIM8_BRK_TIM12_IRQHandler
                0x000000000800238c                TIM1_TRG_COM_IRQHandler
                0x000000000800238c                Default_Handler
                0x000000000800238c                ECC_IRQHandler
                0x000000000800238c                CEC_IRQHandler
                0x000000000800238c                EXTI15_10_IRQHandler
                0x000000000800238c                BDMA_Channel0_IRQHandler
                0x000000000800238c                ADC_IRQHandler
                0x000000000800238c                DMA1_Stream7_IRQHandler
                0x000000000800238c                HRTIM1_TIMA_IRQHandler
                0x000000000800238c                SPI5_IRQHandler
                0x000000000800238c                TIM7_IRQHandler
                0x000000000800238c                SDMMC1_IRQHandler
                0x000000000800238c                TIM5_IRQHandler
                0x000000000800238c                DMA2_Stream7_IRQHandler
                0x000000000800238c                TIM15_IRQHandler
                0x000000000800238c                PVD_AVD_IRQHandler
                0x000000000800238c                I2C3_EV_IRQHandler
                0x000000000800238c                EXTI9_5_IRQHandler
                0x000000000800238c                RTC_WKUP_IRQHandler
                0x000000000800238c                LTDC_IRQHandler
                0x000000000800238c                SAI3_IRQHandler
                0x000000000800238c                ETH_WKUP_IRQHandler
                0x000000000800238c                SPDIF_RX_IRQHandler
                0x000000000800238c                SPI2_IRQHandler
                0x000000000800238c                OTG_HS_EP1_IN_IRQHandler
                0x000000000800238c                DMA1_Stream0_IRQHandler
                0x000000000800238c                CRS_IRQHandler
                0x000000000800238c                CM7_SEV_IRQHandler
                0x000000000800238c                EXTI4_IRQHandler
                0x000000000800238c                RNG_IRQHandler
                0x000000000800238c                CM4_SEV_IRQHandler
                0x000000000800238c                HRTIM1_TIMB_IRQHandler
                0x000000000800238c                FDCAN2_IT1_IRQHandler
                0x000000000800238c                DSI_IRQHandler
                0x000000000800238c                ETH_IRQHandler
                0x000000000800238c                TIM1_UP_IRQHandler
                0x000000000800238c                WWDG_RST_IRQHandler
                0x000000000800238c                BDMA_Channel4_IRQHandler
                0x000000000800238c                OTG_HS_EP1_OUT_IRQHandler
                0x000000000800238c                WWDG_IRQHandler
                0x000000000800238c                SPI6_IRQHandler
                0x000000000800238c                MDIOS_IRQHandler
                0x000000000800238c                I2C4_EV_IRQHandler
                0x000000000800238c                FDCAN2_IT0_IRQHandler
                0x000000000800238c                LPUART1_IRQHandler
                0x000000000800238c                FDCAN1_IT0_IRQHandler
                0x000000000800238c                TIM2_IRQHandler
                0x000000000800238c                OTG_FS_WKUP_IRQHandler
                0x000000000800238c                OTG_HS_IRQHandler
                0x000000000800238c                HSEM2_IRQHandler
                0x000000000800238c                DMA2D_IRQHandler
                0x000000000800238c                TIM1_BRK_IRQHandler
                0x000000000800238c                EXTI1_IRQHandler
                0x000000000800238c                SDMMC2_IRQHandler
                0x000000000800238c                OTG_FS_EP1_OUT_IRQHandler
                0x000000000800238c                BDMA_Channel3_IRQHandler
                0x000000000800238c                HOLD_CORE_IRQHandler
                0x000000000800238c                UART7_IRQHandler
                0x000000000800238c                MDIOS_WKUP_IRQHandler
                0x000000000800238c                USART2_IRQHandler
                0x000000000800238c                DFSDM1_FLT0_IRQHandler
                0x000000000800238c                SAI4_IRQHandler
                0x000000000800238c                I2C2_ER_IRQHandler
                0x000000000800238c                DMA2_Stream1_IRQHandler
                0x000000000800238c                FLASH_IRQHandler
                0x000000000800238c                DMA2_Stream4_IRQHandler
                0x000000000800238c                USART1_IRQHandler
                0x000000000800238c                OTG_FS_IRQHandler
                0x000000000800238c                SPI3_IRQHandler
                0x000000000800238c                WAKEUP_PIN_IRQHandler
                0x000000000800238c                DMA1_Stream4_IRQHandler
                0x000000000800238c                OTG_FS_EP1_IN_IRQHandler
                0x000000000800238c                I2C1_ER_IRQHandler
                0x000000000800238c                FMC_IRQHandler
                0x000000000800238c                FDCAN_CAL_IRQHandler
                0x000000000800238c                SWPMI1_IRQHandler
                0x000000000800238c                COMP1_IRQHandler
                0x000000000800238c                LPTIM1_IRQHandler
                0x000000000800238c                I2C4_ER_IRQHandler
                0x000000000800238c                DMA2_Stream6_IRQHandler
                0x000000000800238c                SAI1_IRQHandler
                0x000000000800238c                DMA1_Stream3_IRQHandler
 *fill*         0x000000000800238e        0x2 
 .text.HAL_Init
                0x0000000008002390       0x78 ./Drivers/STM32H7xx_HAL_Driver/stm32h7xx_hal.o
                0x0000000008002390                HAL_Init
 .text.HAL_InitTick
                0x0000000008002408       0x6c ./Drivers/STM32H7xx_HAL_Driver/stm32h7xx_hal.o
                0x0000000008002408                HAL_InitTick
 .text.HAL_IncTick
                0x0000000008002474       0x28 ./Drivers/STM32H7xx_HAL_Driver/stm32h7xx_hal.o
                0x0000000008002474                HAL_IncTick
 .text.HAL_GetTick
                0x000000000800249c       0x18 ./Drivers/STM32H7xx_HAL_Driver/stm32h7xx_hal.o
                0x000000000800249c                HAL_GetTick
 .text.HAL_Delay
                0x00000000080024b4       0x48 ./Drivers/STM32H7xx_HAL_Driver/stm32h7xx_hal.o
                0x00000000080024b4                HAL_Delay
 .text.HAL_GetREVID
                0x00000000080024fc       0x18 ./Drivers/STM32H7xx_HAL_Driver/stm32h7xx_hal.o
                0x00000000080024fc                HAL_GetREVID
 .text.__NVIC_SetPriorityGrouping
                0x0000000008002514       0x48 ./Drivers/STM32H7xx_HAL_Driver/stm32h7xx_hal_cortex.o
 .text.__NVIC_GetPriorityGrouping
                0x000000000800255c       0x1c ./Drivers/STM32H7xx_HAL_Driver/stm32h7xx_hal_cortex.o
 .text.__NVIC_SetPriority
                0x0000000008002578       0x54 ./Drivers/STM32H7xx_HAL_Driver/stm32h7xx_hal_cortex.o
 .text.NVIC_EncodePriority
                0x00000000080025cc       0x66 ./Drivers/STM32H7xx_HAL_Driver/stm32h7xx_hal_cortex.o
 *fill*         0x0000000008002632        0x2 
 .text.SysTick_Config
                0x0000000008002634       0x44 ./Drivers/STM32H7xx_HAL_Driver/stm32h7xx_hal_cortex.o
 .text.HAL_NVIC_SetPriorityGrouping
                0x0000000008002678       0x16 ./Drivers/STM32H7xx_HAL_Driver/stm32h7xx_hal_cortex.o
                0x0000000008002678                HAL_NVIC_SetPriorityGrouping
 .text.HAL_NVIC_SetPriority
                0x000000000800268e       0x34 ./Drivers/STM32H7xx_HAL_Driver/stm32h7xx_hal_cortex.o
                0x000000000800268e                HAL_NVIC_SetPriority
 .text.HAL_SYSTICK_Config
                0x00000000080026c2       0x18 ./Drivers/STM32H7xx_HAL_Driver/stm32h7xx_hal_cortex.o
                0x00000000080026c2                HAL_SYSTICK_Config
 *fill*         0x00000000080026da        0x2 
 .text.HAL_FLASH_Program
                0x00000000080026dc      0x124 ./Drivers/STM32H7xx_HAL_Driver/stm32h7xx_hal_flash.o
                0x00000000080026dc                HAL_FLASH_Program
 .text.HAL_FLASH_Unlock
                0x0000000008002800       0x74 ./Drivers/STM32H7xx_HAL_Driver/stm32h7xx_hal_flash.o
                0x0000000008002800                HAL_FLASH_Unlock
 .text.HAL_FLASH_Lock
                0x0000000008002874       0x54 ./Drivers/STM32H7xx_HAL_Driver/stm32h7xx_hal_flash.o
                0x0000000008002874                HAL_FLASH_Lock
 .text.FLASH_WaitForLastOperation
                0x00000000080028c8      0x138 ./Drivers/STM32H7xx_HAL_Driver/stm32h7xx_hal_flash.o
                0x00000000080028c8                FLASH_WaitForLastOperation
 .text.HAL_FLASHEx_Erase
                0x0000000008002a00      0x194 ./Drivers/STM32H7xx_HAL_Driver/stm32h7xx_hal_flash_ex.o
                0x0000000008002a00                HAL_FLASHEx_Erase
 .text.FLASH_MassErase
                0x0000000008002b94       0xd4 ./Drivers/STM32H7xx_HAL_Driver/stm32h7xx_hal_flash_ex.o
 .text.FLASH_Erase_Sector
                0x0000000008002c68       0x7c ./Drivers/STM32H7xx_HAL_Driver/stm32h7xx_hal_flash_ex.o
                0x0000000008002c68                FLASH_Erase_Sector
 .text.HAL_GPIO_Init
                0x0000000008002ce4      0x360 ./Drivers/STM32H7xx_HAL_Driver/stm32h7xx_hal_gpio.o
                0x0000000008002ce4                HAL_GPIO_Init
 .text.HAL_GPIO_DeInit
                0x0000000008003044      0x214 ./Drivers/STM32H7xx_HAL_Driver/stm32h7xx_hal_gpio.o
                0x0000000008003044                HAL_GPIO_DeInit
 .text.HAL_GPIO_ReadPin
                0x0000000008003258       0x30 ./Drivers/STM32H7xx_HAL_Driver/stm32h7xx_hal_gpio.o
                0x0000000008003258                HAL_GPIO_ReadPin
 .text.HAL_GPIO_WritePin
                0x0000000008003288       0x32 ./Drivers/STM32H7xx_HAL_Driver/stm32h7xx_hal_gpio.o
                0x0000000008003288                HAL_GPIO_WritePin
 *fill*         0x00000000080032ba        0x2 
 .text.HAL_HSEM_FastTake
                0x00000000080032bc       0x34 ./Drivers/STM32H7xx_HAL_Driver/stm32h7xx_hal_hsem.o
                0x00000000080032bc                HAL_HSEM_FastTake
 .text.HAL_HSEM_Release
                0x00000000080032f0       0x28 ./Drivers/STM32H7xx_HAL_Driver/stm32h7xx_hal_hsem.o
                0x00000000080032f0                HAL_HSEM_Release
 .text.HAL_MDMA_Abort
                0x0000000008003318       0xb6 ./Drivers/STM32H7xx_HAL_Driver/stm32h7xx_hal_mdma.o
                0x0000000008003318                HAL_MDMA_Abort
 *fill*         0x00000000080033ce        0x2 
 .text.HAL_PWREx_ConfigSupply
                0x00000000080033d0       0xb4 ./Drivers/STM32H7xx_HAL_Driver/stm32h7xx_hal_pwr_ex.o
                0x00000000080033d0                HAL_PWREx_ConfigSupply
 .text.HAL_QSPI_Init
                0x0000000008003484       0xe8 ./Drivers/STM32H7xx_HAL_Driver/stm32h7xx_hal_qspi.o
                0x0000000008003484                HAL_QSPI_Init
 .text.HAL_QSPI_DeInit
                0x000000000800356c       0x40 ./Drivers/STM32H7xx_HAL_Driver/stm32h7xx_hal_qspi.o
                0x000000000800356c                HAL_QSPI_DeInit
 .text.HAL_QSPI_Command
                0x00000000080035ac       0xbc ./Drivers/STM32H7xx_HAL_Driver/stm32h7xx_hal_qspi.o
                0x00000000080035ac                HAL_QSPI_Command
 .text.HAL_QSPI_Transmit
                0x0000000008003668      0x124 ./Drivers/STM32H7xx_HAL_Driver/stm32h7xx_hal_qspi.o
                0x0000000008003668                HAL_QSPI_Transmit
 .text.HAL_QSPI_Receive
                0x000000000800378c      0x13a ./Drivers/STM32H7xx_HAL_Driver/stm32h7xx_hal_qspi.o
                0x000000000800378c                HAL_QSPI_Receive
 .text.HAL_QSPI_AutoPolling
                0x00000000080038c6       0xee ./Drivers/STM32H7xx_HAL_Driver/stm32h7xx_hal_qspi.o
                0x00000000080038c6                HAL_QSPI_AutoPolling
 .text.HAL_QSPI_Abort
                0x00000000080039b4       0xf2 ./Drivers/STM32H7xx_HAL_Driver/stm32h7xx_hal_qspi.o
                0x00000000080039b4                HAL_QSPI_Abort
 .text.HAL_QSPI_SetTimeout
                0x0000000008003aa6       0x1c ./Drivers/STM32H7xx_HAL_Driver/stm32h7xx_hal_qspi.o
                0x0000000008003aa6                HAL_QSPI_SetTimeout
 .text.QSPI_WaitFlagStateUntilTimeout
                0x0000000008003ac2       0x6e ./Drivers/STM32H7xx_HAL_Driver/stm32h7xx_hal_qspi.o
 .text.QSPI_Config
                0x0000000008003b30      0x30c ./Drivers/STM32H7xx_HAL_Driver/stm32h7xx_hal_qspi.o
 .text.HAL_RCC_OscConfig
                0x0000000008003e3c      0x8b4 ./Drivers/STM32H7xx_HAL_Driver/stm32h7xx_hal_rcc.o
                0x0000000008003e3c                HAL_RCC_OscConfig
 .text.HAL_RCC_ClockConfig
                0x00000000080046f0      0x36c ./Drivers/STM32H7xx_HAL_Driver/stm32h7xx_hal_rcc.o
                0x00000000080046f0                HAL_RCC_ClockConfig
 .text.HAL_RCC_MCOConfig
                0x0000000008004a5c       0xd4 ./Drivers/STM32H7xx_HAL_Driver/stm32h7xx_hal_rcc.o
                0x0000000008004a5c                HAL_RCC_MCOConfig
 .text.HAL_RCC_GetSysClockFreq
                0x0000000008004b30      0x2f4 ./Drivers/STM32H7xx_HAL_Driver/stm32h7xx_hal_rcc.o
                0x0000000008004b30                HAL_RCC_GetSysClockFreq
 .text.HAL_RCC_GetHCLKFreq
                0x0000000008004e24       0x60 ./Drivers/STM32H7xx_HAL_Driver/stm32h7xx_hal_rcc.o
                0x0000000008004e24                HAL_RCC_GetHCLKFreq
 .text.HAL_RCC_GetPCLK1Freq
                0x0000000008004e84       0x2c ./Drivers/STM32H7xx_HAL_Driver/stm32h7xx_hal_rcc.o
                0x0000000008004e84                HAL_RCC_GetPCLK1Freq
 .text.HAL_RCC_GetPCLK2Freq
                0x0000000008004eb0       0x2c ./Drivers/STM32H7xx_HAL_Driver/stm32h7xx_hal_rcc.o
                0x0000000008004eb0                HAL_RCC_GetPCLK2Freq
 .text.HAL_RCCEx_PeriphCLKConfig
                0x0000000008004edc     0x1494 ./Drivers/STM32H7xx_HAL_Driver/stm32h7xx_hal_rcc_ex.o
                0x0000000008004edc                HAL_RCCEx_PeriphCLKConfig
 .text.HAL_RCCEx_GetPeriphCLKFreq
                0x0000000008006370      0xb00 ./Drivers/STM32H7xx_HAL_Driver/stm32h7xx_hal_rcc_ex.o
                0x0000000008006370                HAL_RCCEx_GetPeriphCLKFreq
 .text.HAL_RCCEx_GetD3PCLK1Freq
                0x0000000008006e70       0x2c ./Drivers/STM32H7xx_HAL_Driver/stm32h7xx_hal_rcc_ex.o
                0x0000000008006e70                HAL_RCCEx_GetD3PCLK1Freq
 .text.HAL_RCCEx_GetPLL2ClockFreq
                0x0000000008006e9c      0x2a8 ./Drivers/STM32H7xx_HAL_Driver/stm32h7xx_hal_rcc_ex.o
                0x0000000008006e9c                HAL_RCCEx_GetPLL2ClockFreq
 .text.HAL_RCCEx_GetPLL3ClockFreq
                0x0000000008007144      0x2a8 ./Drivers/STM32H7xx_HAL_Driver/stm32h7xx_hal_rcc_ex.o
                0x0000000008007144                HAL_RCCEx_GetPLL3ClockFreq
 .text.HAL_RCCEx_GetPLL1ClockFreq
                0x00000000080073ec      0x2a4 ./Drivers/STM32H7xx_HAL_Driver/stm32h7xx_hal_rcc_ex.o
                0x00000000080073ec                HAL_RCCEx_GetPLL1ClockFreq
 .text.RCCEx_PLL2_Config
                0x0000000008007690      0x164 ./Drivers/STM32H7xx_HAL_Driver/stm32h7xx_hal_rcc_ex.o
 .text.RCCEx_PLL3_Config
                0x00000000080077f4      0x164 ./Drivers/STM32H7xx_HAL_Driver/stm32h7xx_hal_rcc_ex.o
 .text.HAL_SD_Init
                0x0000000008007958      0x106 ./Drivers/STM32H7xx_HAL_Driver/stm32h7xx_hal_sd.o
                0x0000000008007958                HAL_SD_Init
 *fill*         0x0000000008007a5e        0x2 
 .text.HAL_SD_InitCard
                0x0000000008007a60      0x138 ./Drivers/STM32H7xx_HAL_Driver/stm32h7xx_hal_sd.o
                0x0000000008007a60                HAL_SD_InitCard
 .text.HAL_SD_ReadBlocks
                0x0000000008007b98      0x314 ./Drivers/STM32H7xx_HAL_Driver/stm32h7xx_hal_sd.o
                0x0000000008007b98                HAL_SD_ReadBlocks
 .text.HAL_SD_WriteBlocks
                0x0000000008007eac      0x31c ./Drivers/STM32H7xx_HAL_Driver/stm32h7xx_hal_sd.o
                0x0000000008007eac                HAL_SD_WriteBlocks
 .text.HAL_SD_GetCardCSD
                0x00000000080081c8      0x348 ./Drivers/STM32H7xx_HAL_Driver/stm32h7xx_hal_sd.o
                0x00000000080081c8                HAL_SD_GetCardCSD
 .text.HAL_SD_GetCardStatus
                0x0000000008008510      0x17c ./Drivers/STM32H7xx_HAL_Driver/stm32h7xx_hal_sd.o
                0x0000000008008510                HAL_SD_GetCardStatus
 .text.HAL_SD_GetCardInfo
                0x000000000800868c       0x58 ./Drivers/STM32H7xx_HAL_Driver/stm32h7xx_hal_sd.o
                0x000000000800868c                HAL_SD_GetCardInfo
 .text.HAL_SD_ConfigWideBusOperation
                0x00000000080086e4      0x224 ./Drivers/STM32H7xx_HAL_Driver/stm32h7xx_hal_sd.o
                0x00000000080086e4                HAL_SD_ConfigWideBusOperation
 .text.HAL_SD_GetCardState
                0x0000000008008908       0x40 ./Drivers/STM32H7xx_HAL_Driver/stm32h7xx_hal_sd.o
                0x0000000008008908                HAL_SD_GetCardState
 .text.SD_InitCard
                0x0000000008008948      0x19c ./Drivers/STM32H7xx_HAL_Driver/stm32h7xx_hal_sd.o
 .text.SD_PowerON
                0x0000000008008ae4      0x11c ./Drivers/STM32H7xx_HAL_Driver/stm32h7xx_hal_sd.o
 .text.SD_SendSDStatus
                0x0000000008008c00      0x1a0 ./Drivers/STM32H7xx_HAL_Driver/stm32h7xx_hal_sd.o
 .text.SD_SendStatus
                0x0000000008008da0       0x50 ./Drivers/STM32H7xx_HAL_Driver/stm32h7xx_hal_sd.o
 .text.SD_WideBus_Enable
                0x0000000008008df0       0x96 ./Drivers/STM32H7xx_HAL_Driver/stm32h7xx_hal_sd.o
 .text.SD_WideBus_Disable
                0x0000000008008e86       0x96 ./Drivers/STM32H7xx_HAL_Driver/stm32h7xx_hal_sd.o
 .text.SD_FindSCR
                0x0000000008008f1c      0x1a0 ./Drivers/STM32H7xx_HAL_Driver/stm32h7xx_hal_sd.o
 .text.HAL_UART_Init
                0x00000000080090bc       0xa0 ./Drivers/STM32H7xx_HAL_Driver/stm32h7xx_hal_uart.o
                0x00000000080090bc                HAL_UART_Init
 .text.HAL_UART_Transmit
                0x000000000800915c      0x11c ./Drivers/STM32H7xx_HAL_Driver/stm32h7xx_hal_uart.o
                0x000000000800915c                HAL_UART_Transmit
 .text.UART_SetConfig
                0x0000000008009278      0xad0 ./Drivers/STM32H7xx_HAL_Driver/stm32h7xx_hal_uart.o
                0x0000000008009278                UART_SetConfig
 .text.UART_AdvFeatureConfig
                0x0000000008009d48      0x144 ./Drivers/STM32H7xx_HAL_Driver/stm32h7xx_hal_uart.o
                0x0000000008009d48                UART_AdvFeatureConfig
 .text.UART_CheckIdleState
                0x0000000008009e8c      0x154 ./Drivers/STM32H7xx_HAL_Driver/stm32h7xx_hal_uart.o
                0x0000000008009e8c                UART_CheckIdleState
 .text.UART_WaitOnFlagUntilTimeout
                0x0000000008009fe0       0xce ./Drivers/STM32H7xx_HAL_Driver/stm32h7xx_hal_uart.o
                0x0000000008009fe0                UART_WaitOnFlagUntilTimeout
 *fill*         0x000000000800a0ae        0x2 
 .text.UART_EndRxTransfer
                0x000000000800a0b0       0xcc ./Drivers/STM32H7xx_HAL_Driver/stm32h7xx_hal_uart.o
 .text.HAL_UARTEx_DisableFifoMode
                0x000000000800a17c       0x72 ./Drivers/STM32H7xx_HAL_Driver/stm32h7xx_hal_uart_ex.o
                0x000000000800a17c                HAL_UARTEx_DisableFifoMode
 .text.HAL_UARTEx_SetTxFifoThreshold
                0x000000000800a1ee       0x7c ./Drivers/STM32H7xx_HAL_Driver/stm32h7xx_hal_uart_ex.o
                0x000000000800a1ee                HAL_UARTEx_SetTxFifoThreshold
 .text.HAL_UARTEx_SetRxFifoThreshold
                0x000000000800a26a       0x7c ./Drivers/STM32H7xx_HAL_Driver/stm32h7xx_hal_uart_ex.o
                0x000000000800a26a                HAL_UARTEx_SetRxFifoThreshold
 *fill*         0x000000000800a2e6        0x2 
 .text.UARTEx_SetNbDataToProcess
                0x000000000800a2e8       0x9c ./Drivers/STM32H7xx_HAL_Driver/stm32h7xx_hal_uart_ex.o
 .text.SDMMC_Init
                0x000000000800a384       0x54 ./Drivers/STM32H7xx_HAL_Driver/stm32h7xx_ll_sdmmc.o
                0x000000000800a384                SDMMC_Init
 .text.SDMMC_ReadFIFO
                0x000000000800a3d8       0x1a ./Drivers/STM32H7xx_HAL_Driver/stm32h7xx_ll_sdmmc.o
                0x000000000800a3d8                SDMMC_ReadFIFO
 .text.SDMMC_WriteFIFO
                0x000000000800a3f2       0x22 ./Drivers/STM32H7xx_HAL_Driver/stm32h7xx_ll_sdmmc.o
                0x000000000800a3f2                SDMMC_WriteFIFO
 .text.SDMMC_PowerState_ON
                0x000000000800a414       0x22 ./Drivers/STM32H7xx_HAL_Driver/stm32h7xx_ll_sdmmc.o
                0x000000000800a414                SDMMC_PowerState_ON
 .text.SDMMC_GetPowerState
                0x000000000800a436       0x1c ./Drivers/STM32H7xx_HAL_Driver/stm32h7xx_ll_sdmmc.o
                0x000000000800a436                SDMMC_GetPowerState
 *fill*         0x000000000800a452        0x2 
 .text.SDMMC_SendCommand
                0x000000000800a454       0x54 ./Drivers/STM32H7xx_HAL_Driver/stm32h7xx_ll_sdmmc.o
                0x000000000800a454                SDMMC_SendCommand
 .text.SDMMC_GetCommandResponse
                0x000000000800a4a8       0x1a ./Drivers/STM32H7xx_HAL_Driver/stm32h7xx_ll_sdmmc.o
                0x000000000800a4a8                SDMMC_GetCommandResponse
 .text.SDMMC_GetResponse
                0x000000000800a4c2       0x26 ./Drivers/STM32H7xx_HAL_Driver/stm32h7xx_ll_sdmmc.o
                0x000000000800a4c2                SDMMC_GetResponse
 .text.SDMMC_ConfigData
                0x000000000800a4e8       0x58 ./Drivers/STM32H7xx_HAL_Driver/stm32h7xx_ll_sdmmc.o
                0x000000000800a4e8                SDMMC_ConfigData
 .text.SDMMC_CmdBlockLength
                0x000000000800a540       0x46 ./Drivers/STM32H7xx_HAL_Driver/stm32h7xx_ll_sdmmc.o
                0x000000000800a540                SDMMC_CmdBlockLength
 .text.SDMMC_CmdReadSingleBlock
                0x000000000800a586       0x46 ./Drivers/STM32H7xx_HAL_Driver/stm32h7xx_ll_sdmmc.o
                0x000000000800a586                SDMMC_CmdReadSingleBlock
 .text.SDMMC_CmdReadMultiBlock
                0x000000000800a5cc       0x46 ./Drivers/STM32H7xx_HAL_Driver/stm32h7xx_ll_sdmmc.o
                0x000000000800a5cc                SDMMC_CmdReadMultiBlock
 .text.SDMMC_CmdWriteSingleBlock
                0x000000000800a612       0x46 ./Drivers/STM32H7xx_HAL_Driver/stm32h7xx_ll_sdmmc.o
                0x000000000800a612                SDMMC_CmdWriteSingleBlock
 .text.SDMMC_CmdWriteMultiBlock
                0x000000000800a658       0x46 ./Drivers/STM32H7xx_HAL_Driver/stm32h7xx_ll_sdmmc.o
                0x000000000800a658                SDMMC_CmdWriteMultiBlock
 *fill*         0x000000000800a69e        0x2 
 .text.SDMMC_CmdStopTransfer
                0x000000000800a6a0       0x78 ./Drivers/STM32H7xx_HAL_Driver/stm32h7xx_ll_sdmmc.o
                0x000000000800a6a0                SDMMC_CmdStopTransfer
 .text.SDMMC_CmdSelDesel
                0x000000000800a718       0x46 ./Drivers/STM32H7xx_HAL_Driver/stm32h7xx_ll_sdmmc.o
                0x000000000800a718                SDMMC_CmdSelDesel
 .text.SDMMC_CmdGoIdleState
                0x000000000800a75e       0x3c ./Drivers/STM32H7xx_HAL_Driver/stm32h7xx_ll_sdmmc.o
                0x000000000800a75e                SDMMC_CmdGoIdleState
 .text.SDMMC_CmdOperCond
                0x000000000800a79a       0x40 ./Drivers/STM32H7xx_HAL_Driver/stm32h7xx_ll_sdmmc.o
                0x000000000800a79a                SDMMC_CmdOperCond
 .text.SDMMC_CmdAppCommand
                0x000000000800a7da       0x46 ./Drivers/STM32H7xx_HAL_Driver/stm32h7xx_ll_sdmmc.o
                0x000000000800a7da                SDMMC_CmdAppCommand
 .text.SDMMC_CmdAppOperCommand
                0x000000000800a820       0x40 ./Drivers/STM32H7xx_HAL_Driver/stm32h7xx_ll_sdmmc.o
                0x000000000800a820                SDMMC_CmdAppOperCommand
 .text.SDMMC_CmdBusWidth
                0x000000000800a860       0x46 ./Drivers/STM32H7xx_HAL_Driver/stm32h7xx_ll_sdmmc.o
                0x000000000800a860                SDMMC_CmdBusWidth
 .text.SDMMC_CmdSendSCR
                0x000000000800a8a6       0x44 ./Drivers/STM32H7xx_HAL_Driver/stm32h7xx_ll_sdmmc.o
                0x000000000800a8a6                SDMMC_CmdSendSCR
 .text.SDMMC_CmdSendCID
                0x000000000800a8ea       0x3e ./Drivers/STM32H7xx_HAL_Driver/stm32h7xx_ll_sdmmc.o
                0x000000000800a8ea                SDMMC_CmdSendCID
 .text.SDMMC_CmdSendCSD
                0x000000000800a928       0x40 ./Drivers/STM32H7xx_HAL_Driver/stm32h7xx_ll_sdmmc.o
                0x000000000800a928                SDMMC_CmdSendCSD
 .text.SDMMC_CmdSetRelAdd
                0x000000000800a968       0x44 ./Drivers/STM32H7xx_HAL_Driver/stm32h7xx_ll_sdmmc.o
                0x000000000800a968                SDMMC_CmdSetRelAdd
 .text.SDMMC_CmdSendStatus
                0x000000000800a9ac       0x46 ./Drivers/STM32H7xx_HAL_Driver/stm32h7xx_ll_sdmmc.o
                0x000000000800a9ac                SDMMC_CmdSendStatus
 .text.SDMMC_CmdStatusRegister
                0x000000000800a9f2       0x44 ./Drivers/STM32H7xx_HAL_Driver/stm32h7xx_ll_sdmmc.o
                0x000000000800a9f2                SDMMC_CmdStatusRegister
 *fill*         0x000000000800aa36        0x2 
 .text.SDMMC_GetCmdResp1
                0x000000000800aa38      0x1e4 ./Drivers/STM32H7xx_HAL_Driver/stm32h7xx_ll_sdmmc.o
                0x000000000800aa38                SDMMC_GetCmdResp1
 .text.SDMMC_GetCmdResp2
                0x000000000800ac1c       0x94 ./Drivers/STM32H7xx_HAL_Driver/stm32h7xx_ll_sdmmc.o
                0x000000000800ac1c                SDMMC_GetCmdResp2
 .text.SDMMC_GetCmdResp3
                0x000000000800acb0       0x80 ./Drivers/STM32H7xx_HAL_Driver/stm32h7xx_ll_sdmmc.o
                0x000000000800acb0                SDMMC_GetCmdResp3
 .text.SDMMC_GetCmdResp6
                0x000000000800ad30       0xf0 ./Drivers/STM32H7xx_HAL_Driver/stm32h7xx_ll_sdmmc.o
                0x000000000800ad30                SDMMC_GetCmdResp6
 .text.SDMMC_GetCmdResp7
                0x000000000800ae20       0x9c ./Drivers/STM32H7xx_HAL_Driver/stm32h7xx_ll_sdmmc.o
                0x000000000800ae20                SDMMC_GetCmdResp7
 .text.SDMMC_GetCmdError
                0x000000000800aebc       0x5c ./Drivers/STM32H7xx_HAL_Driver/stm32h7xx_ll_sdmmc.o
 .text.MX_FATFS_Init
                0x000000000800af18       0x24 ./FATFS/App/fatfs.o
                0x000000000800af18                MX_FATFS_Init
 .text.get_fattime
                0x000000000800af3c       0x10 ./FATFS/App/fatfs.o
                0x000000000800af3c                get_fattime
 .text.BSP_SD_Init
                0x000000000800af4c       0x4c ./FATFS/Target/bsp_driver_sd.o
                0x000000000800af4c                BSP_SD_Init
 .text.BSP_SD_ReadBlocks
                0x000000000800af98       0x3c ./FATFS/Target/bsp_driver_sd.o
                0x000000000800af98                BSP_SD_ReadBlocks
 .text.BSP_SD_WriteBlocks
                0x000000000800afd4       0x3c ./FATFS/Target/bsp_driver_sd.o
                0x000000000800afd4                BSP_SD_WriteBlocks
 .text.BSP_SD_GetCardState
                0x000000000800b010       0x20 ./FATFS/Target/bsp_driver_sd.o
                0x000000000800b010                BSP_SD_GetCardState
 .text.BSP_SD_GetCardInfo
                0x000000000800b030       0x1c ./FATFS/Target/bsp_driver_sd.o
                0x000000000800b030                BSP_SD_GetCardInfo
 .text.BSP_SD_IsDetected
                0x000000000800b04c       0x24 ./FATFS/Target/bsp_driver_sd.o
                0x000000000800b04c                BSP_SD_IsDetected
 .text.BSP_PlatformIsDetected
                0x000000000800b070       0x2c ./FATFS/Target/fatfs_platform.o
                0x000000000800b070                BSP_PlatformIsDetected
 .text.SD_CheckStatus
                0x000000000800b09c       0x3c ./FATFS/Target/sd_diskio.o
 .text.SD_initialize
                0x000000000800b0d8       0x3c ./FATFS/Target/sd_diskio.o
                0x000000000800b0d8                SD_initialize
 .text.SD_status
                0x000000000800b114       0x1c ./FATFS/Target/sd_diskio.o
                0x000000000800b114                SD_status
 .text.SD_read  0x000000000800b130       0x42 ./FATFS/Target/sd_diskio.o
                0x000000000800b130                SD_read
 .text.SD_write
                0x000000000800b172       0x42 ./FATFS/Target/sd_diskio.o
                0x000000000800b172                SD_write
 .text.SD_ioctl
                0x000000000800b1b4       0xb0 ./FATFS/Target/sd_diskio.o
                0x000000000800b1b4                SD_ioctl
 .text.disk_status
                0x000000000800b264       0x34 ./Middlewares/Third_Party/FatFs/diskio.o
                0x000000000800b264                disk_status
 .text.disk_initialize
                0x000000000800b298       0x4c ./Middlewares/Third_Party/FatFs/diskio.o
                0x000000000800b298                disk_initialize
 .text.disk_read
                0x000000000800b2e4       0x40 ./Middlewares/Third_Party/FatFs/diskio.o
                0x000000000800b2e4                disk_read
 .text.disk_write
                0x000000000800b324       0x40 ./Middlewares/Third_Party/FatFs/diskio.o
                0x000000000800b324                disk_write
 .text.disk_ioctl
                0x000000000800b364       0x3c ./Middlewares/Third_Party/FatFs/diskio.o
                0x000000000800b364                disk_ioctl
 .text.ld_word  0x000000000800b3a0       0x30 ./Middlewares/Third_Party/FatFs/ff.o
 .text.ld_dword
                0x000000000800b3d0       0x46 ./Middlewares/Third_Party/FatFs/ff.o
 .text.st_word  0x000000000800b416       0x36 ./Middlewares/Third_Party/FatFs/ff.o
 .text.st_dword
                0x000000000800b44c       0x58 ./Middlewares/Third_Party/FatFs/ff.o
 .text.mem_cpy  0x000000000800b4a4       0x42 ./Middlewares/Third_Party/FatFs/ff.o
 .text.mem_set  0x000000000800b4e6       0x36 ./Middlewares/Third_Party/FatFs/ff.o
 .text.mem_cmp  0x000000000800b51c       0x4e ./Middlewares/Third_Party/FatFs/ff.o
 .text.chk_chr  0x000000000800b56a       0x36 ./Middlewares/Third_Party/FatFs/ff.o
 .text.chk_lock
                0x000000000800b5a0       0xb8 ./Middlewares/Third_Party/FatFs/ff.o
 .text.enq_lock
                0x000000000800b658       0x44 ./Middlewares/Third_Party/FatFs/ff.o
 .text.inc_lock
                0x000000000800b69c      0x11c ./Middlewares/Third_Party/FatFs/ff.o
 .text.dec_lock
                0x000000000800b7b8       0x78 ./Middlewares/Third_Party/FatFs/ff.o
 .text.clear_lock
                0x000000000800b830       0x48 ./Middlewares/Third_Party/FatFs/ff.o
 .text.sync_window
                0x000000000800b878       0x88 ./Middlewares/Third_Party/FatFs/ff.o
 .text.move_window
                0x000000000800b900       0x5a ./Middlewares/Third_Party/FatFs/ff.o
 *fill*         0x000000000800b95a        0x2 
 .text.sync_fs  0x000000000800b95c       0xdc ./Middlewares/Third_Party/FatFs/ff.o
 .text.clust2sect
                0x000000000800ba38       0x3e ./Middlewares/Third_Party/FatFs/ff.o
 .text.get_fat  0x000000000800ba76      0x150 ./Middlewares/Third_Party/FatFs/ff.o
 .text.put_fat  0x000000000800bbc6      0x1d8 ./Middlewares/Third_Party/FatFs/ff.o
 .text.remove_chain
                0x000000000800bd9e       0xca ./Middlewares/Third_Party/FatFs/ff.o
 .text.create_chain
                0x000000000800be68      0x130 ./Middlewares/Third_Party/FatFs/ff.o
 .text.clmt_clust
                0x000000000800bf98       0x68 ./Middlewares/Third_Party/FatFs/ff.o
 .text.dir_sdi  0x000000000800c000       0xf6 ./Middlewares/Third_Party/FatFs/ff.o
 .text.dir_next
                0x000000000800c0f6      0x18a ./Middlewares/Third_Party/FatFs/ff.o
 .text.dir_alloc
                0x000000000800c280       0x8e ./Middlewares/Third_Party/FatFs/ff.o
 .text.ld_clust
                0x000000000800c30e       0x3e ./Middlewares/Third_Party/FatFs/ff.o
 .text.st_clust
                0x000000000800c34c       0x40 ./Middlewares/Third_Party/FatFs/ff.o
 .text.dir_find
                0x000000000800c38c       0xaa ./Middlewares/Third_Party/FatFs/ff.o
 .text.dir_register
                0x000000000800c436       0x64 ./Middlewares/Third_Party/FatFs/ff.o
 *fill*         0x000000000800c49a        0x2 
 .text.create_name
                0x000000000800c49c      0x128 ./Middlewares/Third_Party/FatFs/ff.o
 .text.follow_path
                0x000000000800c5c4       0xe2 ./Middlewares/Third_Party/FatFs/ff.o
 .text.get_ldnumber
                0x000000000800c6a6       0x88 ./Middlewares/Third_Party/FatFs/ff.o
 *fill*         0x000000000800c72e        0x2 
 .text.check_fs
                0x000000000800c730       0xac ./Middlewares/Third_Party/FatFs/ff.o
 .text.find_volume
                0x000000000800c7dc      0x498 ./Middlewares/Third_Party/FatFs/ff.o
 .text.validate
                0x000000000800cc74       0x6a ./Middlewares/Third_Party/FatFs/ff.o
 *fill*         0x000000000800ccde        0x2 
 .text.f_mount  0x000000000800cce0       0x8c ./Middlewares/Third_Party/FatFs/ff.o
                0x000000000800cce0                f_mount
 .text.f_open   0x000000000800cd6c      0x37c ./Middlewares/Third_Party/FatFs/ff.o
                0x000000000800cd6c                f_open
 .text.f_read   0x000000000800d0e8      0x27e ./Middlewares/Third_Party/FatFs/ff.o
                0x000000000800d0e8                f_read
 .text.f_sync   0x000000000800d366       0xfc ./Middlewares/Third_Party/FatFs/ff.o
                0x000000000800d366                f_sync
 .text.f_close  0x000000000800d462       0x54 ./Middlewares/Third_Party/FatFs/ff.o
                0x000000000800d462                f_close
 *fill*         0x000000000800d4b6        0x2 
 .text.FATFS_LinkDriverEx
                0x000000000800d4b8       0x98 ./Middlewares/Third_Party/FatFs/ff_gen_drv.o
                0x000000000800d4b8                FATFS_LinkDriverEx
 .text.FATFS_LinkDriver
                0x000000000800d550       0x1e ./Middlewares/Third_Party/FatFs/ff_gen_drv.o
                0x000000000800d550                FATFS_LinkDriver
 *fill*         0x000000000800d56e        0x2 
 .text.__errno  0x000000000800d570        0xc c:/st/stm32cubeide_1.11.2/stm32cubeide/plugins/com.st.stm32cube.ide.mcu.externaltools.gnu-tools-for-stm32.10.3-2021.10.win32_1.0.200.202301161003/tools/bin/../lib/gcc/arm-none-eabi/10.3.1/../../../../arm-none-eabi/lib/thumb/v7e-m+dp/hard\libc_nano.a(lib_a-errno.o)
                0x000000000800d570                __errno
 .text.__libc_init_array
                0x000000000800d57c       0x48 c:/st/stm32cubeide_1.11.2/stm32cubeide/plugins/com.st.stm32cube.ide.mcu.externaltools.gnu-tools-for-stm32.10.3-2021.10.win32_1.0.200.202301161003/tools/bin/../lib/gcc/arm-none-eabi/10.3.1/../../../../arm-none-eabi/lib/thumb/v7e-m+dp/hard\libc_nano.a(lib_a-init.o)
                0x000000000800d57c                __libc_init_array
 .text.memset   0x000000000800d5c4       0x10 c:/st/stm32cubeide_1.11.2/stm32cubeide/plugins/com.st.stm32cube.ide.mcu.externaltools.gnu-tools-for-stm32.10.3-2021.10.win32_1.0.200.202301161003/tools/bin/../lib/gcc/arm-none-eabi/10.3.1/../../../../arm-none-eabi/lib/thumb/v7e-m+dp/hard\libc_nano.a(lib_a-memset.o)
                0x000000000800d5c4                memset
 .text.sprintf  0x000000000800d5d4       0x40 c:/st/stm32cubeide_1.11.2/stm32cubeide/plugins/com.st.stm32cube.ide.mcu.externaltools.gnu-tools-for-stm32.10.3-2021.10.win32_1.0.200.202301161003/tools/bin/../lib/gcc/arm-none-eabi/10.3.1/../../../../arm-none-eabi/lib/thumb/v7e-m+dp/hard\libc_nano.a(lib_a-sprintf.o)
                0x000000000800d5d4                siprintf
                0x000000000800d5d4                sprintf
 .text.__ssputs_r
                0x000000000800d614       0xb6 c:/st/stm32cubeide_1.11.2/stm32cubeide/plugins/com.st.stm32cube.ide.mcu.externaltools.gnu-tools-for-stm32.10.3-2021.10.win32_1.0.200.202301161003/tools/bin/../lib/gcc/arm-none-eabi/10.3.1/../../../../arm-none-eabi/lib/thumb/v7e-m+dp/hard\libc_nano.a(lib_a-nano-svfprintf.o)
                0x000000000800d614                __ssputs_r
 *fill*         0x000000000800d6ca        0x2 
 .text._svfprintf_r
                0x000000000800d6cc      0x200 c:/st/stm32cubeide_1.11.2/stm32cubeide/plugins/com.st.stm32cube.ide.mcu.externaltools.gnu-tools-for-stm32.10.3-2021.10.win32_1.0.200.202301161003/tools/bin/../lib/gcc/arm-none-eabi/10.3.1/../../../../arm-none-eabi/lib/thumb/v7e-m+dp/hard\libc_nano.a(lib_a-nano-svfprintf.o)
                0x000000000800d6cc                _svfiprintf_r
                0x000000000800d6cc                _svfprintf_r
 .text._printf_common
                0x000000000800d8cc       0xda c:/st/stm32cubeide_1.11.2/stm32cubeide/plugins/com.st.stm32cube.ide.mcu.externaltools.gnu-tools-for-stm32.10.3-2021.10.win32_1.0.200.202301161003/tools/bin/../lib/gcc/arm-none-eabi/10.3.1/../../../../arm-none-eabi/lib/thumb/v7e-m+dp/hard\libc_nano.a(lib_a-nano-vfprintf_i.o)
                0x000000000800d8cc                _printf_common
 *fill*         0x000000000800d9a6        0x2 
 .text._printf_i
                0x000000000800d9a8      0x24c c:/st/stm32cubeide_1.11.2/stm32cubeide/plugins/com.st.stm32cube.ide.mcu.externaltools.gnu-tools-for-stm32.10.3-2021.10.win32_1.0.200.202301161003/tools/bin/../lib/gcc/arm-none-eabi/10.3.1/../../../../arm-none-eabi/lib/thumb/v7e-m+dp/hard\libc_nano.a(lib_a-nano-vfprintf_i.o)
                0x000000000800d9a8                _printf_i
 .text.memcpy   0x000000000800dbf4       0x1c c:/st/stm32cubeide_1.11.2/stm32cubeide/plugins/com.st.stm32cube.ide.mcu.externaltools.gnu-tools-for-stm32.10.3-2021.10.win32_1.0.200.202301161003/tools/bin/../lib/gcc/arm-none-eabi/10.3.1/../../../../arm-none-eabi/lib/thumb/v7e-m+dp/hard\libc_nano.a(lib_a-memcpy-stub.o)
                0x000000000800dbf4                memcpy
 .text.memmove  0x000000000800dc10       0x34 c:/st/stm32cubeide_1.11.2/stm32cubeide/plugins/com.st.stm32cube.ide.mcu.externaltools.gnu-tools-for-stm32.10.3-2021.10.win32_1.0.200.202301161003/tools/bin/../lib/gcc/arm-none-eabi/10.3.1/../../../../arm-none-eabi/lib/thumb/v7e-m+dp/hard\libc_nano.a(lib_a-memmove.o)
                0x000000000800dc10                memmove
 .text._free_r  0x000000000800dc44       0x98 c:/st/stm32cubeide_1.11.2/stm32cubeide/plugins/com.st.stm32cube.ide.mcu.externaltools.gnu-tools-for-stm32.10.3-2021.10.win32_1.0.200.202301161003/tools/bin/../lib/gcc/arm-none-eabi/10.3.1/../../../../arm-none-eabi/lib/thumb/v7e-m+dp/hard\libc_nano.a(lib_a-nano-freer.o)
                0x000000000800dc44                _free_r
 .text.sbrk_aligned
                0x000000000800dcdc       0x40 c:/st/stm32cubeide_1.11.2/stm32cubeide/plugins/com.st.stm32cube.ide.mcu.externaltools.gnu-tools-for-stm32.10.3-2021.10.win32_1.0.200.202301161003/tools/bin/../lib/gcc/arm-none-eabi/10.3.1/../../../../arm-none-eabi/lib/thumb/v7e-m+dp/hard\libc_nano.a(lib_a-nano-mallocr.o)
 .text._malloc_r
                0x000000000800dd1c       0xe8 c:/st/stm32cubeide_1.11.2/stm32cubeide/plugins/com.st.stm32cube.ide.mcu.externaltools.gnu-tools-for-stm32.10.3-2021.10.win32_1.0.200.202301161003/tools/bin/../lib/gcc/arm-none-eabi/10.3.1/../../../../arm-none-eabi/lib/thumb/v7e-m+dp/hard\libc_nano.a(lib_a-nano-mallocr.o)
                0x000000000800dd1c                _malloc_r
 .text._realloc_r
                0x000000000800de04       0x5e c:/st/stm32cubeide_1.11.2/stm32cubeide/plugins/com.st.stm32cube.ide.mcu.externaltools.gnu-tools-for-stm32.10.3-2021.10.win32_1.0.200.202301161003/tools/bin/../lib/gcc/arm-none-eabi/10.3.1/../../../../arm-none-eabi/lib/thumb/v7e-m+dp/hard\libc_nano.a(lib_a-nano-reallocr.o)
                0x000000000800de04                _realloc_r
 *fill*         0x000000000800de62        0x2 
 .text._sbrk_r  0x000000000800de64       0x20 c:/st/stm32cubeide_1.11.2/stm32cubeide/plugins/com.st.stm32cube.ide.mcu.externaltools.gnu-tools-for-stm32.10.3-2021.10.win32_1.0.200.202301161003/tools/bin/../lib/gcc/arm-none-eabi/10.3.1/../../../../arm-none-eabi/lib/thumb/v7e-m+dp/hard\libc_nano.a(lib_a-sbrkr.o)
                0x000000000800de64                _sbrk_r
 .text.__malloc_lock
                0x000000000800de84        0xc c:/st/stm32cubeide_1.11.2/stm32cubeide/plugins/com.st.stm32cube.ide.mcu.externaltools.gnu-tools-for-stm32.10.3-2021.10.win32_1.0.200.202301161003/tools/bin/../lib/gcc/arm-none-eabi/10.3.1/../../../../arm-none-eabi/lib/thumb/v7e-m+dp/hard\libc_nano.a(lib_a-mlock.o)
                0x000000000800de84                __malloc_lock
 .text.__malloc_unlock
                0x000000000800de90        0xc c:/st/stm32cubeide_1.11.2/stm32cubeide/plugins/com.st.stm32cube.ide.mcu.externaltools.gnu-tools-for-stm32.10.3-2021.10.win32_1.0.200.202301161003/tools/bin/../lib/gcc/arm-none-eabi/10.3.1/../../../../arm-none-eabi/lib/thumb/v7e-m+dp/hard\libc_nano.a(lib_a-mlock.o)
                0x000000000800de90                __malloc_unlock
 .text._malloc_usable_size_r
                0x000000000800de9c       0x10 c:/st/stm32cubeide_1.11.2/stm32cubeide/plugins/com.st.stm32cube.ide.mcu.externaltools.gnu-tools-for-stm32.10.3-2021.10.win32_1.0.200.202301161003/tools/bin/../lib/gcc/arm-none-eabi/10.3.1/../../../../arm-none-eabi/lib/thumb/v7e-m+dp/hard\libc_nano.a(lib_a-nano-msizer.o)
                0x000000000800de9c                _malloc_usable_size_r
 .text.__retarget_lock_acquire_recursive
                0x000000000800deac        0x2 c:/st/stm32cubeide_1.11.2/stm32cubeide/plugins/com.st.stm32cube.ide.mcu.externaltools.gnu-tools-for-stm32.10.3-2021.10.win32_1.0.200.202301161003/tools/bin/../lib/gcc/arm-none-eabi/10.3.1/../../../../arm-none-eabi/lib/thumb/v7e-m+dp/hard\libc_nano.a(lib_a-lock.o)
                0x000000000800deac                __retarget_lock_acquire_recursive
 .text.__retarget_lock_release_recursive
                0x000000000800deae        0x2 c:/st/stm32cubeide_1.11.2/stm32cubeide/plugins/com.st.stm32cube.ide.mcu.externaltools.gnu-tools-for-stm32.10.3-2021.10.win32_1.0.200.202301161003/tools/bin/../lib/gcc/arm-none-eabi/10.3.1/../../../../arm-none-eabi/lib/thumb/v7e-m+dp/hard\libc_nano.a(lib_a-lock.o)
                0x000000000800deae                __retarget_lock_release_recursive
 *(.glue_7)
 .glue_7        0x000000000800deb0        0x0 linker stubs
 *(.glue_7t)
 .glue_7t       0x000000000800deb0        0x0 linker stubs
 *(.eh_frame)
 .eh_frame      0x000000000800deb0        0x0 c:/st/stm32cubeide_1.11.2/stm32cubeide/plugins/com.st.stm32cube.ide.mcu.externaltools.gnu-tools-for-stm32.10.3-2021.10.win32_1.0.200.202301161003/tools/bin/../lib/gcc/arm-none-eabi/10.3.1/thumb/v7e-m+dp/hard/crtbegin.o
 *(.init)
 .init          0x000000000800deb0        0x4 c:/st/stm32cubeide_1.11.2/stm32cubeide/plugins/com.st.stm32cube.ide.mcu.externaltools.gnu-tools-for-stm32.10.3-2021.10.win32_1.0.200.202301161003/tools/bin/../lib/gcc/arm-none-eabi/10.3.1/thumb/v7e-m+dp/hard/crti.o
                0x000000000800deb0                _init
 .init          0x000000000800deb4        0x8 c:/st/stm32cubeide_1.11.2/stm32cubeide/plugins/com.st.stm32cube.ide.mcu.externaltools.gnu-tools-for-stm32.10.3-2021.10.win32_1.0.200.202301161003/tools/bin/../lib/gcc/arm-none-eabi/10.3.1/thumb/v7e-m+dp/hard/crtn.o
 *(.fini)
 .fini          0x000000000800debc        0x4 c:/st/stm32cubeide_1.11.2/stm32cubeide/plugins/com.st.stm32cube.ide.mcu.externaltools.gnu-tools-for-stm32.10.3-2021.10.win32_1.0.200.202301161003/tools/bin/../lib/gcc/arm-none-eabi/10.3.1/thumb/v7e-m+dp/hard/crti.o
                0x000000000800debc                _fini
 .fini          0x000000000800dec0        0x8 c:/st/stm32cubeide_1.11.2/stm32cubeide/plugins/com.st.stm32cube.ide.mcu.externaltools.gnu-tools-for-stm32.10.3-2021.10.win32_1.0.200.202301161003/tools/bin/../lib/gcc/arm-none-eabi/10.3.1/thumb/v7e-m+dp/hard/crtn.o
                0x000000000800dec8                . = ALIGN (0x4)
                0x000000000800dec8                _etext = .

.vfp11_veneer   0x000000000800dec8        0x0
 .vfp11_veneer  0x000000000800dec8        0x0 linker stubs

.v4_bx          0x000000000800dec8        0x0
 .v4_bx         0x000000000800dec8        0x0 linker stubs

.iplt           0x000000000800dec8        0x0
 .iplt          0x000000000800dec8        0x0 c:/st/stm32cubeide_1.11.2/stm32cubeide/plugins/com.st.stm32cube.ide.mcu.externaltools.gnu-tools-for-stm32.10.3-2021.10.win32_1.0.200.202301161003/tools/bin/../lib/gcc/arm-none-eabi/10.3.1/thumb/v7e-m+dp/hard/crtbegin.o

.rodata         0x000000000800dec8      0x17c
                0x000000000800dec8                . = ALIGN (0x4)
 *(.rodata)
 .rodata        0x000000000800dec8       0x35 ./Core/Src/main.o
 *fill*         0x000000000800defd        0x3 
 .rodata        0x000000000800df00       0x44 ./Middlewares/Third_Party/FatFs/ff.o
 *(.rodata*)
 .rodata.D1CorePrescTable
                0x000000000800df44       0x10 ./Common/Src/system_stm32h7xx_dualcore_boot_cm4_cm7.o
                0x000000000800df44                D1CorePrescTable
 .rodata.UARTPrescTable
                0x000000000800df54       0x18 ./Drivers/STM32H7xx_HAL_Driver/stm32h7xx_hal_uart.o
                0x000000000800df54                UARTPrescTable
 .rodata.numerator.1
                0x000000000800df6c        0x8 ./Drivers/STM32H7xx_HAL_Driver/stm32h7xx_hal_uart_ex.o
 .rodata.denominator.0
                0x000000000800df74        0x8 ./Drivers/STM32H7xx_HAL_Driver/stm32h7xx_hal_uart_ex.o
 .rodata.SD_Driver
                0x000000000800df7c       0x14 ./FATFS/Target/sd_diskio.o
                0x000000000800df7c                SD_Driver
 .rodata.ExCvt  0x000000000800df90       0x80 ./Middlewares/Third_Party/FatFs/ff.o
 .rodata._svfprintf_r.str1.1
                0x000000000800e010       0x11 c:/st/stm32cubeide_1.11.2/stm32cubeide/plugins/com.st.stm32cube.ide.mcu.externaltools.gnu-tools-for-stm32.10.3-2021.10.win32_1.0.200.202301161003/tools/bin/../lib/gcc/arm-none-eabi/10.3.1/../../../../arm-none-eabi/lib/thumb/v7e-m+dp/hard\libc_nano.a(lib_a-nano-svfprintf.o)
 .rodata._printf_i.str1.1
                0x000000000800e021       0x22 c:/st/stm32cubeide_1.11.2/stm32cubeide/plugins/com.st.stm32cube.ide.mcu.externaltools.gnu-tools-for-stm32.10.3-2021.10.win32_1.0.200.202301161003/tools/bin/../lib/gcc/arm-none-eabi/10.3.1/../../../../arm-none-eabi/lib/thumb/v7e-m+dp/hard\libc_nano.a(lib_a-nano-vfprintf_i.o)
                0x000000000800e044                . = ALIGN (0x4)
 *fill*         0x000000000800e043        0x1 

.ARM.extab      0x000000000800e044        0x0
                0x000000000800e044                . = ALIGN (0x4)
 *(.ARM.extab* .gnu.linkonce.armextab.*)
                0x000000000800e044                . = ALIGN (0x4)

.ARM            0x000000000800e044        0x8
                0x000000000800e044                . = ALIGN (0x4)
                0x000000000800e044                __exidx_start = .
 *(.ARM.exidx*)
 .ARM.exidx     0x000000000800e044        0x8 c:/st/stm32cubeide_1.11.2/stm32cubeide/plugins/com.st.stm32cube.ide.mcu.externaltools.gnu-tools-for-stm32.10.3-2021.10.win32_1.0.200.202301161003/tools/bin/../lib/gcc/arm-none-eabi/10.3.1/thumb/v7e-m+dp/hard\libgcc.a(_udivmoddi4.o)
                0x000000000800e04c                __exidx_end = .
                0x000000000800e04c                . = ALIGN (0x4)

.rel.dyn        0x000000000800e04c        0x0
 .rel.iplt      0x000000000800e04c        0x0 c:/st/stm32cubeide_1.11.2/stm32cubeide/plugins/com.st.stm32cube.ide.mcu.externaltools.gnu-tools-for-stm32.10.3-2021.10.win32_1.0.200.202301161003/tools/bin/../lib/gcc/arm-none-eabi/10.3.1/thumb/v7e-m+dp/hard/crtbegin.o

.preinit_array  0x000000000800e04c        0x0
                0x000000000800e04c                . = ALIGN (0x4)
                0x000000000800e04c                PROVIDE (__preinit_array_start = .)
 *(.preinit_array*)
                0x000000000800e04c                PROVIDE (__preinit_array_end = .)
                0x000000000800e04c                . = ALIGN (0x4)

.init_array     0x000000000800e04c        0x4
                0x000000000800e04c                . = ALIGN (0x4)
                0x000000000800e04c                PROVIDE (__init_array_start = .)
 *(SORT_BY_NAME(.init_array.*))
 *(.init_array*)
 .init_array    0x000000000800e04c        0x4 c:/st/stm32cubeide_1.11.2/stm32cubeide/plugins/com.st.stm32cube.ide.mcu.externaltools.gnu-tools-for-stm32.10.3-2021.10.win32_1.0.200.202301161003/tools/bin/../lib/gcc/arm-none-eabi/10.3.1/thumb/v7e-m+dp/hard/crtbegin.o
                0x000000000800e050                PROVIDE (__init_array_end = .)
                0x000000000800e050                . = ALIGN (0x4)

.fini_array     0x000000000800e050        0x4
                0x000000000800e050                . = ALIGN (0x4)
                [!provide]                        PROVIDE (__fini_array_start = .)
 *(SORT_BY_NAME(.fini_array.*))
 *(.fini_array*)
 .fini_array    0x000000000800e050        0x4 c:/st/stm32cubeide_1.11.2/stm32cubeide/plugins/com.st.stm32cube.ide.mcu.externaltools.gnu-tools-for-stm32.10.3-2021.10.win32_1.0.200.202301161003/tools/bin/../lib/gcc/arm-none-eabi/10.3.1/thumb/v7e-m+dp/hard/crtbegin.o
                [!provide]                        PROVIDE (__fini_array_end = .)
                0x000000000800e054                . = ALIGN (0x4)
                0x000000000800e054                _sidata = LOADADDR (.data)

.data           0x0000000024000000       0x74 load address 0x000000000800e054
                0x0000000024000000                . = ALIGN (0x4)
                0x0000000024000000                _sdata = .
 *(.data)
 *(.data*)
 .data.SystemCoreClock
                0x0000000024000000        0x4 ./Common/Src/system_stm32h7xx_dualcore_boot_cm4_cm7.o
                0x0000000024000000                SystemCoreClock
 .data.SystemD2Clock
                0x0000000024000004        0x4 ./Common/Src/system_stm32h7xx_dualcore_boot_cm4_cm7.o
                0x0000000024000004                SystemD2Clock
 .data.uwTickPrio
                0x0000000024000008        0x4 ./Drivers/STM32H7xx_HAL_Driver/stm32h7xx_hal.o
                0x0000000024000008                uwTickPrio
 .data.uwTickFreq
                0x000000002400000c        0x1 ./Drivers/STM32H7xx_HAL_Driver/stm32h7xx_hal.o
                0x000000002400000c                uwTickFreq
 .data.Stat     0x000000002400000d        0x1 ./FATFS/Target/sd_diskio.o
 *fill*         0x000000002400000e        0x2 
 .data._impure_ptr
                0x0000000024000010        0x4 c:/st/stm32cubeide_1.11.2/stm32cubeide/plugins/com.st.stm32cube.ide.mcu.externaltools.gnu-tools-for-stm32.10.3-2021.10.win32_1.0.200.202301161003/tools/bin/../lib/gcc/arm-none-eabi/10.3.1/../../../../arm-none-eabi/lib/thumb/v7e-m+dp/hard\libc_nano.a(lib_a-impure.o)
                0x0000000024000010                _impure_ptr
 .data.impure_data
                0x0000000024000014       0x60 c:/st/stm32cubeide_1.11.2/stm32cubeide/plugins/com.st.stm32cube.ide.mcu.externaltools.gnu-tools-for-stm32.10.3-2021.10.win32_1.0.200.202301161003/tools/bin/../lib/gcc/arm-none-eabi/10.3.1/../../../../arm-none-eabi/lib/thumb/v7e-m+dp/hard\libc_nano.a(lib_a-impure.o)
 *(.RamFunc)
 *(.RamFunc*)
                0x0000000024000074                . = ALIGN (0x4)
                0x0000000024000074                _edata = .

.igot.plt       0x0000000024000074        0x0 load address 0x000000000800e0c8
 .igot.plt      0x0000000024000074        0x0 c:/st/stm32cubeide_1.11.2/stm32cubeide/plugins/com.st.stm32cube.ide.mcu.externaltools.gnu-tools-for-stm32.10.3-2021.10.win32_1.0.200.202301161003/tools/bin/../lib/gcc/arm-none-eabi/10.3.1/thumb/v7e-m+dp/hard/crtbegin.o
                0x0000000024000074                . = ALIGN (0x4)

.bss            0x0000000024000074      0x1f4 load address 0x000000000800e0c8
                0x0000000024000074                _sbss = .
                0x0000000024000074                __bss_start__ = _sbss
 *(.bss)
 .bss           0x0000000024000074       0x1c c:/st/stm32cubeide_1.11.2/stm32cubeide/plugins/com.st.stm32cube.ide.mcu.externaltools.gnu-tools-for-stm32.10.3-2021.10.win32_1.0.200.202301161003/tools/bin/../lib/gcc/arm-none-eabi/10.3.1/thumb/v7e-m+dp/hard/crtbegin.o
 *(.bss*)
 .bss.hqspi     0x0000000024000090       0x4c ./Core/Src/quadspi.o
                0x0000000024000090                hqspi
 .bss.QSPI_Ctx  0x00000000240000dc        0xc ./Core/Src/quadspi.o
                0x00000000240000dc                QSPI_Ctx
 .bss.hsd1      0x00000000240000e8       0x7c ./Core/Src/sdmmc.o
                0x00000000240000e8                hsd1
 .bss.__sbrk_heap_end
                0x0000000024000164        0x4 ./Core/Src/sysmem.o
 .bss.huart1    0x0000000024000168       0x94 ./Core/Src/usart.o
                0x0000000024000168                huart1
 .bss.uwTick    0x00000000240001fc        0x4 ./Drivers/STM32H7xx_HAL_Driver/stm32h7xx_hal.o
                0x00000000240001fc                uwTick
 .bss.pFlash    0x0000000024000200       0x1c ./Drivers/STM32H7xx_HAL_Driver/stm32h7xx_hal_flash.o
                0x0000000024000200                pFlash
 .bss.retSD     0x000000002400021c        0x1 ./FATFS/App/fatfs.o
                0x000000002400021c                retSD
 *fill*         0x000000002400021d        0x3 
 .bss.SDPath    0x0000000024000220        0x4 ./FATFS/App/fatfs.o
                0x0000000024000220                SDPath
 .bss.FatFs     0x0000000024000224        0x4 ./Middlewares/Third_Party/FatFs/ff.o
 .bss.Fsid      0x0000000024000228        0x2 ./Middlewares/Third_Party/FatFs/ff.o
 *fill*         0x000000002400022a        0x2 
 .bss.Files     0x000000002400022c       0x20 ./Middlewares/Third_Party/FatFs/ff.o
 .bss.disk      0x000000002400024c        0xc ./Middlewares/Third_Party/FatFs/ff_gen_drv.o
                0x000000002400024c                disk
 .bss.__malloc_free_list
                0x0000000024000258        0x4 c:/st/stm32cubeide_1.11.2/stm32cubeide/plugins/com.st.stm32cube.ide.mcu.externaltools.gnu-tools-for-stm32.10.3-2021.10.win32_1.0.200.202301161003/tools/bin/../lib/gcc/arm-none-eabi/10.3.1/../../../../arm-none-eabi/lib/thumb/v7e-m+dp/hard\libc_nano.a(lib_a-nano-mallocr.o)
                0x0000000024000258                __malloc_free_list
 .bss.__malloc_sbrk_start
                0x000000002400025c        0x4 c:/st/stm32cubeide_1.11.2/stm32cubeide/plugins/com.st.stm32cube.ide.mcu.externaltools.gnu-tools-for-stm32.10.3-2021.10.win32_1.0.200.202301161003/tools/bin/../lib/gcc/arm-none-eabi/10.3.1/../../../../arm-none-eabi/lib/thumb/v7e-m+dp/hard\libc_nano.a(lib_a-nano-mallocr.o)
                0x000000002400025c                __malloc_sbrk_start
 .bss.errno     0x0000000024000260        0x4 c:/st/stm32cubeide_1.11.2/stm32cubeide/plugins/com.st.stm32cube.ide.mcu.externaltools.gnu-tools-for-stm32.10.3-2021.10.win32_1.0.200.202301161003/tools/bin/../lib/gcc/arm-none-eabi/10.3.1/../../../../arm-none-eabi/lib/thumb/v7e-m+dp/hard\libc_nano.a(lib_a-reent.o)
                0x0000000024000260                errno
 .bss.__lock___malloc_recursive_mutex
                0x0000000024000264        0x1 c:/st/stm32cubeide_1.11.2/stm32cubeide/plugins/com.st.stm32cube.ide.mcu.externaltools.gnu-tools-for-stm32.10.3-2021.10.win32_1.0.200.202301161003/tools/bin/../lib/gcc/arm-none-eabi/10.3.1/../../../../arm-none-eabi/lib/thumb/v7e-m+dp/hard\libc_nano.a(lib_a-lock.o)
                0x0000000024000264                __lock___malloc_recursive_mutex
 *(COMMON)
                0x0000000024000268                . = ALIGN (0x4)
 *fill*         0x0000000024000265        0x3 
                0x0000000024000268                _ebss = .
                0x0000000024000268                __bss_end__ = _ebss

._user_heap_stack
                0x0000000024000268      0x600 load address 0x000000000800e0c8
                0x0000000024000268                . = ALIGN (0x8)
                [!provide]                        PROVIDE (end = .)
                0x0000000024000268                PROVIDE (_end = .)
                0x0000000024000468                . = (. + _Min_Heap_Size)
 *fill*         0x0000000024000268      0x200 
                0x0000000024000868                . = (. + _Min_Stack_Size)
 *fill*         0x0000000024000468      0x400 
                0x0000000024000868                . = ALIGN (0x8)

/DISCARD/
 libc.a(*)
 libm.a(*)
 libgcc.a(*)

.ARM.attributes
                0x0000000000000000       0x2e
 *(.ARM.attributes)
 .ARM.attributes
                0x0000000000000000       0x1e c:/st/stm32cubeide_1.11.2/stm32cubeide/plugins/com.st.stm32cube.ide.mcu.externaltools.gnu-tools-for-stm32.10.3-2021.10.win32_1.0.200.202301161003/tools/bin/../lib/gcc/arm-none-eabi/10.3.1/thumb/v7e-m+dp/hard/crti.o
 .ARM.attributes
                0x000000000000001e       0x32 c:/st/stm32cubeide_1.11.2/stm32cubeide/plugins/com.st.stm32cube.ide.mcu.externaltools.gnu-tools-for-stm32.10.3-2021.10.win32_1.0.200.202301161003/tools/bin/../lib/gcc/arm-none-eabi/10.3.1/thumb/v7e-m+dp/hard/crtbegin.o
 .ARM.attributes
                0x0000000000000050       0x32 ./Common/Src/system_stm32h7xx_dualcore_boot_cm4_cm7.o
 .ARM.attributes
                0x0000000000000082       0x32 ./Core/Src/flash.o
 .ARM.attributes
                0x00000000000000b4       0x32 ./Core/Src/gpio.o
 .ARM.attributes
                0x00000000000000e6       0x32 ./Core/Src/main.o
 .ARM.attributes
                0x0000000000000118       0x32 ./Core/Src/mt25tl01g.o
 .ARM.attributes
                0x000000000000014a       0x32 ./Core/Src/quadspi.o
 .ARM.attributes
                0x000000000000017c       0x32 ./Core/Src/sdmmc.o
 .ARM.attributes
                0x00000000000001ae       0x32 ./Core/Src/stm32h7xx_hal_msp.o
 .ARM.attributes
                0x00000000000001e0       0x32 ./Core/Src/stm32h7xx_it.o
 .ARM.attributes
                0x0000000000000212       0x32 ./Core/Src/sysmem.o
 .ARM.attributes
                0x0000000000000244       0x32 ./Core/Src/usart.o
 .ARM.attributes
                0x0000000000000276       0x21 ./Core/Startup/startup_stm32h747xihx.o
 .ARM.attributes
                0x0000000000000297       0x32 ./Drivers/STM32H7xx_HAL_Driver/stm32h7xx_hal.o
 .ARM.attributes
                0x00000000000002c9       0x32 ./Drivers/STM32H7xx_HAL_Driver/stm32h7xx_hal_cortex.o
 .ARM.attributes
                0x00000000000002fb       0x32 ./Drivers/STM32H7xx_HAL_Driver/stm32h7xx_hal_flash.o
 .ARM.attributes
                0x000000000000032d       0x32 ./Drivers/STM32H7xx_HAL_Driver/stm32h7xx_hal_flash_ex.o
 .ARM.attributes
                0x000000000000035f       0x32 ./Drivers/STM32H7xx_HAL_Driver/stm32h7xx_hal_gpio.o
 .ARM.attributes
                0x0000000000000391       0x32 ./Drivers/STM32H7xx_HAL_Driver/stm32h7xx_hal_hsem.o
 .ARM.attributes
                0x00000000000003c3       0x32 ./Drivers/STM32H7xx_HAL_Driver/stm32h7xx_hal_mdma.o
 .ARM.attributes
                0x00000000000003f5       0x32 ./Drivers/STM32H7xx_HAL_Driver/stm32h7xx_hal_pwr_ex.o
 .ARM.attributes
                0x0000000000000427       0x32 ./Drivers/STM32H7xx_HAL_Driver/stm32h7xx_hal_qspi.o
 .ARM.attributes
                0x0000000000000459       0x32 ./Drivers/STM32H7xx_HAL_Driver/stm32h7xx_hal_rcc.o
 .ARM.attributes
                0x000000000000048b       0x32 ./Drivers/STM32H7xx_HAL_Driver/stm32h7xx_hal_rcc_ex.o
 .ARM.attributes
                0x00000000000004bd       0x32 ./Drivers/STM32H7xx_HAL_Driver/stm32h7xx_hal_sd.o
 .ARM.attributes
                0x00000000000004ef       0x32 ./Drivers/STM32H7xx_HAL_Driver/stm32h7xx_hal_uart.o
 .ARM.attributes
                0x0000000000000521       0x32 ./Drivers/STM32H7xx_HAL_Driver/stm32h7xx_hal_uart_ex.o
 .ARM.attributes
                0x0000000000000553       0x32 ./Drivers/STM32H7xx_HAL_Driver/stm32h7xx_ll_sdmmc.o
 .ARM.attributes
                0x0000000000000585       0x32 ./FATFS/App/fatfs.o
 .ARM.attributes
                0x00000000000005b7       0x32 ./FATFS/Target/bsp_driver_sd.o
 .ARM.attributes
                0x00000000000005e9       0x32 ./FATFS/Target/fatfs_platform.o
 .ARM.attributes
                0x000000000000061b       0x32 ./FATFS/Target/sd_diskio.o
 .ARM.attributes
                0x000000000000064d       0x32 ./Middlewares/Third_Party/FatFs/diskio.o
 .ARM.attributes
                0x000000000000067f       0x32 ./Middlewares/Third_Party/FatFs/ff.o
 .ARM.attributes
                0x00000000000006b1       0x32 ./Middlewares/Third_Party/FatFs/ff_gen_drv.o
 .ARM.attributes
                0x00000000000006e3       0x32 c:/st/stm32cubeide_1.11.2/stm32cubeide/plugins/com.st.stm32cube.ide.mcu.externaltools.gnu-tools-for-stm32.10.3-2021.10.win32_1.0.200.202301161003/tools/bin/../lib/gcc/arm-none-eabi/10.3.1/../../../../arm-none-eabi/lib/thumb/v7e-m+dp/hard\libc_nano.a(lib_a-errno.o)
 .ARM.attributes
                0x0000000000000715       0x32 c:/st/stm32cubeide_1.11.2/stm32cubeide/plugins/com.st.stm32cube.ide.mcu.externaltools.gnu-tools-for-stm32.10.3-2021.10.win32_1.0.200.202301161003/tools/bin/../lib/gcc/arm-none-eabi/10.3.1/../../../../arm-none-eabi/lib/thumb/v7e-m+dp/hard\libc_nano.a(lib_a-impure.o)
 .ARM.attributes
                0x0000000000000747       0x32 c:/st/stm32cubeide_1.11.2/stm32cubeide/plugins/com.st.stm32cube.ide.mcu.externaltools.gnu-tools-for-stm32.10.3-2021.10.win32_1.0.200.202301161003/tools/bin/../lib/gcc/arm-none-eabi/10.3.1/../../../../arm-none-eabi/lib/thumb/v7e-m+dp/hard\libc_nano.a(lib_a-init.o)
 .ARM.attributes
                0x0000000000000779       0x32 c:/st/stm32cubeide_1.11.2/stm32cubeide/plugins/com.st.stm32cube.ide.mcu.externaltools.gnu-tools-for-stm32.10.3-2021.10.win32_1.0.200.202301161003/tools/bin/../lib/gcc/arm-none-eabi/10.3.1/../../../../arm-none-eabi/lib/thumb/v7e-m+dp/hard\libc_nano.a(lib_a-memset.o)
 .ARM.attributes
                0x00000000000007ab       0x32 c:/st/stm32cubeide_1.11.2/stm32cubeide/plugins/com.st.stm32cube.ide.mcu.externaltools.gnu-tools-for-stm32.10.3-2021.10.win32_1.0.200.202301161003/tools/bin/../lib/gcc/arm-none-eabi/10.3.1/../../../../arm-none-eabi/lib/thumb/v7e-m+dp/hard\libc_nano.a(lib_a-sprintf.o)
 .ARM.attributes
                0x00000000000007dd       0x32 c:/st/stm32cubeide_1.11.2/stm32cubeide/plugins/com.st.stm32cube.ide.mcu.externaltools.gnu-tools-for-stm32.10.3-2021.10.win32_1.0.200.202301161003/tools/bin/../lib/gcc/arm-none-eabi/10.3.1/../../../../arm-none-eabi/lib/thumb/v7e-m+dp/hard\libc_nano.a(lib_a-nano-svfprintf.o)
 .ARM.attributes
                0x000000000000080f       0x32 c:/st/stm32cubeide_1.11.2/stm32cubeide/plugins/com.st.stm32cube.ide.mcu.externaltools.gnu-tools-for-stm32.10.3-2021.10.win32_1.0.200.202301161003/tools/bin/../lib/gcc/arm-none-eabi/10.3.1/../../../../arm-none-eabi/lib/thumb/v7e-m+dp/hard\libc_nano.a(lib_a-nano-vfprintf_i.o)
 .ARM.attributes
                0x0000000000000841       0x1c c:/st/stm32cubeide_1.11.2/stm32cubeide/plugins/com.st.stm32cube.ide.mcu.externaltools.gnu-tools-for-stm32.10.3-2021.10.win32_1.0.200.202301161003/tools/bin/../lib/gcc/arm-none-eabi/10.3.1/../../../../arm-none-eabi/lib/thumb/v7e-m+dp/hard\libc_nano.a(lib_a-memchr.o)
 .ARM.attributes
                0x000000000000085d       0x32 c:/st/stm32cubeide_1.11.2/stm32cubeide/plugins/com.st.stm32cube.ide.mcu.externaltools.gnu-tools-for-stm32.10.3-2021.10.win32_1.0.200.202301161003/tools/bin/../lib/gcc/arm-none-eabi/10.3.1/../../../../arm-none-eabi/lib/thumb/v7e-m+dp/hard\libc_nano.a(lib_a-memcpy-stub.o)
 .ARM.attributes
                0x000000000000088f       0x32 c:/st/stm32cubeide_1.11.2/stm32cubeide/plugins/com.st.stm32cube.ide.mcu.externaltools.gnu-tools-for-stm32.10.3-2021.10.win32_1.0.200.202301161003/tools/bin/../lib/gcc/arm-none-eabi/10.3.1/../../../../arm-none-eabi/lib/thumb/v7e-m+dp/hard\libc_nano.a(lib_a-memmove.o)
 .ARM.attributes
                0x00000000000008c1       0x32 c:/st/stm32cubeide_1.11.2/stm32cubeide/plugins/com.st.stm32cube.ide.mcu.externaltools.gnu-tools-for-stm32.10.3-2021.10.win32_1.0.200.202301161003/tools/bin/../lib/gcc/arm-none-eabi/10.3.1/../../../../arm-none-eabi/lib/thumb/v7e-m+dp/hard\libc_nano.a(lib_a-nano-freer.o)
 .ARM.attributes
                0x00000000000008f3       0x32 c:/st/stm32cubeide_1.11.2/stm32cubeide/plugins/com.st.stm32cube.ide.mcu.externaltools.gnu-tools-for-stm32.10.3-2021.10.win32_1.0.200.202301161003/tools/bin/../lib/gcc/arm-none-eabi/10.3.1/../../../../arm-none-eabi/lib/thumb/v7e-m+dp/hard\libc_nano.a(lib_a-nano-mallocr.o)
 .ARM.attributes
                0x0000000000000925       0x32 c:/st/stm32cubeide_1.11.2/stm32cubeide/plugins/com.st.stm32cube.ide.mcu.externaltools.gnu-tools-for-stm32.10.3-2021.10.win32_1.0.200.202301161003/tools/bin/../lib/gcc/arm-none-eabi/10.3.1/../../../../arm-none-eabi/lib/thumb/v7e-m+dp/hard\libc_nano.a(lib_a-nano-reallocr.o)
 .ARM.attributes
                0x0000000000000957       0x32 c:/st/stm32cubeide_1.11.2/stm32cubeide/plugins/com.st.stm32cube.ide.mcu.externaltools.gnu-tools-for-stm32.10.3-2021.10.win32_1.0.200.202301161003/tools/bin/../lib/gcc/arm-none-eabi/10.3.1/../../../../arm-none-eabi/lib/thumb/v7e-m+dp/hard\libc_nano.a(lib_a-sbrkr.o)
 .ARM.attributes
                0x0000000000000989       0x32 c:/st/stm32cubeide_1.11.2/stm32cubeide/plugins/com.st.stm32cube.ide.mcu.externaltools.gnu-tools-for-stm32.10.3-2021.10.win32_1.0.200.202301161003/tools/bin/../lib/gcc/arm-none-eabi/10.3.1/../../../../arm-none-eabi/lib/thumb/v7e-m+dp/hard\libc_nano.a(lib_a-mlock.o)
 .ARM.attributes
                0x00000000000009bb       0x32 c:/st/stm32cubeide_1.11.2/stm32cubeide/plugins/com.st.stm32cube.ide.mcu.externaltools.gnu-tools-for-stm32.10.3-2021.10.win32_1.0.200.202301161003/tools/bin/../lib/gcc/arm-none-eabi/10.3.1/../../../../arm-none-eabi/lib/thumb/v7e-m+dp/hard\libc_nano.a(lib_a-nano-msizer.o)
 .ARM.attributes
                0x00000000000009ed       0x32 c:/st/stm32cubeide_1.11.2/stm32cubeide/plugins/com.st.stm32cube.ide.mcu.externaltools.gnu-tools-for-stm32.10.3-2021.10.win32_1.0.200.202301161003/tools/bin/../lib/gcc/arm-none-eabi/10.3.1/../../../../arm-none-eabi/lib/thumb/v7e-m+dp/hard\libc_nano.a(lib_a-reent.o)
 .ARM.attributes
                0x0000000000000a1f       0x32 c:/st/stm32cubeide_1.11.2/stm32cubeide/plugins/com.st.stm32cube.ide.mcu.externaltools.gnu-tools-for-stm32.10.3-2021.10.win32_1.0.200.202301161003/tools/bin/../lib/gcc/arm-none-eabi/10.3.1/../../../../arm-none-eabi/lib/thumb/v7e-m+dp/hard\libc_nano.a(lib_a-lock.o)
 .ARM.attributes
                0x0000000000000a51       0x1e c:/st/stm32cubeide_1.11.2/stm32cubeide/plugins/com.st.stm32cube.ide.mcu.externaltools.gnu-tools-for-stm32.10.3-2021.10.win32_1.0.200.202301161003/tools/bin/../lib/gcc/arm-none-eabi/10.3.1/thumb/v7e-m+dp/hard\libgcc.a(_aeabi_uldivmod.o)
 .ARM.attributes
                0x0000000000000a6f       0x32 c:/st/stm32cubeide_1.11.2/stm32cubeide/plugins/com.st.stm32cube.ide.mcu.externaltools.gnu-tools-for-stm32.10.3-2021.10.win32_1.0.200.202301161003/tools/bin/../lib/gcc/arm-none-eabi/10.3.1/thumb/v7e-m+dp/hard\libgcc.a(_udivmoddi4.o)
 .ARM.attributes
                0x0000000000000aa1       0x1e c:/st/stm32cubeide_1.11.2/stm32cubeide/plugins/com.st.stm32cube.ide.mcu.externaltools.gnu-tools-for-stm32.10.3-2021.10.win32_1.0.200.202301161003/tools/bin/../lib/gcc/arm-none-eabi/10.3.1/thumb/v7e-m+dp/hard\libgcc.a(_dvmd_tls.o)
 .ARM.attributes
                0x0000000000000abf       0x1e c:/st/stm32cubeide_1.11.2/stm32cubeide/plugins/com.st.stm32cube.ide.mcu.externaltools.gnu-tools-for-stm32.10.3-2021.10.win32_1.0.200.202301161003/tools/bin/../lib/gcc/arm-none-eabi/10.3.1/thumb/v7e-m+dp/hard/crtn.o
OUTPUT(stm32h747i-bootloader_CM7.elf elf32-littlearm)
LOAD linker stubs
LOAD c:/st/stm32cubeide_1.11.2/stm32cubeide/plugins/com.st.stm32cube.ide.mcu.externaltools.gnu-tools-for-stm32.10.3-2021.10.win32_1.0.200.202301161003/tools/bin/../lib/gcc/arm-none-eabi/10.3.1/../../../../arm-none-eabi/lib/thumb/v7e-m+dp/hard\libc.a
LOAD c:/st/stm32cubeide_1.11.2/stm32cubeide/plugins/com.st.stm32cube.ide.mcu.externaltools.gnu-tools-for-stm32.10.3-2021.10.win32_1.0.200.202301161003/tools/bin/../lib/gcc/arm-none-eabi/10.3.1/../../../../arm-none-eabi/lib/thumb/v7e-m+dp/hard\libm.a
LOAD c:/st/stm32cubeide_1.11.2/stm32cubeide/plugins/com.st.stm32cube.ide.mcu.externaltools.gnu-tools-for-stm32.10.3-2021.10.win32_1.0.200.202301161003/tools/bin/../lib/gcc/arm-none-eabi/10.3.1/thumb/v7e-m+dp/hard\libgcc.a

.debug_info     0x0000000000000000    0x20047
 .debug_info    0x0000000000000000      0xdca ./Common/Src/system_stm32h7xx_dualcore_boot_cm4_cm7.o
 .debug_info    0x0000000000000dca      0x27c ./Core/Src/flash.o
 .debug_info    0x0000000000001046      0x717 ./Core/Src/gpio.o
 .debug_info    0x000000000000175d     0x1e82 ./Core/Src/main.o
 .debug_info    0x00000000000035df     0x1228 ./Core/Src/mt25tl01g.o
 .debug_info    0x0000000000004807     0x1aad ./Core/Src/quadspi.o
 .debug_info    0x00000000000062b4      0xe1e ./Core/Src/sdmmc.o
 .debug_info    0x00000000000070d2      0x4a4 ./Core/Src/stm32h7xx_hal_msp.o
 .debug_info    0x0000000000007576      0x137 ./Core/Src/stm32h7xx_it.o
 .debug_info    0x00000000000076ad      0x171 ./Core/Src/sysmem.o
 .debug_info    0x000000000000781e     0x1118 ./Core/Src/usart.o
 .debug_info    0x0000000000008936       0x22 ./Core/Startup/startup_stm32h747xihx.o
 .debug_info    0x0000000000008958     0x182c ./Drivers/STM32H7xx_HAL_Driver/stm32h7xx_hal.o
 .debug_info    0x000000000000a184     0x1191 ./Drivers/STM32H7xx_HAL_Driver/stm32h7xx_hal_cortex.o
 .debug_info    0x000000000000b315      0x8f7 ./Drivers/STM32H7xx_HAL_Driver/stm32h7xx_hal_flash.o
 .debug_info    0x000000000000bc0c      0xe17 ./Drivers/STM32H7xx_HAL_Driver/stm32h7xx_hal_flash_ex.o
 .debug_info    0x000000000000ca23      0xde0 ./Drivers/STM32H7xx_HAL_Driver/stm32h7xx_hal_gpio.o
 .debug_info    0x000000000000d803      0x3fd ./Drivers/STM32H7xx_HAL_Driver/stm32h7xx_hal_hsem.o
 .debug_info    0x000000000000dc00      0xc89 ./Drivers/STM32H7xx_HAL_Driver/stm32h7xx_hal_mdma.o
 .debug_info    0x000000000000e889     0x12c2 ./Drivers/STM32H7xx_HAL_Driver/stm32h7xx_hal_pwr_ex.o
 .debug_info    0x000000000000fb4b     0x1392 ./Drivers/STM32H7xx_HAL_Driver/stm32h7xx_hal_qspi.o
 .debug_info    0x0000000000010edd      0xf48 ./Drivers/STM32H7xx_HAL_Driver/stm32h7xx_hal_rcc.o
 .debug_info    0x0000000000011e25     0x13c6 ./Drivers/STM32H7xx_HAL_Driver/stm32h7xx_hal_rcc_ex.o
 .debug_info    0x00000000000131eb     0x1b97 ./Drivers/STM32H7xx_HAL_Driver/stm32h7xx_hal_sd.o
 .debug_info    0x0000000000014d82     0x4dca ./Drivers/STM32H7xx_HAL_Driver/stm32h7xx_hal_uart.o
 .debug_info    0x0000000000019b4c     0x105a ./Drivers/STM32H7xx_HAL_Driver/stm32h7xx_hal_uart_ex.o
 .debug_info    0x000000000001aba6     0x1315 ./Drivers/STM32H7xx_HAL_Driver/stm32h7xx_ll_sdmmc.o
 .debug_info    0x000000000001bebb      0x520 ./FATFS/App/fatfs.o
 .debug_info    0x000000000001c3db      0x963 ./FATFS/Target/bsp_driver_sd.o
 .debug_info    0x000000000001cd3e      0x1f3 ./FATFS/Target/fatfs_platform.o
 .debug_info    0x000000000001cf31      0x504 ./FATFS/Target/sd_diskio.o
 .debug_info    0x000000000001d435      0x420 ./Middlewares/Third_Party/FatFs/diskio.o
 .debug_info    0x000000000001d855     0x2423 ./Middlewares/Third_Party/FatFs/ff.o
 .debug_info    0x000000000001fc78      0x3cf ./Middlewares/Third_Party/FatFs/ff_gen_drv.o

.debug_abbrev   0x0000000000000000     0x4286
 .debug_abbrev  0x0000000000000000      0x147 ./Common/Src/system_stm32h7xx_dualcore_boot_cm4_cm7.o
 .debug_abbrev  0x0000000000000147      0x139 ./Core/Src/flash.o
 .debug_abbrev  0x0000000000000280      0x17b ./Core/Src/gpio.o
 .debug_abbrev  0x00000000000003fb      0x3a2 ./Core/Src/main.o
 .debug_abbrev  0x000000000000079d      0x1c7 ./Core/Src/mt25tl01g.o
 .debug_abbrev  0x0000000000000964      0x2de ./Core/Src/quadspi.o
 .debug_abbrev  0x0000000000000c42      0x1fb ./Core/Src/sdmmc.o
 .debug_abbrev  0x0000000000000e3d       0xda ./Core/Src/stm32h7xx_hal_msp.o
 .debug_abbrev  0x0000000000000f17       0x74 ./Core/Src/stm32h7xx_it.o
 .debug_abbrev  0x0000000000000f8b       0xbb ./Core/Src/sysmem.o
 .debug_abbrev  0x0000000000001046      0x233 ./Core/Src/usart.o
 .debug_abbrev  0x0000000000001279       0x12 ./Core/Startup/startup_stm32h747xihx.o
 .debug_abbrev  0x000000000000128b      0x289 ./Drivers/STM32H7xx_HAL_Driver/stm32h7xx_hal.o
 .debug_abbrev  0x0000000000001514      0x329 ./Drivers/STM32H7xx_HAL_Driver/stm32h7xx_hal_cortex.o
 .debug_abbrev  0x000000000000183d      0x25f ./Drivers/STM32H7xx_HAL_Driver/stm32h7xx_hal_flash.o
 .debug_abbrev  0x0000000000001a9c      0x24f ./Drivers/STM32H7xx_HAL_Driver/stm32h7xx_hal_flash_ex.o
 .debug_abbrev  0x0000000000001ceb      0x1ec ./Drivers/STM32H7xx_HAL_Driver/stm32h7xx_hal_gpio.o
 .debug_abbrev  0x0000000000001ed7      0x1d0 ./Drivers/STM32H7xx_HAL_Driver/stm32h7xx_hal_hsem.o
 .debug_abbrev  0x00000000000020a7      0x1ea ./Drivers/STM32H7xx_HAL_Driver/stm32h7xx_hal_mdma.o
 .debug_abbrev  0x0000000000002291      0x2bc ./Drivers/STM32H7xx_HAL_Driver/stm32h7xx_hal_pwr_ex.o
 .debug_abbrev  0x000000000000254d      0x238 ./Drivers/STM32H7xx_HAL_Driver/stm32h7xx_hal_qspi.o
 .debug_abbrev  0x0000000000002785      0x2b8 ./Drivers/STM32H7xx_HAL_Driver/stm32h7xx_hal_rcc.o
 .debug_abbrev  0x0000000000002a3d      0x25c ./Drivers/STM32H7xx_HAL_Driver/stm32h7xx_hal_rcc_ex.o
 .debug_abbrev  0x0000000000002c99      0x25e ./Drivers/STM32H7xx_HAL_Driver/stm32h7xx_hal_sd.o