../Core/Src/quadspi.c:30:6:MX_QUADSPI_Init	8	static
../Core/Src/quadspi.c:58:6:HAL_QSPI_MspInit	264	static
../Core/Src/quadspi.c:153:6:HAL_QSPI_MspDeInit	16	static
../Core/Src/quadspi.c:213:9:QSPI_Init	24	static
../Core/Src/quadspi.c:294:9:QSPI_DeInit	24	static
../Core/Src/quadspi.c:354:9:QSPI_Read	40	static
../Core/Src/quadspi.c:393:9:QSPI_Write	56	static
../Core/Src/quadspi.c:463:9:QSPI_EraseBlock	32	static
../Core/Src/quadspi.c:502:9:QSPI_EraseChip	24	static
../Core/Src/quadspi.c:542:9:QSPI_EnableMemoryMappedMode	24	static
../Core/Src/quadspi.c:587:9:QSPI_DisableMemoryMappedMode	32	static
../Core/Src/quadspi.c:640:9:QSPI_ConfigFlash	24	static
../Core/Src/quadspi.c:717:16:QSPI_ResetMemory	24	static
../Core/Src/quadspi.c:760:16:QSPI_DummyCyclesCfg	80	static
../Core/Src/quadspi.c:822:9:CSP_QUADSPI_Init	16	static
../Core/Src/quadspi.c:843:9:CSP_QSPI_Erase_Chip	8	static
../Core/Src/quadspi.c:848:9:CSP_QSPI_WriteMemory	24	static
../Core/Src/quadspi.c:853:9:CSP_QSPI_EnableMemoryMappedMode	8	static
../Core/Src/quadspi.c:867:9:CSP_QSPI_EraseBlock	16	static
../Core/Src/quadspi.c:873:9:CSP_QSPI_Read	24	static
