../Core/Src/main.c:135:5:main	16	static
../Core/Src/main.c:208:13:MX_ADC1_Init	48	static
../Core/Src/main.c:276:13:MX_ADC3_Init	40	static
../Core/Src/main.c:334:13:MX_ETH_Init	8	static
../Core/Src/main.c:383:13:MX_HDMI_CEC_Init	8	static
../Core/Src/main.c:419:13:MX_QUADSPI_Init	8	static
../Core/Src/main.c:453:13:MX_RTC_Init	48	static
../Core/Src/main.c:507:13:MX_SAI1_Init	8	static
../Core/Src/main.c:576:13:MX_SDMMC1_SD_Init	8	static
../Core/Src/main.c:607:13:MX_SPDIFRX1_Init	8	static
../Core/Src/main.c:645:13:MX_SPI2_Init	8	static
../Core/Src/main.c:693:13:MX_SPI5_Init	8	static
../Core/Src/main.c:741:13:MX_TIM8_Init	96	static
../Core/Src/main.c:811:13:MX_TIM13_Init	24	static
../Core/Src/main.c:856:13:MX_UART8_Init	8	static
../Core/Src/main.c:904:6:MX_USART1_UART_Init	8	static
../Core/Src/main.c:952:13:MX_USB_OTG_HS_PCD_Init	8	static
../Core/Src/main.c:984:6:MX_FMC_Init	40	static
../Core/Src/main.c:1035:13:MX_GPIO_Init	56	static
../Core/Src/main.c:1065:6:Error_Handler	4	static,ignoring_inline_asm
