D:/UPWORK/WORKS/19. Custom Bootloader for STM32H7/2. Src/stm32h747i-bootloader/Drivers/STM32H7xx_HAL_Driver/Src/stm32h7xx_hal_rtc.c:226:19:HAL_RTC_Init	24	static
D:/UPWORK/WORKS/19. Custom Bootloader for STM32H7/2. Src/stm32h747i-bootloader/Drivers/STM32H7xx_HAL_Driver/Src/stm32h7xx_hal_rtc.c:361:19:HAL_RTC_DeInit	24	static
D:/UPWORK/WORKS/19. Custom Bootloader for STM32H7/2. Src/stm32h747i-bootloader/Drivers/STM32H7xx_HAL_Driver/Src/stm32h7xx_hal_rtc.c:761:13:HAL_RTC_MspInit	16	static
D:/UPWORK/WORKS/19. Custom Bootloader for STM32H7/2. Src/stm32h747i-bootloader/Drivers/STM32H7xx_HAL_Driver/Src/stm32h7xx_hal_rtc.c:776:13:HAL_RTC_MspDeInit	16	static
D:/UPWORK/WORKS/19. Custom Bootloader for STM32H7/2. Src/stm32h747i-bootloader/Drivers/STM32H7xx_HAL_Driver/Src/stm32h7xx_hal_rtc.c:814:19:HAL_RTC_SetTime	40	static
D:/UPWORK/WORKS/19. Custom Bootloader for STM32H7/2. Src/stm32h747i-bootloader/Drivers/STM32H7xx_HAL_Driver/Src/stm32h7xx_hal_rtc.c:923:19:HAL_RTC_GetTime	32	static
D:/UPWORK/WORKS/19. Custom Bootloader for STM32H7/2. Src/stm32h747i-bootloader/Drivers/STM32H7xx_HAL_Driver/Src/stm32h7xx_hal_rtc.c:967:19:HAL_RTC_SetDate	40	static
D:/UPWORK/WORKS/19. Custom Bootloader for STM32H7/2. Src/stm32h747i-bootloader/Drivers/STM32H7xx_HAL_Driver/Src/stm32h7xx_hal_rtc.c:1055:19:HAL_RTC_GetDate	32	static
D:/UPWORK/WORKS/19. Custom Bootloader for STM32H7/2. Src/stm32h747i-bootloader/Drivers/STM32H7xx_HAL_Driver/Src/stm32h7xx_hal_rtc.c:1109:19:HAL_RTC_SetAlarm	48	static
D:/UPWORK/WORKS/19. Custom Bootloader for STM32H7/2. Src/stm32h747i-bootloader/Drivers/STM32H7xx_HAL_Driver/Src/stm32h7xx_hal_rtc.c:1301:19:HAL_RTC_SetAlarm_IT	48	static
D:/UPWORK/WORKS/19. Custom Bootloader for STM32H7/2. Src/stm32h747i-bootloader/Drivers/STM32H7xx_HAL_Driver/Src/stm32h7xx_hal_rtc.c:1505:19:HAL_RTC_DeactivateAlarm	24	static
D:/UPWORK/WORKS/19. Custom Bootloader for STM32H7/2. Src/stm32h747i-bootloader/Drivers/STM32H7xx_HAL_Driver/Src/stm32h7xx_hal_rtc.c:1607:19:HAL_RTC_GetAlarm	32	static
D:/UPWORK/WORKS/19. Custom Bootloader for STM32H7/2. Src/stm32h747i-bootloader/Drivers/STM32H7xx_HAL_Driver/Src/stm32h7xx_hal_rtc.c:1668:6:HAL_RTC_AlarmIRQHandler	16	static
D:/UPWORK/WORKS/19. Custom Bootloader for STM32H7/2. Src/stm32h747i-bootloader/Drivers/STM32H7xx_HAL_Driver/Src/stm32h7xx_hal_rtc.c:1759:13:HAL_RTC_AlarmAEventCallback	16	static
D:/UPWORK/WORKS/19. Custom Bootloader for STM32H7/2. Src/stm32h747i-bootloader/Drivers/STM32H7xx_HAL_Driver/Src/stm32h7xx_hal_rtc.c:1775:19:HAL_RTC_PollForAlarmAEvent	24	static
D:/UPWORK/WORKS/19. Custom Bootloader for STM32H7/2. Src/stm32h747i-bootloader/Drivers/STM32H7xx_HAL_Driver/Src/stm32h7xx_hal_rtc.c:1834:19:HAL_RTC_WaitForSynchro	24	static
D:/UPWORK/WORKS/19. Custom Bootloader for STM32H7/2. Src/stm32h747i-bootloader/Drivers/STM32H7xx_HAL_Driver/Src/stm32h7xx_hal_rtc.c:1886:21:HAL_RTC_GetState	16	static
D:/UPWORK/WORKS/19. Custom Bootloader for STM32H7/2. Src/stm32h747i-bootloader/Drivers/STM32H7xx_HAL_Driver/Src/stm32h7xx_hal_rtc.c:1910:19:RTC_EnterInitMode	24	static
D:/UPWORK/WORKS/19. Custom Bootloader for STM32H7/2. Src/stm32h747i-bootloader/Drivers/STM32H7xx_HAL_Driver/Src/stm32h7xx_hal_rtc.c:1953:19:RTC_ExitInitMode	24	static
D:/UPWORK/WORKS/19. Custom Bootloader for STM32H7/2. Src/stm32h747i-bootloader/Drivers/STM32H7xx_HAL_Driver/Src/stm32h7xx_hal_rtc.c:1996:9:RTC_ByteToBcd2	24	static
D:/UPWORK/WORKS/19. Custom Bootloader for STM32H7/2. Src/stm32h747i-bootloader/Drivers/STM32H7xx_HAL_Driver/Src/stm32h7xx_hal_rtc.c:2015:9:RTC_Bcd2ToByte	24	static
