D:/UPWORK/WORKS/19. Custom Bootloader for STM32H7/2. Src/stm32h747i-bootloader/Drivers/STM32H7xx_HAL_Driver/Src/stm32h7xx_hal_spi.c:241:19:HAL_SPI_Init	24	static
D:/UPWORK/WORKS/19. Custom Bootloader for STM32H7/2. Src/stm32h747i-bootloader/Drivers/STM32H7xx_HAL_Driver/Src/stm32h7xx_hal_spi.c:479:19:HAL_SPI_DeInit	16	static
D:/UPWORK/WORKS/19. Custom Bootloader for STM32H7/2. Src/stm32h747i-bootloader/Drivers/STM32H7xx_HAL_Driver/Src/stm32h7xx_hal_spi.c:523:13:HAL_SPI_MspInit	16	static
D:/UPWORK/WORKS/19. Custom Bootloader for STM32H7/2. Src/stm32h747i-bootloader/Drivers/STM32H7xx_HAL_Driver/Src/stm32h7xx_hal_spi.c:539:13:HAL_SPI_MspDeInit	16	static
D:/UPWORK/WORKS/19. Custom Bootloader for STM32H7/2. Src/stm32h747i-bootloader/Drivers/STM32H7xx_HAL_Driver/Src/stm32h7xx_hal_spi.c:819:19:HAL_SPI_Transmit	48	static
D:/UPWORK/WORKS/19. Custom Bootloader for STM32H7/2. Src/stm32h747i-bootloader/Drivers/STM32H7xx_HAL_Driver/Src/stm32h7xx_hal_spi.c:1042:19:HAL_SPI_Receive	40	static
D:/UPWORK/WORKS/19. Custom Bootloader for STM32H7/2. Src/stm32h747i-bootloader/Drivers/STM32H7xx_HAL_Driver/Src/stm32h7xx_hal_spi.c:1243:19:HAL_SPI_TransmitReceive	56	static
D:/UPWORK/WORKS/19. Custom Bootloader for STM32H7/2. Src/stm32h747i-bootloader/Drivers/STM32H7xx_HAL_Driver/Src/stm32h7xx_hal_spi.c:1462:19:HAL_SPI_Transmit_IT	32	static
D:/UPWORK/WORKS/19. Custom Bootloader for STM32H7/2. Src/stm32h747i-bootloader/Drivers/STM32H7xx_HAL_Driver/Src/stm32h7xx_hal_spi.c:1550:19:HAL_SPI_Receive_IT	32	static
D:/UPWORK/WORKS/19. Custom Bootloader for STM32H7/2. Src/stm32h747i-bootloader/Drivers/STM32H7xx_HAL_Driver/Src/stm32h7xx_hal_spi.c:1644:19:HAL_SPI_TransmitReceive_IT	40	static
D:/UPWORK/WORKS/19. Custom Bootloader for STM32H7/2. Src/stm32h747i-bootloader/Drivers/STM32H7xx_HAL_Driver/Src/stm32h7xx_hal_spi.c:1969:19:HAL_SPI_Transmit_DMA	32	static
D:/UPWORK/WORKS/19. Custom Bootloader for STM32H7/2. Src/stm32h747i-bootloader/Drivers/STM32H7xx_HAL_Driver/Src/stm32h7xx_hal_spi.c:2121:19:HAL_SPI_Receive_DMA	32	static
D:/UPWORK/WORKS/19. Custom Bootloader for STM32H7/2. Src/stm32h747i-bootloader/Drivers/STM32H7xx_HAL_Driver/Src/stm32h7xx_hal_spi.c:2273:19:HAL_SPI_TransmitReceive_DMA	32	static
D:/UPWORK/WORKS/19. Custom Bootloader for STM32H7/2. Src/stm32h747i-bootloader/Drivers/STM32H7xx_HAL_Driver/Src/stm32h7xx_hal_spi.c:2460:19:HAL_SPI_Abort	24	static
D:/UPWORK/WORKS/19. Custom Bootloader for STM32H7/2. Src/stm32h747i-bootloader/Drivers/STM32H7xx_HAL_Driver/Src/stm32h7xx_hal_spi.c:2596:19:HAL_SPI_Abort_IT	32	static
D:/UPWORK/WORKS/19. Custom Bootloader for STM32H7/2. Src/stm32h747i-bootloader/Drivers/STM32H7xx_HAL_Driver/Src/stm32h7xx_hal_spi.c:2745:19:HAL_SPI_DMAPause	16	static
D:/UPWORK/WORKS/19. Custom Bootloader for STM32H7/2. Src/stm32h747i-bootloader/Drivers/STM32H7xx_HAL_Driver/Src/stm32h7xx_hal_spi.c:2760:19:HAL_SPI_DMAResume	16	static
D:/UPWORK/WORKS/19. Custom Bootloader for STM32H7/2. Src/stm32h747i-bootloader/Drivers/STM32H7xx_HAL_Driver/Src/stm32h7xx_hal_spi.c:2775:19:HAL_SPI_DMAStop	16	static
D:/UPWORK/WORKS/19. Custom Bootloader for STM32H7/2. Src/stm32h747i-bootloader/Drivers/STM32H7xx_HAL_Driver/Src/stm32h7xx_hal_spi.c:2789:6:HAL_SPI_IRQHandler	48	static
D:/UPWORK/WORKS/19. Custom Bootloader for STM32H7/2. Src/stm32h747i-bootloader/Drivers/STM32H7xx_HAL_Driver/Src/stm32h7xx_hal_spi.c:3043:13:HAL_SPI_TxCpltCallback	16	static
D:/UPWORK/WORKS/19. Custom Bootloader for STM32H7/2. Src/stm32h747i-bootloader/Drivers/STM32H7xx_HAL_Driver/Src/stm32h7xx_hal_spi.c:3059:13:HAL_SPI_RxCpltCallback	16	static
D:/UPWORK/WORKS/19. Custom Bootloader for STM32H7/2. Src/stm32h747i-bootloader/Drivers/STM32H7xx_HAL_Driver/Src/stm32h7xx_hal_spi.c:3075:13:HAL_SPI_TxRxCpltCallback	16	static
D:/UPWORK/WORKS/19. Custom Bootloader for STM32H7/2. Src/stm32h747i-bootloader/Drivers/STM32H7xx_HAL_Driver/Src/stm32h7xx_hal_spi.c:3091:13:HAL_SPI_TxHalfCpltCallback	16	static
D:/UPWORK/WORKS/19. Custom Bootloader for STM32H7/2. Src/stm32h747i-bootloader/Drivers/STM32H7xx_HAL_Driver/Src/stm32h7xx_hal_spi.c:3107:13:HAL_SPI_RxHalfCpltCallback	16	static
D:/UPWORK/WORKS/19. Custom Bootloader for STM32H7/2. Src/stm32h747i-bootloader/Drivers/STM32H7xx_HAL_Driver/Src/stm32h7xx_hal_spi.c:3123:13:HAL_SPI_TxRxHalfCpltCallback	16	static
D:/UPWORK/WORKS/19. Custom Bootloader for STM32H7/2. Src/stm32h747i-bootloader/Drivers/STM32H7xx_HAL_Driver/Src/stm32h7xx_hal_spi.c:3139:13:HAL_SPI_ErrorCallback	16	static
D:/UPWORK/WORKS/19. Custom Bootloader for STM32H7/2. Src/stm32h747i-bootloader/Drivers/STM32H7xx_HAL_Driver/Src/stm32h7xx_hal_spi.c:3157:13:HAL_SPI_AbortCpltCallback	16	static
D:/UPWORK/WORKS/19. Custom Bootloader for STM32H7/2. Src/stm32h747i-bootloader/Drivers/STM32H7xx_HAL_Driver/Src/stm32h7xx_hal_spi.c:3172:13:HAL_SPI_SuspendCallback	16	static
D:/UPWORK/WORKS/19. Custom Bootloader for STM32H7/2. Src/stm32h747i-bootloader/Drivers/STM32H7xx_HAL_Driver/Src/stm32h7xx_hal_spi.c:3207:22:HAL_SPI_GetState	16	static
D:/UPWORK/WORKS/19. Custom Bootloader for STM32H7/2. Src/stm32h747i-bootloader/Drivers/STM32H7xx_HAL_Driver/Src/stm32h7xx_hal_spi.c:3219:10:HAL_SPI_GetError	16	static
D:/UPWORK/WORKS/19. Custom Bootloader for STM32H7/2. Src/stm32h747i-bootloader/Drivers/STM32H7xx_HAL_Driver/Src/stm32h7xx_hal_spi.c:3244:13:SPI_DMATransmitCplt	24	static
D:/UPWORK/WORKS/19. Custom Bootloader for STM32H7/2. Src/stm32h747i-bootloader/Drivers/STM32H7xx_HAL_Driver/Src/stm32h7xx_hal_spi.c:3272:13:SPI_DMAReceiveCplt	24	static
D:/UPWORK/WORKS/19. Custom Bootloader for STM32H7/2. Src/stm32h747i-bootloader/Drivers/STM32H7xx_HAL_Driver/Src/stm32h7xx_hal_spi.c:3300:13:SPI_DMATransmitReceiveCplt	24	static
D:/UPWORK/WORKS/19. Custom Bootloader for STM32H7/2. Src/stm32h747i-bootloader/Drivers/STM32H7xx_HAL_Driver/Src/stm32h7xx_hal_spi.c:3328:13:SPI_DMAHalfTransmitCplt	24	static
D:/UPWORK/WORKS/19. Custom Bootloader for STM32H7/2. Src/stm32h747i-bootloader/Drivers/STM32H7xx_HAL_Driver/Src/stm32h7xx_hal_spi.c:3345:13:SPI_DMAHalfReceiveCplt	24	static
D:/UPWORK/WORKS/19. Custom Bootloader for STM32H7/2. Src/stm32h747i-bootloader/Drivers/STM32H7xx_HAL_Driver/Src/stm32h7xx_hal_spi.c:3362:13:SPI_DMAHalfTransmitReceiveCplt	24	static
D:/UPWORK/WORKS/19. Custom Bootloader for STM32H7/2. Src/stm32h747i-bootloader/Drivers/STM32H7xx_HAL_Driver/Src/stm32h7xx_hal_spi.c:3379:13:SPI_DMAError	24	static
D:/UPWORK/WORKS/19. Custom Bootloader for STM32H7/2. Src/stm32h747i-bootloader/Drivers/STM32H7xx_HAL_Driver/Src/stm32h7xx_hal_spi.c:3405:13:SPI_DMAAbortOnError	24	static
D:/UPWORK/WORKS/19. Custom Bootloader for STM32H7/2. Src/stm32h747i-bootloader/Drivers/STM32H7xx_HAL_Driver/Src/stm32h7xx_hal_spi.c:3429:13:SPI_DMATxAbortCallback	24	static
D:/UPWORK/WORKS/19. Custom Bootloader for STM32H7/2. Src/stm32h747i-bootloader/Drivers/STM32H7xx_HAL_Driver/Src/stm32h7xx_hal_spi.c:3466:13:SPI_DMARxAbortCallback	24	static
D:/UPWORK/WORKS/19. Custom Bootloader for STM32H7/2. Src/stm32h747i-bootloader/Drivers/STM32H7xx_HAL_Driver/Src/stm32h7xx_hal_spi.c:3501:13:SPI_RxISR_8BIT	16	static
D:/UPWORK/WORKS/19. Custom Bootloader for STM32H7/2. Src/stm32h747i-bootloader/Drivers/STM32H7xx_HAL_Driver/Src/stm32h7xx_hal_spi.c:3538:13:SPI_RxISR_16BIT	24	static
D:/UPWORK/WORKS/19. Custom Bootloader for STM32H7/2. Src/stm32h747i-bootloader/Drivers/STM32H7xx_HAL_Driver/Src/stm32h7xx_hal_spi.c:3581:13:SPI_RxISR_32BIT	16	static
D:/UPWORK/WORKS/19. Custom Bootloader for STM32H7/2. Src/stm32h747i-bootloader/Drivers/STM32H7xx_HAL_Driver/Src/stm32h7xx_hal_spi.c:3618:13:SPI_TxISR_8BIT	16	static
D:/UPWORK/WORKS/19. Custom Bootloader for STM32H7/2. Src/stm32h747i-bootloader/Drivers/STM32H7xx_HAL_Driver/Src/stm32h7xx_hal_spi.c:3654:13:SPI_TxISR_16BIT	24	static
D:/UPWORK/WORKS/19. Custom Bootloader for STM32H7/2. Src/stm32h747i-bootloader/Drivers/STM32H7xx_HAL_Driver/Src/stm32h7xx_hal_spi.c:3696:13:SPI_TxISR_32BIT	16	static
D:/UPWORK/WORKS/19. Custom Bootloader for STM32H7/2. Src/stm32h747i-bootloader/Drivers/STM32H7xx_HAL_Driver/Src/stm32h7xx_hal_spi.c:3732:13:SPI_AbortTransfer	16	static
D:/UPWORK/WORKS/19. Custom Bootloader for STM32H7/2. Src/stm32h747i-bootloader/Drivers/STM32H7xx_HAL_Driver/Src/stm32h7xx_hal_spi.c:3771:13:SPI_CloseTransfer	24	static
D:/UPWORK/WORKS/19. Custom Bootloader for STM32H7/2. Src/stm32h747i-bootloader/Drivers/STM32H7xx_HAL_Driver/Src/stm32h7xx_hal_spi.c:3848:26:SPI_WaitOnFlagUntilTimeout	24	static
D:/UPWORK/WORKS/19. Custom Bootloader for STM32H7/2. Src/stm32h747i-bootloader/Drivers/STM32H7xx_HAL_Driver/Src/stm32h7xx_hal_spi.c:3869:17:SPI_GetPacketSize	24	static
